---
source: src/ui/snapshot_tests.rs
expression: frame
---
Buffer {
    area: Rect { x: 0, y: 0, width: 160, height: 45 },
    content: [
        "┌ Dungeon ─────────────────────────────────────────────────────────────────────┐┌ The Expanse ─────────────────────────────────────────────────────────────────┐",
        "│Level 80 Legend                                              ⚡ Power Level: 0││                           Subzone 1/4: Void's Edge                           │", // hidden by multi-width symbols: [(63, " ")]
        "│⏱️ 2w 2d 16h 0m 0s                                                            ││                              [Boss in 10 kills]                              │", // hidden by multi-width symbols: [(2, " ")]
        "│                              XP: 0/71554 (0.0%)                              ││     The last solid ground before everything dissolves into possibility.      │",
        "│────────────────────────────────── Prestige ──────────────────────────────────││                                                                              │",
        "│🏆 Rank: 25 (Eternal) | 🔄 32                                                 ││ ████████████████████████████████Zone 11 / 11 ████████████████████████        │", // hidden by multi-width symbols: [(2, " "), (26, " ")]
        "│✦ Ascension III — ×8.0 power                                                  ││                                                                              │",
        "│⚡ XP: 5.76x +4.5 CHA → 10.26x                                                ││──────────────────────────────────────────────────────────────────────────────│", // hidden by multi-width symbols: [(2, " ")]
        "│🔓 +0.13x mult                                                                ││Small Dungeon | Rooms: 1/3 | [---]                                            │", // hidden by multi-width symbols: [(2, " ")]
        "│███████████████████       Lv 80/325 to Eternal (P26)                          ││                                                                              │",
        "│───────────────────────────────── Attributes ─────────────────────────────────││                                                                              │",
        "│███████████STR 100/145 (+45)           ███████████INT 100/145 (+45)           ││                                                                              │",
        "│███████████DEX 100/145 (+45)           ███████████WIS 100/145 (+45)           ││                                                                              │",
        "│███████████CON 100/145 (+45)           ███████████CHA 100/145 (+45)           ││                                                                              │",
        "└──────────────────────────────────────────────────────────────────────────────┘│                                                                              │",
        "┌ Equipment ⚡407 ─────────────────────────────────────────────────────────────┐│                                                                              │", // hidden by multi-width symbols: [(13, " ")]
        "│Weapon Greatsword of Haste                              Legendary T2 Z11 ⚡41 ││                                                                              │", // hidden by multi-width symbols: [(75, " ")]
        "│ Armor Scale Mail of Precision                               Epic T0 Z11 ⚡53 ││                             🚪──🧙──❓                                       │", // hidden by multi-width symbols: [(75, " "), (111, " "), (113, " "), (115, " "), (117, " "), (119, " ")]
        "│Helmet Thorned Coif                                          Epic T0 Z11 ⚡72 ││                                                                              │", // hidden by multi-width symbols: [(75, " ")]
        "│Gloves Gauntlets of Renewal                                  Epic T3 Z11 ⚡33 ││                                                                              │", // hidden by multi-width symbols: [(75, " ")]
        "│ Boots Boots of Learning                                     Epic T2 Z11 ⚡51 ││                                                                              │", // hidden by multi-width symbols: [(75, " ")]
        "│Amulet Talisman of Learning                                  Epic T0 Z11 ⚡57 ││                                                                              │", // hidden by multi-width symbols: [(75, " ")]
        "│  Ring Megingjord                                             God T9 Z10 ⚡100││                                                                              │", // hidden by multi-width symbols: [(75, " ")]
        "│──────────────────────────── ᚱ Storm Sigils (2/3) ────────────────────────────││                                                                              │",
        "│📖▀Wisdom▀▀▀▀▀▀─────────────────────────────────────────────────────▀+15.0%▀A▀││                                                                              │", // hidden by multi-width symbols: [(2, " ")]
        "│🔥▀Fury▀▀▀▀▀▀▀▀─────────────────────────────────────────────────────▀▀+8.0%▀C▀││                                                                              │", // hidden by multi-width symbols: [(2, " ")]
        "│·▀empty▀▀▀▀▀▀▀▀▀▀▀▀▀▀▀▀▀▀▀▀▀▀▀▀▀▀▀▀▀▀▀▀▀▀▀▀▀▀▀▀▀▀▀▀▀▀▀▀▀▀▀▀▀▀·▀▀▀▀▀▀▀▀▀▀▀▀▀▀▀▀││                                                                              │",
        "│🔒▀locked▀▀▀▀▀▀▀▀▀▀▀▀▀▀▀▀▀▀▀▀▀▀▀▀▀▀▀▀▀▀▀▀▀▀▀▀▀▀▀▀▀▀▀▀▀▀▀▀▀▀▀▀▀▀▀▀▀▀▀▀▀▀▀▀▀▀▀▀▀││                                                                              │", // hidden by multi-width symbols: [(2, " ")]
        "│🔒▀locked▀▀▀▀▀▀▀▀▀▀▀▀▀▀▀▀▀▀▀▀▀▀▀▀▀▀▀▀▀·▀▀▀▀▀▀▀▀▀▀▀▀▀▀▀▀▀▀▀▀▀▀▀▀▀▀▀▀▀▀▀▀▀▀▀▀▀▀▀││                                                                              │", // hidden by multi-width symbols: [(2, " ")]
        "└──────────────────────────────────────────────────────────────────────────────┘│                                                                              │",
        "                                                                                │                                                                              │",
        "                                                                                │                                                                              │",
        "                                                                                │                                                                              │",
        "                                                                                │                                                                              │",
        "                                                                                │                                                                              │",
        "                                                                                │                                                                              │",
        "                                                                                │──────────────────────────────────────────────────────────────────────────────│",
        "                                                                                │██████████HP:850/850 █████████ You:1.5s ─────────────── Rm 1/3                │",
        "                                                                                │        ⠙ Exploring...         Foe:--- ────────────────                       │",
        "                                                                                └──────────────────────────────────────────────────────────────────────────────┘",
        "💎25,000 SG │ Awaiting adventure...                                                                                                                             ", // hidden by multi-width symbols: [(1, " ")]
        "┌ 0000000 ─────────────────────────────────────────────────────────────────────────────────────────────────────────────────────────────────────────────────────┐",
        "│[Esc] Quit                                       [P] Prestige (Need Lv.325)    [G] Stormglass Exchange    ⠙ Checking...                                       │",
        "│                                                        [A] Achievements    [T] Time Vault    [W] Wiki    [!] Bug                                             │",
        "└──────────────────────────────────────────────────────────────────────────────────────────────────────────────────────────────────────────────────────────────┘",
    ],
    styles: [
        x: 0, y: 0, fg: Reset, bg: Reset, underline: Reset, modifier: NONE,
        x: 80, y: 0, fg: White, bg: Reset, underline: Reset, modifier: NONE,
        x: 81, y: 0, fg: White, bg: Reset, underline: Reset, modifier: BOLD,
        x: 94, y: 0, fg: White, bg: Reset, underline: Reset, modifier: NONE,
        x: 0, y: 1, fg: Reset, bg: Reset, underline: Reset, modifier: NONE,
        x: 1, y: 1, fg: Cyan, bg: Reset, underline: Reset, modifier: BOLD,
        x: 16, y: 1, fg: Reset, bg: Reset, underline: Reset, modifier: NONE,
        x: 62, y: 1, fg: Yellow, bg: Reset, underline: Reset, modifier: BOLD,
        x: 63, y: 1, fg: Reset, bg: Reset, underline: Reset, modifier: NONE,
        x: 64, y: 1, fg: Yellow, bg: Reset, underline: Reset, modifier: BOLD,
        x: 79, y: 1, fg: Reset, bg: Reset, underline: Reset, modifier: NONE,
        x: 80, y: 1, fg: White, bg: Reset, underline: Reset, modifier: NONE,
        x: 81, y: 1, fg: Reset, bg: Rgb(14, 3, 17), underline: Reset, modifier: NONE,
        x: 90, y: 1, fg: Reset, bg: Rgb(13, 3, 17), underline: Reset, modifier: NONE,
        x: 94, y: 1, fg: Reset, bg: Rgb(13, 2, 16), underline: Reset, modifier: NONE,
        x: 98, y: 1, fg: Reset, bg: Rgb(12, 2, 16), underline: Reset, modifier: NONE,
        x: 108, y: 1, fg: White, bg: Rgb(12, 2, 16), underline: Reset, modifier: NONE,
        x: 114, y: 1, fg: White, bg: Rgb(13, 2, 16), underline: Reset, modifier: NONE,
        x: 116, y: 1, fg: White, bg: Rgb(13, 3, 17), underline: Reset, modifier: NONE,
        x: 118, y: 1, fg: White, bg: Rgb(14, 3, 17), underline: Reset, modifier: NONE,
        x: 122, y: 1, fg: White, bg: Rgb(14, 4, 18), underline: Reset, modifier: NONE,
        x: 124, y: 1, fg: White, bg: Rgb(15, 4, 18), underline: Reset, modifier: NONE,
        x: 129, y: 1, fg: White, bg: Rgb(15, 5, 19), underline: Reset, modifier: NONE,
        x: 132, y: 1, fg: Reset, bg: Rgb(15, 5, 19), underline: Reset, modifier: NONE,
        x: 133, y: 1, fg: Reset, bg: Rgb(16, 5, 19), underline: Reset, modifier: NONE,
        x: 136, y: 1, fg: Reset, bg: Rgb(15, 5, 19), underline: Reset, modifier: NONE,
        x: 141, y: 1, fg: Reset, bg: Rgb(15, 4, 18), underline: Reset, modifier: NONE,
        x: 146, y: 1, fg: Reset, bg: Rgb(14, 4, 18), underline: Reset, modifier: NONE,
        x: 148, y: 1, fg: Reset, bg: Rgb(14, 3, 17), underline: Reset, modifier: NONE,
        x: 152, y: 1, fg: Reset, bg: Rgb(13, 3, 17), underline: Reset, modifier: NONE,
        x: 154, y: 1, fg: Reset, bg: Rgb(13, 2, 16), underline: Reset, modifier: NONE,
        x: 158, y: 1, fg: Reset, bg: Rgb(12, 2, 16), underline: Reset, modifier: NONE,
        x: 159, y: 1, fg: White, bg: Reset, underline: Reset, modifier: NONE,
        x: 0, y: 2, fg: Reset, bg: Reset, underline: Reset, modifier: NONE,
        x: 1, y: 2, fg: Cyan, bg: Reset, underline: Reset, modifier: NONE,
        x: 2, y: 2, fg: Reset, bg: Reset, underline: Reset, modifier: NONE,
        x: 3, y: 2, fg: Cyan, bg: Reset, underline: Reset, modifier: NONE,
        x: 19, y: 2, fg: Reset, bg: Reset, underline: Reset, modifier: NONE,
        x: 80, y: 2, fg: White, bg: Reset, underline: Reset, modifier: NONE,
        x: 81, y: 2, fg: Reset, bg: Rgb(11, 2, 14), underline: Reset, modifier: NONE,
        x: 90, y: 2, fg: Reset, bg: Rgb(10, 2, 13), underline: Reset, modifier: NONE,
        x: 97, y: 2, fg: Reset, bg: Rgb(10, 1, 12), underline: Reset, modifier: NONE,
        x: 102, y: 2, fg: Reset, bg: Rgb(9, 1, 12), underline: Reset, modifier: NONE,
        x: 108, y: 2, fg: Reset, bg: Rgb(10, 1, 12), underline: Reset, modifier: NONE,
        x: 111, y: 2, fg: DarkGray, bg: Rgb(10, 1, 12), underline: Reset, modifier: NONE,
        x: 112, y: 2, fg: DarkGray, bg: Rgb(10, 2, 13), underline: Reset, modifier: NONE,
        x: 117, y: 2, fg: DarkGray, bg: Rgb(11, 2, 14), underline: Reset, modifier: NONE,
        x: 119, y: 2, fg: DarkGray, bg: Rgb(11, 3, 14), underline: Reset, modifier: NONE,
        x: 123, y: 2, fg: DarkGray, bg: Rgb(12, 3, 15), underline: Reset, modifier: NONE,
        x: 125, y: 2, fg: DarkGray, bg: Rgb(12, 4, 15), underline: Reset, modifier: NONE,
        x: 129, y: 2, fg: Reset, bg: Rgb(12, 4, 15), underline: Reset, modifier: NONE,
        x: 132, y: 2, fg: Reset, bg: Rgb(13, 4, 16), underline: Reset, modifier: NONE,
        x: 135, y: 2, fg: Reset, bg: Rgb(12, 4, 15), underline: Reset, modifier: NONE,
        x: 142, y: 2, fg: Reset, bg: Rgb(12, 3, 15), underline: Reset, modifier: NONE,
        x: 144, y: 2, fg: Reset, bg: Rgb(11, 3, 14), underline: Reset, modifier: NONE,
        x: 148, y: 2, fg: Reset, bg: Rgb(11, 2, 14), underline: Reset, modifier: NONE,
        x: 150, y: 2, fg: Reset, bg: Rgb(10, 2, 13), underline: Reset, modifier: NONE,
        x: 156, y: 2, fg: Reset, bg: Rgb(10, 1, 12), underline: Reset, modifier: NONE,
        x: 159, y: 2, fg: White, bg: Reset, underline: Reset, modifier: NONE,
        x: 0, y: 3, fg: Reset, bg: Reset, underline: Reset, modifier: NONE,
        x: 1, y: 3, fg: Yellow, bg: Rgb(30, 28, 8), underline: Reset, modifier: BOLD,
        x: 79, y: 3, fg: Reset, bg: Reset, underline: Reset, modifier: NONE,
        x: 80, y: 3, fg: White, bg: Reset, underline: Reset, modifier: NONE,
        x: 81, y: 3, fg: Reset, bg: Rgb(8, 2, 11), underline: Reset, modifier: NONE,
        x: 86, y: 3, fg: Rgb(85, 80, 110), bg: Rgb(8, 2, 11), underline: Reset, modifier: NONE,
        x: 89, y: 3, fg: Rgb(85, 80, 110), bg: Rgb(8, 1, 11), underline: Reset, modifier: NONE,
        x: 94, y: 3, fg: Rgb(85, 80, 110), bg: Rgb(8, 1, 10), underline: Reset, modifier: NONE,
        x: 98, y: 3, fg: Rgb(85, 80, 110), bg: Rgb(7, 1, 10), underline: Reset, modifier: NONE,
        x: 111, y: 3, fg: Rgb(85, 80, 110), bg: Rgb(8, 1, 10), underline: Reset, modifier: NONE,
        x: 113, y: 3, fg: Rgb(85, 80, 110), bg: Rgb(8, 1, 11), underline: Reset, modifier: NONE,
        x: 116, y: 3, fg: Rgb(85, 80, 110), bg: Rgb(8, 2, 11), underline: Reset, modifier: NONE,
        x: 118, y: 3, fg: Rgb(85, 80, 110), bg: Rgb(9, 2, 11), underline: Reset, modifier: NONE,
        x: 120, y: 3, fg: Rgb(85, 80, 110), bg: Rgb(9, 2, 12), underline: Reset, modifier: NONE,
        x: 122, y: 3, fg: Rgb(85, 80, 110), bg: Rgb(9, 3, 12), underline: Reset, modifier: NONE,
        x: 124, y: 3, fg: Rgb(85, 80, 110), bg: Rgb(10, 3, 12), underline: Reset, modifier: NONE,
        x: 126, y: 3, fg: Rgb(85, 80, 110), bg: Rgb(10, 3, 13), underline: Reset, modifier: NONE,
        x: 131, y: 3, fg: Rgb(85, 80, 110), bg: Rgb(10, 4, 13), underline: Reset, modifier: NONE,
        x: 134, y: 3, fg: Rgb(85, 80, 110), bg: Rgb(10, 3, 13), underline: Reset, modifier: NONE,
        x: 139, y: 3, fg: Rgb(85, 80, 110), bg: Rgb(10, 3, 12), underline: Reset, modifier: NONE,
        x: 141, y: 3, fg: Rgb(85, 80, 110), bg: Rgb(9, 3, 12), underline: Reset, modifier: NONE,
        x: 143, y: 3, fg: Rgb(85, 80, 110), bg: Rgb(9, 2, 12), underline: Reset, modifier: NONE,
        x: 145, y: 3, fg: Rgb(85, 80, 110), bg: Rgb(9, 2, 11), underline: Reset, modifier: NONE,
        x: 147, y: 3, fg: Rgb(85, 80, 110), bg: Rgb(8, 2, 11), underline: Reset, modifier: NONE,
        x: 149, y: 3, fg: Rgb(85, 80, 110), bg: Rgb(8, 1, 11), underline: Reset, modifier: NONE,
        x: 151, y: 3, fg: Rgb(85, 80, 110), bg: Rgb(8, 1, 10), underline: Reset, modifier: NONE,
        x: 153, y: 3, fg: Reset, bg: Rgb(8, 1, 10), underline: Reset, modifier: NONE,
        x: 154, y: 3, fg: Reset, bg: Rgb(7, 1, 10), underline: Reset, modifier: NONE,
        x: 158, y: 3, fg: Reset, bg: Rgb(7, 0, 10), underline: Reset, modifier: NONE,
        x: 159, y: 3, fg: White, bg: Reset, underline: Reset, modifier: NONE,
        x: 0, y: 4, fg: Reset, bg: Reset, underline: Reset, modifier: NONE,
        x: 1, y: 4, fg: DarkGray, bg: Reset, underline: Reset, modifier: NONE,
        x: 35, y: 4, fg: DarkGray, bg: Reset, underline: Reset, modifier: BOLD,
        x: 45, y: 4, fg: DarkGray, bg: Reset, underline: Reset, modifier: NONE,
        x: 79, y: 4, fg: Reset, bg: Reset, underline: Reset, modifier: NONE,
        x: 80, y: 4, fg: White, bg: Reset, underline: Reset, modifier: NONE,
        x: 81, y: 4, fg: Reset, bg: Rgb(6, 1, 8), underline: Reset, modifier: NONE,
        x: 94, y: 4, fg: Reset, bg: Rgb(5, 1, 8), underline: Reset, modifier: NONE,
        x: 98, y: 4, fg: Reset, bg: Rgb(5, 0, 7), underline: Reset, modifier: NONE,
        x: 109, y: 4, fg: Reset, bg: Rgb(5, 1, 8), underline: Reset, modifier: NONE,
        x: 112, y: 4, fg: Reset, bg: Rgb(6, 1, 8), underline: Reset, modifier: NONE,
        x: 116, y: 4, fg: Reset, bg: Rgb(7, 2, 9), underline: Reset, modifier: NONE,
        x: 123, y: 4, fg: Reset, bg: Rgb(8, 3, 10), underline: Reset, modifier: NONE,
        x: 140, y: 4, fg: Reset, bg: Rgb(7, 2, 9), underline: Reset, modifier: NONE,
        x: 146, y: 4, fg: Reset, bg: Rgb(6, 1, 8), underline: Reset, modifier: NONE,
        x: 150, y: 4, fg: Reset, bg: Rgb(5, 1, 8), underline: Reset, modifier: NONE,
        x: 152, y: 4, fg: Reset, bg: Rgb(5, 0, 7), underline: Reset, modifier: NONE,
        x: 159, y: 4, fg: White, bg: Reset, underline: Reset, modifier: NONE,
        x: 0, y: 5, fg: Reset, bg: Reset, underline: Reset, modifier: NONE,
        x: 1, y: 5, fg: Reset, bg: Reset, underline: Reset, modifier: BOLD,
        x: 2, y: 5, fg: Reset, bg: Reset, underline: Reset, modifier: NONE,
        x: 3, y: 5, fg: Reset, bg: Reset, underline: Reset, modifier: BOLD,
        x: 10, y: 5, fg: Yellow, bg: Reset, underline: Reset, modifier: NONE,
        x: 22, y: 5, fg: DarkGray, bg: Reset, underline: Reset, modifier: NONE,
        x: 25, y: 5, fg: Reset, bg: Reset, underline: Reset, modifier: NONE,
        x: 28, y: 5, fg: Magenta, bg: Reset, underline: Reset, modifier: NONE,
        x: 30, y: 5, fg: Reset, bg: Reset, underline: Reset, modifier: NONE,
        x: 80, y: 5, fg: White, bg: Reset, underline: Reset, modifier: NONE,
        x: 81, y: 5, fg: Reset, bg: Rgb(4, 1, 6), underline: Reset, modifier: NONE,
        x: 82, y: 5, fg: Green, bg: Rgb(30, 30, 30), underline: Reset, modifier: NONE,
        x: 114, y: 5, fg: Rgb(30, 30, 30), bg: Green, underline: Reset, modifier: NONE,
        x: 127, y: 5, fg: Green, bg: Rgb(30, 30, 30), underline: Reset, modifier: NONE,
        x: 158, y: 5, fg: Reset, bg: Rgb(3, 0, 5), underline: Reset, modifier: NONE,
        x: 159, y: 5, fg: White, bg: Reset, underline: Reset, modifier: NONE,
        x: 0, y: 6, fg: Reset, bg: Reset, underline: Reset, modifier: NONE,
        x: 1, y: 6, fg: Rgb(255, 215, 0), bg: Reset, underline: Reset, modifier: BOLD,
        x: 17, y: 6, fg: DarkGray, bg: Reset, underline: Reset, modifier: NONE,
        x: 19, y: 6, fg: Rgb(255, 215, 0), bg: Reset, underline: Reset, modifier: NONE,
        x: 29, y: 6, fg: Reset, bg: Reset, underline: Reset, modifier: NONE,
        x: 80, y: 6, fg: White, bg: Reset, underline: Reset, modifier: NONE,
        x: 81, y: 6, fg: Reset, bg: Rgb(2, 0, 4), underline: Reset, modifier: NONE,
        x: 89, y: 6, fg: Reset, bg: Rgb(2, 0, 3), underline: Reset, modifier: NONE,
        x: 112, y: 6, fg: Reset, bg: Rgb(2, 0, 4), underline: Reset, modifier: NONE,
        x: 114, y: 6, fg: Reset, bg: Rgb(3, 1, 4), underline: Reset, modifier: NONE,
        x: 118, y: 6, fg: Reset, bg: Rgb(3, 1, 5), underline: Reset, modifier: NONE,
        x: 121, y: 6, fg: Reset, bg: Rgb(4, 2, 5), underline: Reset, modifier: NONE,
        x: 137, y: 6, fg: Reset, bg: Rgb(3, 1, 5), underline: Reset, modifier: NONE,
        x: 140, y: 6, fg: Reset, bg: Rgb(3, 1, 4), underline: Reset, modifier: NONE,
        x: 143, y: 6, fg: Reset, bg: Rgb(2, 0, 4), underline: Reset, modifier: NONE,
        x: 145, y: 6, fg: Reset, bg: Rgb(2, 0, 3), underline: Reset, modifier: NONE,
        x: 149, y: 6, fg: Reset, bg: Rgb(1, 0, 3), underline: Reset, modifier: NONE,
        x: 152, y: 6, fg: Reset, bg: Rgb(1, 0, 2), underline: Reset, modifier: NONE,
        x: 159, y: 6, fg: White, bg: Reset, underline: Reset, modifier: NONE,
        x: 0, y: 7, fg: Reset, bg: Reset, underline: Reset, modifier: NONE,
        x: 1, y: 7, fg: Reset, bg: Reset, underline: Reset, modifier: BOLD,
        x: 2, y: 7, fg: Reset, bg: Reset, underline: Reset, modifier: NONE,
        x: 3, y: 7, fg: Reset, bg: Reset, underline: Reset, modifier: BOLD,
        x: 8, y: 7, fg: Cyan, bg: Reset, underline: Reset, modifier: NONE,
        x: 13, y: 7, fg: Yellow, bg: Reset, underline: Reset, modifier: NONE,
        x: 22, y: 7, fg: DarkGray, bg: Reset, underline: Reset, modifier: NONE,
        x: 25, y: 7, fg: Green, bg: Reset, underline: Reset, modifier: BOLD,
        x: 31, y: 7, fg: Reset, bg: Reset, underline: Reset, modifier: NONE,
        x: 80, y: 7, fg: White, bg: Reset, underline: Reset, modifier: NONE,
        x: 0, y: 8, fg: Reset, bg: Reset, underline: Reset, modifier: NONE,
        x: 1, y: 8, fg: DarkGray, bg: Reset, underline: Reset, modifier: NONE,
        x: 2, y: 8, fg: Reset, bg: Reset, underline: Reset, modifier: NONE,
        x: 3, y: 8, fg: DarkGray, bg: Reset, underline: Reset, modifier: NONE,
        x: 15, y: 8, fg: Reset, bg: Reset, underline: Reset, modifier: NONE,
        x: 80, y: 8, fg: White, bg: Reset, underline: Reset, modifier: NONE,
        x: 110, y: 8, fg: DarkGray, bg: Reset, underline: Reset, modifier: NONE,
        x: 115, y: 8, fg: Reset, bg: Reset, underline: Reset, modifier: NONE,
        x: 159, y: 8, fg: White, bg: Reset, underline: Reset, modifier: NONE,
        x: 0, y: 9, fg: Reset, bg: Reset, underline: Reset, modifier: NONE,
        x: 1, y: 9, fg: Rgb(180, 100, 255), bg: Rgb(20, 10, 30), underline: Reset, modifier: BOLD,
        x: 79, y: 9, fg: Reset, bg: Reset, underline: Reset, modifier: NONE,
        x: 80, y: 9, fg: White, bg: Reset, underline: Reset, modifier: NONE,
        x: 81, y: 9, fg: Reset, bg: Reset, underline: Reset, modifier: NONE,
        x: 159, y: 9, fg: White, bg: Reset, underline: Reset, modifier: NONE,
        x: 0, y: 10, fg: Reset, bg: Reset, underline: Reset, modifier: NONE,
        x: 1, y: 10, fg: DarkGray, bg: Reset, underline: Reset, modifier: NONE,
        x: 34, y: 10, fg: DarkGray, bg: Reset, underline: Reset, modifier: BOLD,
        x: 46, y: 10, fg: DarkGray, bg: Reset, underline: Reset, modifier: NONE,
        x: 79, y: 10, fg: Reset, bg: Reset, underline: Reset, modifier: NONE,
        x: 80, y: 10, fg: White, bg: Reset, underline: Reset, modifier: NONE,
        x: 81, y: 10, fg: Reset, bg: Reset, underline: Reset, modifier: NONE,
        x: 159, y: 10, fg: White, bg: Reset, underline: Reset, modifier: NONE,
        x: 0, y: 11, fg: Reset, bg: Reset, underline: Reset, modifier: NONE,
        x: 1, y: 11, fg: Red, bg: Rgb(28, 8, 8), underline: Reset, modifier: BOLD,
        x: 12, y: 11, fg: Rgb(28, 8, 8), bg: Red, underline: Reset, modifier: BOLD,
        x: 28, y: 11, fg: Red, bg: Rgb(28, 8, 8), underline: Reset, modifier: BOLD,
        x: 40, y: 11, fg: Blue, bg: Rgb(8, 8, 28), underline: Reset, modifier: BOLD,
        x: 51, y: 11, fg: Rgb(8, 8, 28), bg: Blue, underline: Reset, modifier: BOLD,
        x: 67, y: 11, fg: Blue, bg: Rgb(8, 8, 28), underline: Reset, modifier: BOLD,
        x: 79, y: 11, fg: Reset, bg: Reset, underline: Reset, modifier: NONE,
        x: 80, y: 11, fg: White, bg: Reset, underline: Reset, modifier: NONE,
        x: 81, y: 11, fg: Reset, bg: Reset, underline: Reset, modifier: NONE,
        x: 159, y: 11, fg: White, bg: Reset, underline: Reset, modifier: NONE,
        x: 0, y: 12, fg: Reset, bg: Reset, underline: Reset, modifier: NONE,
        x: 1, y: 12, fg: Green, bg: Rgb(8, 28, 8), underline: Reset, modifier: BOLD,
        x: 12, y: 12, fg: Rgb(8, 28, 8), bg: Green, underline: Reset, modifier: BOLD,
        x: 28, y: 12, fg: Green, bg: Rgb(8, 28, 8), underline: Reset, modifier: BOLD,
        x: 40, y: 12, fg: Cyan, bg: Rgb(8, 28, 28), underline: Reset, modifier: BOLD,
        x: 51, y: 12, fg: Rgb(8, 28, 28), bg: Cyan, underline: Reset, modifier: BOLD,
        x: 67, y: 12, fg: Cyan, bg: Rgb(8, 28, 28), underline: Reset, modifier: BOLD,
        x: 79, y: 12, fg: Reset, bg: Reset, underline: Reset, modifier: NONE,
        x: 80, y: 12, fg: White, bg: Reset, underline: Reset, modifier: NONE,
        x: 81, y: 12, fg: Reset, bg: Reset, underline: Reset, modifier: NONE,
        x: 159, y: 12, fg: White, bg: Reset, underline: Reset, modifier: NONE,
        x: 0, y: 13, fg: Reset, bg: Reset, underline: Reset, modifier: NONE,
        x: 1, y: 13, fg: Magenta, bg: Rgb(28, 8, 28), underline: Reset, modifier: BOLD,
        x: 12, y: 13, fg: Rgb(28, 8, 28), bg: Magenta, underline: Reset, modifier: BOLD,
        x: 28, y: 13, fg: Magenta, bg: Rgb(28, 8, 28), underline: Reset, modifier: BOLD,
        x: 40, y: 13, fg: Yellow, bg: Rgb(28, 28, 8), underline: Reset, modifier: BOLD,
        x: 51, y: 13, fg: Rgb(28, 28, 8), bg: Yellow, underline: Reset, modifier: BOLD,
        x: 67, y: 13, fg: Yellow, bg: Rgb(28, 28, 8), underline: Reset, modifier: BOLD,
        x: 79, y: 13, fg: Reset, bg: Reset, underline: Reset, modifier: NONE,
        x: 80, y: 13, fg: White, bg: Reset, underline: Reset, modifier: NONE,
        x: 81, y: 13, fg: Reset, bg: Reset, underline: Reset, modifier: NONE,
        x: 159, y: 13, fg: White, bg: Reset, underline: Reset, modifier: NONE,
        x: 0, y: 14, fg: Reset, bg: Reset, underline: Reset, modifier: NONE,
        x: 80, y: 14, fg: White, bg: Reset, underline: Reset, modifier: NONE,
        x: 81, y: 14, fg: Reset, bg: Reset, underline: Reset, modifier: NONE,
        x: 159, y: 14, fg: White, bg: Reset, underline: Reset, modifier: NONE,
        x: 0, y: 15, fg: Reset, bg: Reset, underline: Reset, modifier: NONE,
        x: 80, y: 15, fg: White, bg: Reset, underline: Reset, modifier: NONE,
        x: 81, y: 15, fg: Reset, bg: Reset, underline: Reset, modifier: NONE,
        x: 159, y: 15, fg: White, bg: Reset, underline: Reset, modifier: NONE,
        x: 0, y: 16, fg: Reset, bg: Reset, underline: Reset, modifier: NONE,
        x: 1, y: 16, fg: Reset, bg: Reset, underline: Reset, modifier: BOLD,
        x: 7, y: 16, fg: Reset, bg: Reset, underline: Reset, modifier: NONE,
        x: 8, y: 16, fg: LightRed, bg: Reset, underline: Reset, modifier: NONE,
        x: 27, y: 16, fg: Reset, bg: Reset, underline: Reset, modifier: NONE,
        x: 57, y: 16, fg: LightRed, bg: Reset, underline: Reset, modifier: NONE,
        x: 66, y: 16, fg: Reset, bg: Reset, underline: Reset, modifier: NONE,
        x: 67, y: 16, fg: Rgb(0, 180, 170), bg: Reset, underline: Reset, modifier: NONE,
        x: 69, y: 16, fg: Reset, bg: Reset, underline: Reset, modifier: NONE,
        x: 70, y: 16, fg: DarkGray, bg: Reset, underline: Reset, modifier: NONE,
        x: 73, y: 16, fg: Reset, bg: Reset, underline: Reset, modifier: NONE,
        x: 74, y: 16, fg: Cyan, bg: Reset, underline: Reset, modifier: NONE,
        x: 75, y: 16, fg: Reset, bg: Reset, underline: Reset, modifier: NONE,
        x: 76, y: 16, fg: Cyan, bg: Reset, underline: Reset, modifier: NONE,
        x: 78, y: 16, fg: Reset, bg: Reset, underline: Reset, modifier: NONE,
        x: 80, y: 16, fg: White, bg: Reset, underline: Reset, modifier: NONE,
        x: 81, y: 16, fg: Reset, bg: Reset, underline: Reset, modifier: NONE,
        x: 159, y: 16, fg: White, bg: Reset, underline: Reset, modifier: NONE,
        x: 0, y: 17, fg: Reset, bg: Reset, underline: Reset, modifier: NONE,
        x: 1, y: 17, fg: Reset, bg: Reset, underline: Reset, modifier: BOLD,
        x: 7, y: 17, fg: Reset, bg: Reset, underline: Reset, modifier: NONE,
        x: 8, y: 17, fg: Magenta, bg: Reset, underline: Reset, modifier: NONE,
        x: 31, y: 17, fg: Reset, bg: Reset, underline: Reset, modifier: NONE,
        x: 57, y: 17, fg: Magenta, bg: Reset, underline: Reset, modifier: NONE,
        x: 66, y: 17, fg: Reset, bg: Reset, underline: Reset, modifier: NONE,
        x: 67, y: 17, fg: Gray, bg: Reset, underline: Reset, modifier: NONE,
        x: 69, y: 17, fg: Reset, bg: Reset, underline: Reset, modifier: NONE,
        x: 70, y: 17, fg: DarkGray, bg: Reset, underline: Reset, modifier: NONE,
        x: 73, y: 17, fg: Reset, bg: Reset, underline: Reset, modifier: NONE,
        x: 74, y: 17, fg: Cyan, bg: Reset, underline: Reset, modifier: NONE,
        x: 75, y: 17, fg: Reset, bg: Reset, underline: Reset, modifier: NONE,
        x: 76, y: 17, fg: Cyan, bg: Reset, underline: Reset, modifier: NONE,
        x: 78, y: 17, fg: Reset, bg: Reset, underline: Reset, modifier: NONE,
        x: 80, y: 17, fg: White, bg: Reset, underline: Reset, modifier: NONE,
        x: 81, y: 17, fg: Reset, bg: Reset, underline: Reset, modifier: NONE,
        x: 110, y: 17, fg: DarkGray, bg: Reset, underline: Reset, modifier: NONE,
        x: 111, y: 17, fg: Reset, bg: Reset, underline: Reset, modifier: NONE,
        x: 112, y: 17, fg: DarkGray, bg: Reset, underline: Reset, modifier: NONE,
        x: 113, y: 17, fg: Reset, bg: Reset, underline: Reset, modifier: NONE,
        x: 114, y: 17, fg: Yellow, bg: Reset, underline: Reset, modifier: BOLD,
        x: 115, y: 17, fg: Reset, bg: Reset, underline: Reset, modifier: NONE,
        x: 116, y: 17, fg: DarkGray, bg: Reset, underline: Reset, modifier: NONE,
        x: 117, y: 17, fg: Reset, bg: Reset, underline: Reset, modifier: NONE,
        x: 118, y: 17, fg: DarkGray, bg: Reset, underline: Reset, modifier: NONE,
        x: 119, y: 17, fg: Reset, bg: Reset, underline: Reset, modifier: NONE,
        x: 159, y: 17, fg: White, bg: Reset, underline: Reset, modifier: NONE,
        x: 0, y: 18, fg: Reset, bg: Reset, underline: Reset, modifier: NONE,
        x: 1, y: 18, fg: Reset, bg: Reset, underline: Reset, modifier: BOLD,
        x: 7, y: 18, fg: Reset, bg: Reset, underline: Reset, modifier: NONE,
        x: 8, y: 18, fg: Magenta, bg: Reset, underline: Reset, modifier: NONE,
        x: 20, y: 18, fg: Reset, bg: Reset, underline: Reset, modifier: NONE,
        x: 57, y: 18, fg: Magenta, bg: Reset, underline: Reset, modifier: NONE,
        x: 66, y: 18, fg: Reset, bg: Reset, underline: Reset, modifier: NONE,
        x: 67, y: 18, fg: Gray, bg: Reset, underline: Reset, modifier: NONE,
        x: 69, y: 18, fg: Reset, bg: Reset, underline: Reset, modifier: NONE,
        x: 70, y: 18, fg: DarkGray, bg: Reset, underline: Reset, modifier: NONE,
        x: 73, y: 18, fg: Reset, bg: Reset, underline: Reset, modifier: NONE,
        x: 74, y: 18, fg: Cyan, bg: Reset, underline: Reset, modifier: NONE,
        x: 75, y: 18, fg: Reset, bg: Reset, underline: Reset, modifier: NONE,
        x: 76, y: 18, fg: Cyan, bg: Reset, underline: Reset, modifier: NONE,
        x: 78, y: 18, fg: Reset, bg: Reset, underline: Reset, modifier: NONE,
        x: 80, y: 18, fg: White, bg: Reset, underline: Reset, modifier: NONE,
        x: 81, y: 18, fg: Reset, bg: Reset, underline: Reset, modifier: NONE,
        x: 159, y: 18, fg: White, bg: Reset, underline: Reset, modifier: NONE,
        x: 0, y: 19, fg: Reset, bg: Reset, underline: Reset, modifier: NONE,
        x: 1, y: 19, fg: Reset, bg: Reset, underline: Reset, modifier: BOLD,
        x: 7, y: 19, fg: Reset, bg: Reset, underline: Reset, modifier: NONE,
        x: 8, y: 19, fg: Magenta, bg: Reset, underline: Reset, modifier: NONE,
        x: 28, y: 19, fg: Reset, bg: Reset, underline: Reset, modifier: NONE,
        x: 57, y: 19, fg: Magenta, bg: Reset, underline: Reset, modifier: NONE,
        x: 66, y: 19, fg: Reset, bg: Reset, underline: Reset, modifier: NONE,
        x: 67, y: 19, fg: Rgb(80, 200, 80), bg: Reset, underline: Reset, modifier: NONE,
        x: 69, y: 19, fg: Reset, bg: Reset, underline: Reset, modifier: NONE,
        x: 70, y: 19, fg: DarkGray, bg: Reset, underline: Reset, modifier: NONE,
        x: 73, y: 19, fg: Reset, bg: Reset, underline: Reset, modifier: NONE,
        x: 74, y: 19, fg: Cyan, bg: Reset, underline: Reset, modifier: NONE,
        x: 75, y: 19, fg: Reset, bg: Reset, underline: Reset, modifier: NONE,
        x: 76, y: 19, fg: Cyan, bg: Reset, underline: Reset, modifier: NONE,
        x: 78, y: 19, fg: Reset, bg: Reset, underline: Reset, modifier: NONE,
        x: 80, y: 19, fg: White, bg: Reset, underline: Reset, modifier: NONE,
        x: 81, y: 19, fg: Reset, bg: Reset, underline: Reset, modifier: NONE,
        x: 159, y: 19, fg: White, bg: Reset, underline: Reset, modifier: NONE,
        x: 0, y: 20, fg: Reset, bg: Reset, underline: Reset, modifier: NONE,
        x: 1, y: 20, fg: Reset, bg: Reset, underline: Reset, modifier: BOLD,
        x: 7, y: 20, fg: Reset, bg: Reset, underline: Reset, modifier: NONE,
        x: 8, y: 20, fg: Magenta, bg: Reset, underline: Reset, modifier: NONE,
        x: 25, y: 20, fg: Reset, bg: Reset, underline: Reset, modifier: NONE,
        x: 57, y: 20, fg: Magenta, bg: Reset, underline: Reset, modifier: NONE,
        x: 66, y: 20, fg: Reset, bg: Reset, underline: Reset, modifier: NONE,
        x: 67, y: 20, fg: Rgb(0, 180, 170), bg: Reset, underline: Reset, modifier: NONE,
        x: 69, y: 20, fg: Reset, bg: Reset, underline: Reset, modifier: NONE,
        x: 70, y: 20, fg: DarkGray, bg: Reset, underline: Reset, modifier: NONE,
        x: 73, y: 20, fg: Reset, bg: Reset, underline: Reset, modifier: NONE,
        x: 74, y: 20, fg: Cyan, bg: Reset, underline: Reset, modifier: NONE,
        x: 75, y: 20, fg: Reset, bg: Reset, underline: Reset, modifier: NONE,
        x: 76, y: 20, fg: Cyan, bg: Reset, underline: Reset, modifier: NONE,
        x: 78, y: 20, fg: Reset, bg: Reset, underline: Reset, modifier: NONE,
        x: 80, y: 20, fg: White, bg: Reset, underline: Reset, modifier: NONE,
        x: 81, y: 20, fg: Reset, bg: Reset, underline: Reset, modifier: NONE,
        x: 159, y: 20, fg: White, bg: Reset, underline: Reset, modifier: NONE,
        x: 0, y: 21, fg: Reset, bg: Reset, underline: Reset, modifier: NONE,
        x: 1, y: 21, fg: Reset, bg: Reset, underline: Reset, modifier: BOLD,
        x: 7, y: 21, fg: Reset, bg: Reset, underline: Reset, modifier: NONE,
        x: 8, y: 21, fg: Magenta, bg: Reset, underline: Reset, modifier: NONE,
        x: 28, y: 21, fg: Reset, bg: Reset, underline: Reset, modifier: NONE,
        x: 57, y: 21, fg: Magenta, bg: Reset, underline: Reset, modifier: NONE,
        x: 66, y: 21, fg: Reset, bg: Reset, underline: Reset, modifier: NONE,
        x: 67, y: 21, fg: Gray, bg: Reset, underline: Reset, modifier: NONE,
        x: 69, y: 21, fg: Reset, bg: Reset, underline: Reset, modifier: NONE,
        x: 70, y: 21, fg: DarkGray, bg: Reset, underline: Reset, modifier: NONE,
        x: 73, y: 21, fg: Reset, bg: Reset, underline: Reset, modifier: NONE,
        x: 74, y: 21, fg: Cyan, bg: Reset, underline: Reset, modifier: NONE,
        x: 75, y: 21, fg: Reset, bg: Reset, underline: Reset, modifier: NONE,
        x: 76, y: 21, fg: Cyan, bg: Reset, underline: Reset, modifier: NONE,
        x: 78, y: 21, fg: Reset, bg: Reset, underline: Reset, modifier: NONE,
        x: 80, y: 21, fg: White, bg: Reset, underline: Reset, modifier: NONE,
        x: 81, y: 21, fg: Reset, bg: Reset, underline: Reset, modifier: NONE,
        x: 159, y: 21, fg: White, bg: Reset, underline: Reset, modifier: NONE,
        x: 0, y: 22, fg: Reset, bg: Reset, underline: Reset, modifier: NONE,
        x: 1, y: 22, fg: Reset, bg: Reset, underline: Reset, modifier: BOLD,
        x: 7, y: 22, fg: Reset, bg: Reset, underline: Reset, modifier: NONE,
        x: 8, y: 22, fg: Rgb(255, 215, 0), bg: Reset, underline: Reset, modifier: NONE,
        x: 18, y: 22, fg: Reset, bg: Reset, underline: Reset, modifier: NONE,
        x: 57, y: 22, fg: Rgb(255, 215, 0), bg: Reset, underline: Reset, modifier: NONE,
        x: 66, y: 22, fg: Reset, bg: Reset, underline: Reset, modifier: NONE,
        x: 67, y: 22, fg: Rgb(255, 215, 0), bg: Reset, underline: Reset, modifier: NONE,
        x: 69, y: 22, fg: Reset, bg: Reset, underline: Reset, modifier: NONE,
        x: 70, y: 22, fg: DarkGray, bg: Reset, underline: Reset, modifier: NONE,
        x: 73, y: 22, fg: Reset, bg: Reset, underline: Reset, modifier: NONE,
        x: 74, y: 22, fg: Cyan, bg: Reset, underline: Reset, modifier: NONE,
        x: 75, y: 22, fg: Reset, bg: Reset, underline: Reset, modifier: NONE,
        x: 76, y: 22, fg: Cyan, bg: Reset, underline: Reset, modifier: NONE,
        x: 79, y: 22, fg: Reset, bg: Reset, underline: Reset, modifier: NONE,
        x: 80, y: 22, fg: White, bg: Reset, underline: Reset, modifier: NONE,
        x: 81, y: 22, fg: Reset, bg: Reset, underline: Reset, modifier: NONE,
        x: 159, y: 22, fg: White, bg: Reset, underline: Reset, modifier: NONE,
        x: 0, y: 23, fg: Reset, bg: Reset, underline: Reset, modifier: NONE,
        x: 1, y: 23, fg: Rgb(100, 180, 255), bg: Reset, underline: Reset, modifier: NONE,
        x: 29, y: 23, fg: Rgb(100, 180, 255), bg: Reset, underline: Reset, modifier: BOLD,
        x: 51, y: 23, fg: Rgb(100, 180, 255), bg: Reset, underline: Reset, modifier: NONE,
        x: 79, y: 23, fg: Reset, bg: Reset, underline: Reset, modifier: NONE,
        x: 80, y: 23, fg: White, bg: Reset, underline: Reset, modifier: NONE,
        x: 81, y: 23, fg: Reset, bg: Reset, underline: Reset, modifier: NONE,
        x: 159, y: 23, fg: White, bg: Reset, underline: Reset, modifier: NONE,
        x: 0, y: 24, fg: Reset, bg: Reset, underline: Reset, modifier: NONE,
        x: 1, y: 24, fg: White, bg: Rgb(2, 6, 9), underline: Reset, modifier: NONE,
        x: 2, y: 24, fg: Reset, bg: Reset, underline: Reset, modifier: NONE,
        x: 3, y: 24, fg: Rgb(2, 6, 9), bg: Rgb(2, 6, 9), underline: Reset, modifier: NONE,
        x: 4, y: 24, fg: White, bg: Rgb(2, 6, 9), underline: Reset, modifier: NONE,
        x: 10, y: 24, fg: Rgb(2, 6, 9), bg: Rgb(2, 6, 9), underline: Reset, modifier: NONE,
        x: 16, y: 24, fg: Green, bg: Rgb(2, 6, 9), underline: Reset, modifier: BOLD,
        x: 42, y: 24, fg: DarkGray, bg: Rgb(2, 6, 9), underline: Reset, modifier: NONE,
        x: 69, y: 24, fg: Rgb(2, 6, 9), bg: Rgb(2, 6, 9), underline: Reset, modifier: NONE,
        x: 70, y: 24, fg: White, bg: Rgb(2, 6, 9), underline: Reset, modifier: NONE,
        x: 76, y: 24, fg: Rgb(2, 6, 9), bg: Rgb(2, 6, 9), underline: Reset, modifier: NONE,
        x: 77, y: 24, fg: Green, bg: Rgb(2, 6, 9), underline: Reset, modifier: NONE,
        x: 78, y: 24, fg: Rgb(2, 6, 9), bg: Rgb(2, 6, 9), underline: Reset, modifier: NONE,
        x: 79, y: 24, fg: Reset, bg: Reset, underline: Reset, modifier: NONE,
        x: 80, y: 24, fg: White, bg: Reset, underline: Reset, modifier: NONE,
        x: 81, y: 24, fg: Reset, bg: Reset, underline: Reset, modifier: NONE,
        x: 159, y: 24, fg: White, bg: Reset, underline: Reset, modifier: NONE,
        x: 0, y: 25, fg: Reset, bg: Reset, underline: Reset, modifier: NONE,
        x: 1, y: 25, fg: White, bg: Rgb(3, 7, 10), underline: Reset, modifier: NONE,
        x: 2, y: 25, fg: Reset, bg: Reset, underline: Reset, modifier: NONE,
        x: 3, y: 25, fg: Rgb(3, 6, 9), bg: Rgb(3, 7, 10), underline: Reset, modifier: NONE,
        x: 4, y: 25, fg: White, bg: Rgb(3, 7, 10), underline: Reset, modifier: NONE,
        x: 8, y: 25, fg: Rgb(3, 6, 9), bg: Rgb(3, 7, 10), underline: Reset, modifier: NONE,
        x: 16, y: 25, fg: White, bg: Rgb(3, 7, 10), underline: Reset, modifier: BOLD,
        x: 38, y: 25, fg: DarkGray, bg: Rgb(3, 7, 10), underline: Reset, modifier: NONE,
        x: 69, y: 25, fg: Rgb(3, 6, 9), bg: Rgb(3, 7, 10), underline: Reset, modifier: NONE,
        x: 71, y: 25, fg: White, bg: Rgb(3, 7, 10), underline: Reset, modifier: NONE,
        x: 76, y: 25, fg: Rgb(3, 6, 9), bg: Rgb(3, 7, 10), underline: Reset, modifier: NONE,
        x: 77, y: 25, fg: White, bg: Rgb(3, 7, 10), underline: Reset, modifier: NONE,
        x: 78, y: 25, fg: Rgb(3, 6, 9), bg: Rgb(3, 7, 10), underline: Reset, modifier: NONE,
        x: 79, y: 25, fg: Reset, bg: Reset, underline: Reset, modifier: NONE,
        x: 80, y: 25, fg: White, bg: Reset, underline: Reset, modifier: NONE,
        x: 81, y: 25, fg: Reset, bg: Reset, underline: Reset, modifier: NONE,
        x: 159, y: 25, fg: White, bg: Reset, underline: Reset, modifier: NONE,
        x: 0, y: 26, fg: Reset, bg: Reset, underline: Reset, modifier: NONE,
        x: 1, y: 26, fg: DarkGray, bg: Rgb(4, 9, 13), underline: Reset, modifier: NONE,
        x: 2, y: 26, fg: Rgb(3, 8, 12), bg: Rgb(4, 9, 13), underline: Reset, modifier: NONE,
        x: 3, y: 26, fg: DarkGray, bg: Rgb(4, 9, 13), underline: Reset, modifier: NONE,
        x: 8, y: 26, fg: Rgb(3, 8, 12), bg: Rgb(4, 9, 13), underline: Reset, modifier: NONE,
        x: 62, y: 26, fg: Rgb(13, 39, 56), bg: Rgb(4, 9, 13), underline: Reset, modifier: NONE,
        x: 63, y: 26, fg: Rgb(3, 8, 12), bg: Rgb(4, 9, 13), underline: Reset, modifier: NONE,
        x: 79, y: 26, fg: Reset, bg: Reset, underline: Reset, modifier: NONE,
        x: 80, y: 26, fg: White, bg: Reset, underline: Reset, modifier: NONE,
        x: 81, y: 26, fg: Reset, bg: Reset, underline: Reset, modifier: NONE,
        x: 159, y: 26, fg: White, bg: Reset, underline: Reset, modifier: NONE,
        x: 0, y: 27, fg: Reset, bg: Reset, underline: Reset, modifier: NONE,
        x: 1, y: 27, fg: DarkGray, bg: Rgb(5, 12, 18), underline: Reset, modifier: NONE,
        x: 2, y: 27, fg: Reset, bg: Reset, underline: Reset, modifier: NONE,
        x: 3, y: 27, fg: Rgb(4, 10, 15), bg: Rgb(5, 12, 18), underline: Reset, modifier: NONE,
        x: 4, y: 27, fg: DarkGray, bg: Rgb(5, 12, 18), underline: Reset, modifier: NONE,
        x: 10, y: 27, fg: Rgb(4, 10, 15), bg: Rgb(5, 12, 18), underline: Reset, modifier: NONE,
        x: 79, y: 27, fg: Reset, bg: Reset, underline: Reset, modifier: NONE,
        x: 80, y: 27, fg: White, bg: Reset, underline: Reset, modifier: NONE,
        x: 81, y: 27, fg: Reset, bg: Reset, underline: Reset, modifier: NONE,
        x: 159, y: 27, fg: White, bg: Reset, underline: Reset, modifier: NONE,
        x: 0, y: 28, fg: Reset, bg: Reset, underline: Reset, modifier: NONE,
        x: 1, y: 28, fg: DarkGray, bg: Rgb(7, 15, 24), underline: Reset, modifier: NONE,
        x: 2, y: 28, fg: Reset, bg: Reset, underline: Reset, modifier: NONE,
        x: 3, y: 28, fg: Rgb(6, 13, 21), bg: Rgb(7, 15, 24), underline: Reset, modifier: NONE,
        x: 4, y: 28, fg: DarkGray, bg: Rgb(7, 15, 24), underline: Reset, modifier: NONE,
        x: 10, y: 28, fg: Rgb(6, 13, 21), bg: Rgb(7, 15, 24), underline: Reset, modifier: NONE,
        x: 39, y: 28, fg: Rgb(11, 34, 48), bg: Rgb(7, 15, 24), underline: Reset, modifier: NONE,
        x: 40, y: 28, fg: Rgb(6, 13, 21), bg: Rgb(7, 15, 24), underline: Reset, modifier: NONE,
        x: 79, y: 28, fg: Reset, bg: Reset, underline: Reset, modifier: NONE,
        x: 80, y: 28, fg: White, bg: Reset, underline: Reset, modifier: NONE,
        x: 81, y: 28, fg: Reset, bg: Reset, underline: Reset, modifier: NONE,
        x: 159, y: 28, fg: White, bg: Reset, underline: Reset, modifier: NONE,
        x: 0, y: 29, fg: Reset, bg: Reset, underline: Reset, modifier: NONE,
        x: 80, y: 29, fg: White, bg: Reset, underline: Reset, modifier: NONE,
        x: 81, y: 29, fg: Reset, bg: Reset, underline: Reset, modifier: NONE,
        x: 159, y: 29, fg: White, bg: Reset, underline: Reset, modifier: NONE,
        x: 0, y: 30, fg: Reset, bg: Reset, underline: Reset, modifier: NONE,
        x: 80, y: 30, fg: White, bg: Reset, underline: Reset, modifier: NONE,
        x: 81, y: 30, fg: Reset, bg: Reset, underline: Reset, modifier: NONE,
        x: 159, y: 30, fg: White, bg: Reset, underline: Reset, modifier: NONE,
        x: 0, y: 31, fg: Reset, bg: Reset, underline: Reset, modifier: NONE,
        x: 80, y: 31, fg: White, bg: Reset, underline: Reset, modifier: NONE,
        x: 81, y: 31, fg: Reset, bg: Reset, underline: Reset, modifier: NONE,
        x: 159, y: 31, fg: White, bg: Reset, underline: Reset, modifier: NONE,
        x: 0, y: 32, fg: Reset, bg: Reset, underline: Reset, modifier: NONE,
        x: 80, y: 32, fg: White, bg: Reset, underline: Reset, modifier: NONE,
        x: 81, y: 32, fg: Reset, bg: Reset, underline: Reset, modifier: NONE,
        x: 159, y: 32, fg: White, bg: Reset, underline: Reset, modifier: NONE,
        x: 0, y: 33, fg: Reset, bg: Reset, underline: Reset, modifier: NONE,
        x: 80, y: 33, fg: White, bg: Reset, underline: Reset, modifier: NONE,
        x: 81, y: 33, fg: Reset, bg: Reset, underline: Reset, modifier: NONE,
        x: 159, y: 33, fg: White, bg: Reset, underline: Reset, modifier: NONE,
        x: 0, y: 34, fg: Reset, bg: Reset, underline: Reset, modifier: NONE,
        x: 80, y: 34, fg: White, bg: Reset, underline: Reset, modifier: NONE,
        x: 81, y: 34, fg: Reset, bg: Reset, underline: Reset, modifier: NONE,
        x: 159, y: 34, fg: White, bg: Reset, underline: Reset, modifier: NONE,
        x: 0, y: 35, fg: Reset, bg: Reset, underline: Reset, modifier: NONE,
        x: 80, y: 35, fg: White, bg: Reset, underline: Reset, modifier: NONE,
        x: 81, y: 35, fg: Reset, bg: Reset, underline: Reset, modifier: NONE,
        x: 159, y: 35, fg: White, bg: Reset, underline: Reset, modifier: NONE,
        x: 0, y: 36, fg: Reset, bg: Reset, underline: Reset, modifier: NONE,
        x: 80, y: 36, fg: White, bg: Reset, underline: Reset, modifier: NONE,
        x: 0, y: 37, fg: Reset, bg: Reset, underline: Reset, modifier: NONE,
        x: 80, y: 37, fg: White, bg: Reset, underline: Reset, modifier: NONE,
        x: 81, y: 37, fg: Green, bg: Reset, underline: Reset, modifier: BOLD,
        x: 91, y: 37, fg: Reset, bg: Green, underline: Reset, modifier: BOLD,
        x: 102, y: 37, fg: Green, bg: Reset, underline: Reset, modifier: BOLD,
        x: 111, y: 37, fg: Reset, bg: Reset, underline: Reset, modifier: NONE,
        x: 121, y: 37, fg: DarkGray, bg: Reset, underline: Reset, modifier: NONE,
        x: 136, y: 37, fg: Magenta, bg: Reset, underline: Reset, modifier: NONE,
        x: 143, y: 37, fg: Reset, bg: Reset, underline: Reset, modifier: NONE,
        x: 159, y: 37, fg: White, bg: Reset, underline: Reset, modifier: NONE,
        x: 0, y: 38, fg: Reset, bg: Reset, underline: Reset, modifier: NONE,
        x: 80, y: 38, fg: White, bg: Reset, underline: Reset, modifier: NONE,
        x: 81, y: 38, fg: DarkGray, bg: Reset, underline: Reset, modifier: NONE,
        x: 111, y: 38, fg: Reset, bg: Reset, underline: Reset, modifier: NONE,
        x: 120, y: 38, fg: DarkGray, bg: Reset, underline: Reset, modifier: NONE,
        x: 136, y: 38, fg: Reset, bg: Reset, underline: Reset, modifier: NONE,
        x: 159, y: 38, fg: White, bg: Reset, underline: Reset, modifier: NONE,
        x: 0, y: 39, fg: Reset, bg: Reset, underline: Reset, modifier: NONE,
        x: 80, y: 39, fg: White, bg: Reset, underline: Reset, modifier: NONE,
        x: 0, y: 40, fg: Rgb(100, 180, 255), bg: Reset, underline: Reset, modifier: BOLD,
        x: 1, y: 40, fg: Reset, bg: Reset, underline: Reset, modifier: NONE,
        x: 2, y: 40, fg: Rgb(100, 180, 255), bg: Reset, underline: Reset, modifier: BOLD,
        x: 11, y: 40, fg: DarkGray, bg: Reset, underline: Reset, modifier: NONE,
        x: 35, y: 40, fg: Reset, bg: Reset, underline: Reset, modifier: NONE,
        x: 1, y: 42, fg: Red, bg: Reset, underline: Reset, modifier: NONE,
        x: 11, y: 42, fg: Reset, bg: Reset, underline: Reset, modifier: NONE,
        x: 50, y: 42, fg: DarkGray, bg: Reset, underline: Reset, modifier: NONE,
        x: 76, y: 42, fg: Rgb(100, 180, 255), bg: Reset, underline: Reset, modifier: NONE,
        x: 103, y: 42, fg: DarkGray, bg: Reset, underline: Reset, modifier: NONE,
        x: 120, y: 42, fg: Reset, bg: Reset, underline: Reset, modifier: NONE,
        x: 57, y: 43, fg: Magenta, bg: Reset, underline: Reset, modifier: NONE,
        x: 73, y: 43, fg: Cyan, bg: Reset, underline: Reset, modifier: NONE,
        x: 91, y: 43, fg: DarkGray, bg: Reset, underline: Reset, modifier: NONE,
        x: 114, y: 43, fg: Reset, bg: Reset, underline: Reset, modifier: NONE,
    ]
}
