---
source: src/ui/snapshot_tests.rs
expression: frame
---
Buffer {
    area: Rect { x: 0, y: 0, width: 160, height: 45 },
    content: [
        "┌ Fresh ───────────────────────────────────────────────────────────────────────┐┌ Meadow ──────────────────────────────────────────────────────────────────────┐",
        "│Level 1 Novice                                               ⚡ Power Level: 0││                          Subzone 1/3: Sunny Fields                           │", // hidden by multi-width symbols: [(63, " ")]
        "│⏱️ 0s                                                                         ││                              [Boss in 10 kills]                              │", // hidden by multi-width symbols: [(2, " ")]
        "│                               XP: 0/100 (0.0%)                               ││        Tall grass sways in a warm breeze. The buzzing isn't all bees.        │",
        "│────────────────────────────────── Prestige ──────────────────────────────────││                                                                              │",
        "│🏆 Rank: 0 (None) | 🔄 0                                                      ││                                 Zone 1 / 11                                  │", // hidden by multi-width symbols: [(2, " "), (22, " ")]
        "│⚡ XP: 1.00x → 1.00x                                                          ││                              Z3 locked — need P5                             │", // hidden by multi-width symbols: [(2, " ")]
        "│🔓 +0.50x mult                                                                ││──────────────────────────────────────────────────────────────────────────────│", // hidden by multi-width symbols: [(2, " ")]
        "│████████                    Lv 1/10 to Bronze (P1)                            ││                                                                              │",
        "│───────────────────────────────── Attributes ─────────────────────────────────││                                                                              │",
        "│████████████STR 10/20 (+0)             ████████████INT 10/20 (+0)             ││                                                                              │",
        "│████████████DEX 10/20 (+0)             ████████████WIS 10/20 (+0)             ││                                                                              │",
        "│████████████CON 10/20 (+0)             ████████████CHA 10/20 (+0)             ││                                                             ·                │",
        "└──────────────────────────────────────────────────────────────────────────────┘│                                                           .·●·.              │",
        "┌ Equipment ───────────────────────────────────────────────────────────────────┐│                                                             ·                │",
        "│Weapon [Empty]                                                                ││                                                                              │",
        "│ Armor [Empty]                                                                ││                                                                              │",
        "│Helmet [Empty]                                                                ││                                                                              │",
        "│Gloves [Empty]                                                                ││                                                                              │",
        "│ Boots [Empty]                                                                ││                                                                              │",
        "│Amulet [Empty]                                                                ││                                                                              │",
        "│  Ring [Empty]                                                                ││                                                                              │",
        "└──────────────────────────────────────────────────────────────────────────────┘│    ~~~~~                 ⠙ Scanning the horizon...                           │",
        "                                                                                │~~~~~~~~~~~~~~~                                    ~~~~~~~~~~~~~~~~~~~~~~~    │",
        "                                                                                │~~~~     ~~~~~~~~~~~~~~~~~~                    ~~~~~~~~~~~~~~~~~~~~~~~~~~~~~~ │",
        "                                                                                │               ~~~~~~~~~~~~~~~~            ~~▒▒▒▒▒▒▒▒▒▒▒▒                 ~~~~│",
        "                                                                                │                           ~~~~~~~~~~  ~~▒▒▒▒▒▒▒▒▒▒▒▒▒▒▒▒▒▒▒                 ~│",
        "                                                                                │                               ~~~~~~▒▒▒▒▒▒▒▒▒▒▒▒▒▒▒▒▒▒▒▒▒▒▒▒▒▒▒              │",
        "                                                                                │                        ▒▒▒▒▒▒▒▒▒▒▒▒▒▒▒▒▒▒▒▒▒▒▒▒▒▒▒▒▒▒▒▒▒▒▒▒▒▒▒▒▒▒▒▒          │",
        "                                                                                │▒▒▒▒          "'▒▒▒▒▒▒▒▒▒▒▒▒▒▒▒▒▒▒▒▒▒▒▒▒▒▒▒▒▒▒▒▒▒▒▒▒▒▒▒▒▒▒▒▒▒▒▒▒▒▒▒▒▒▒▒▒▒▒▒▒▒▒│",
        "                                                                                │▒▒▒▒▒▒▒▒▒▒▒▒▒▒▒▒▒▒▒▒▒▒▒▒▒▒▒▒▒▒▒▒▒▒▒▒▒▒▒▒▒▒▒▒▒▒▒▒▒▒▒▒▒▒▒▒▒▒▒▒▒▒▒▒▒▒▒▒▒▒▒▒▒▒▒▒▒▒│",
        "                                                                                │▒▒▒▒▒▒▒▒▒▒▒▒▒▒▒▒▒▒▒▒▒▒▒▒▒▒▒▒▒▒▒▒▒▒▒▒▒▒▒▒▒▒▒▒▒▒▒▒▒▒▒▒▒▒▒▒▒▒▒▒▒▒▒▒▒▒▒▒▒▒▒▒▒▒▒▒▒▒│",
        "                                                                                │▒▒▒▒▒▒▒▒▒▒▒▒▒▒▒▒▒▒▒▒▒▒▒▒▒▒▒▒▒▒▒▒▒▒▒▒▒▒▒▒▒▒▒▒▒▒▒▒▒▒▒▒▒▒▒▒▒▒▒▒▒▒▒▒▒▒▒▒▒▒▒▒▒▒▒▒▒▒│",
        "                                                                                │▒▒▒▒▒▒▒▒▒▒▒▒▒▒▒▒▒▒▒▒▒▒▒▒▒▒▒▒▒▒▒▒▒▒▒▒▒▒▒▒▒▒▒▒▒▒▒▒▒▒▒▒▒▒▒▒▒▒▒▒▒▒▒▒▒▒▒▒▒▒▒▒▒▒▒▒▒▒│",
        "                                                                                │▒▒▒▒▒▒▒▒▒▒▒▒▒▒▒▒▒▒▒▒▒▒▒▒▒▒▒▒▒▒▒▒▒▒▒▒▒▒▒▒▒▒▒▒▒▒▒▒▒▒▒▒▒▒▒▒▒▒▒▒▒▒▒▒▒▒▒▒▒▒▒▒▒▒▒▒▒▒│",
        "                                                                                │▒▒▒▒▒▒▒▒▒▒▒▒▒▒▒▒▒▒▒▒▒▒▒▒▒▒▒▒▒▒▒▒▒▒▒▒▒▒▒▒▒▒▒▒▒▒▒▒▒▒▒▒▒▒▒▒▒▒▒▒▒▒▒▒▒▒▒▒▒▒▒▒▒▒▒▒▒▒│",
        "                                                                                │──────────────────────────────────────────────────────────────────────────────│",
        "                                                                                │███████████HP:50/50 ██████████ You:1.5s ─────────────── DPS:7                 │",
        "                                                                                │  ⠙ Scanning the horizon...    Foe:--- ────────────────                       │",
        "                                                                                └──────────────────────────────────────────────────────────────────────────────┘",
        "  Awaiting adventure...                                                                                                                                         ",
        "┌ 0000000 ─────────────────────────────────────────────────────────────────────────────────────────────────────────────────────────────────────────────────────┐",
        "│[Esc] Quit                                                     [P] Prestige (Need Lv.10)    ⠙ Checking...                                                     │",
        "│                                                        [A] Achievements    [T] Time Vault    [W] Wiki    [!] Bug                                             │",
        "└──────────────────────────────────────────────────────────────────────────────────────────────────────────────────────────────────────────────────────────────┘",
    ],
    styles: [
        x: 0, y: 0, fg: Reset, bg: Reset, underline: Reset, modifier: NONE,
        x: 80, y: 0, fg: Green, bg: Reset, underline: Reset, modifier: NONE,
        x: 81, y: 0, fg: Green, bg: Reset, underline: Reset, modifier: BOLD,
        x: 89, y: 0, fg: Green, bg: Reset, underline: Reset, modifier: NONE,
        x: 0, y: 1, fg: Reset, bg: Reset, underline: Reset, modifier: NONE,
        x: 1, y: 1, fg: Cyan, bg: Reset, underline: Reset, modifier: BOLD,
        x: 15, y: 1, fg: Reset, bg: Reset, underline: Reset, modifier: NONE,
        x: 62, y: 1, fg: Yellow, bg: Reset, underline: Reset, modifier: BOLD,
        x: 63, y: 1, fg: Reset, bg: Reset, underline: Reset, modifier: NONE,
        x: 64, y: 1, fg: Yellow, bg: Reset, underline: Reset, modifier: BOLD,
        x: 79, y: 1, fg: Reset, bg: Reset, underline: Reset, modifier: NONE,
        x: 80, y: 1, fg: Green, bg: Reset, underline: Reset, modifier: NONE,
        x: 81, y: 1, fg: Reset, bg: Rgb(35, 56, 80), underline: Reset, modifier: NONE,
        x: 90, y: 1, fg: Reset, bg: Rgb(34, 55, 80), underline: Reset, modifier: NONE,
        x: 94, y: 1, fg: Reset, bg: Rgb(34, 55, 79), underline: Reset, modifier: NONE,
        x: 98, y: 1, fg: Reset, bg: Rgb(33, 54, 79), underline: Reset, modifier: NONE,
        x: 107, y: 1, fg: White, bg: Rgb(33, 54, 79), underline: Reset, modifier: NONE,
        x: 114, y: 1, fg: White, bg: Rgb(34, 55, 79), underline: Reset, modifier: NONE,
        x: 116, y: 1, fg: White, bg: Rgb(34, 55, 80), underline: Reset, modifier: NONE,
        x: 118, y: 1, fg: White, bg: Rgb(35, 56, 80), underline: Reset, modifier: NONE,
        x: 122, y: 1, fg: White, bg: Rgb(35, 56, 81), underline: Reset, modifier: NONE,
        x: 124, y: 1, fg: White, bg: Rgb(36, 57, 81), underline: Reset, modifier: NONE,
        x: 129, y: 1, fg: White, bg: Rgb(36, 57, 82), underline: Reset, modifier: NONE,
        x: 132, y: 1, fg: Reset, bg: Rgb(36, 57, 82), underline: Reset, modifier: NONE,
        x: 133, y: 1, fg: Reset, bg: Rgb(37, 58, 82), underline: Reset, modifier: NONE,
        x: 136, y: 1, fg: Reset, bg: Rgb(36, 57, 82), underline: Reset, modifier: NONE,
        x: 141, y: 1, fg: Reset, bg: Rgb(36, 57, 81), underline: Reset, modifier: NONE,
        x: 146, y: 1, fg: Reset, bg: Rgb(35, 56, 81), underline: Reset, modifier: NONE,
        x: 148, y: 1, fg: Reset, bg: Rgb(35, 56, 80), underline: Reset, modifier: NONE,
        x: 152, y: 1, fg: Reset, bg: Rgb(34, 55, 80), underline: Reset, modifier: NONE,
        x: 154, y: 1, fg: Reset, bg: Rgb(34, 55, 79), underline: Reset, modifier: NONE,
        x: 158, y: 1, fg: Reset, bg: Rgb(33, 54, 79), underline: Reset, modifier: NONE,
        x: 159, y: 1, fg: Green, bg: Reset, underline: Reset, modifier: NONE,
        x: 0, y: 2, fg: Reset, bg: Reset, underline: Reset, modifier: NONE,
        x: 1, y: 2, fg: Cyan, bg: Reset, underline: Reset, modifier: NONE,
        x: 2, y: 2, fg: Reset, bg: Reset, underline: Reset, modifier: NONE,
        x: 3, y: 2, fg: Cyan, bg: Reset, underline: Reset, modifier: NONE,
        x: 6, y: 2, fg: Reset, bg: Reset, underline: Reset, modifier: NONE,
        x: 80, y: 2, fg: Green, bg: Reset, underline: Reset, modifier: NONE,
        x: 81, y: 2, fg: Reset, bg: Rgb(31, 54, 67), underline: Reset, modifier: NONE,
        x: 90, y: 2, fg: Reset, bg: Rgb(31, 53, 66), underline: Reset, modifier: NONE,
        x: 94, y: 2, fg: Reset, bg: Rgb(30, 53, 66), underline: Reset, modifier: NONE,
        x: 102, y: 2, fg: Reset, bg: Rgb(30, 52, 65), underline: Reset, modifier: NONE,
        x: 108, y: 2, fg: Reset, bg: Rgb(30, 53, 66), underline: Reset, modifier: NONE,
        x: 111, y: 2, fg: DarkGray, bg: Rgb(30, 53, 66), underline: Reset, modifier: NONE,
        x: 115, y: 2, fg: DarkGray, bg: Rgb(31, 53, 66), underline: Reset, modifier: NONE,
        x: 117, y: 2, fg: DarkGray, bg: Rgb(31, 54, 67), underline: Reset, modifier: NONE,
        x: 121, y: 2, fg: DarkGray, bg: Rgb(32, 54, 67), underline: Reset, modifier: NONE,
        x: 123, y: 2, fg: DarkGray, bg: Rgb(32, 55, 68), underline: Reset, modifier: NONE,
        x: 127, y: 2, fg: DarkGray, bg: Rgb(33, 56, 68), underline: Reset, modifier: NONE,
        x: 129, y: 2, fg: Reset, bg: Rgb(33, 56, 68), underline: Reset, modifier: NONE,
        x: 132, y: 2, fg: Reset, bg: Rgb(33, 56, 69), underline: Reset, modifier: NONE,
        x: 135, y: 2, fg: Reset, bg: Rgb(33, 56, 68), underline: Reset, modifier: NONE,
        x: 140, y: 2, fg: Reset, bg: Rgb(32, 55, 68), underline: Reset, modifier: NONE,
        x: 144, y: 2, fg: Reset, bg: Rgb(32, 54, 67), underline: Reset, modifier: NONE,
        x: 146, y: 2, fg: Reset, bg: Rgb(31, 54, 67), underline: Reset, modifier: NONE,
        x: 150, y: 2, fg: Reset, bg: Rgb(31, 53, 66), underline: Reset, modifier: NONE,
        x: 153, y: 2, fg: Reset, bg: Rgb(30, 53, 66), underline: Reset, modifier: NONE,
        x: 159, y: 2, fg: Green, bg: Reset, underline: Reset, modifier: NONE,
        x: 0, y: 3, fg: Reset, bg: Reset, underline: Reset, modifier: NONE,
        x: 1, y: 3, fg: Yellow, bg: Rgb(30, 28, 8), underline: Reset, modifier: BOLD,
        x: 79, y: 3, fg: Reset, bg: Reset, underline: Reset, modifier: NONE,
        x: 80, y: 3, fg: Green, bg: Reset, underline: Reset, modifier: NONE,
        x: 81, y: 3, fg: Reset, bg: Rgb(28, 52, 56), underline: Reset, modifier: NONE,
        x: 89, y: 3, fg: Rgb(90, 120, 90), bg: Rgb(28, 52, 56), underline: Reset, modifier: NONE,
        x: 94, y: 3, fg: Rgb(90, 120, 90), bg: Rgb(28, 52, 55), underline: Reset, modifier: NONE,
        x: 98, y: 3, fg: Rgb(90, 120, 90), bg: Rgb(27, 51, 55), underline: Reset, modifier: NONE,
        x: 111, y: 3, fg: Rgb(90, 120, 90), bg: Rgb(28, 52, 55), underline: Reset, modifier: NONE,
        x: 113, y: 3, fg: Rgb(90, 120, 90), bg: Rgb(28, 52, 56), underline: Reset, modifier: NONE,
        x: 118, y: 3, fg: Rgb(90, 120, 90), bg: Rgb(29, 53, 56), underline: Reset, modifier: NONE,
        x: 120, y: 3, fg: Rgb(90, 120, 90), bg: Rgb(29, 53, 57), underline: Reset, modifier: NONE,
        x: 124, y: 3, fg: Rgb(90, 120, 90), bg: Rgb(30, 54, 57), underline: Reset, modifier: NONE,
        x: 126, y: 3, fg: Rgb(90, 120, 90), bg: Rgb(30, 54, 58), underline: Reset, modifier: NONE,
        x: 139, y: 3, fg: Rgb(90, 120, 90), bg: Rgb(30, 54, 57), underline: Reset, modifier: NONE,
        x: 141, y: 3, fg: Rgb(90, 120, 90), bg: Rgb(29, 53, 57), underline: Reset, modifier: NONE,
        x: 145, y: 3, fg: Rgb(90, 120, 90), bg: Rgb(29, 53, 56), underline: Reset, modifier: NONE,
        x: 147, y: 3, fg: Rgb(90, 120, 90), bg: Rgb(28, 52, 56), underline: Reset, modifier: NONE,
        x: 151, y: 3, fg: Reset, bg: Rgb(28, 52, 55), underline: Reset, modifier: NONE,
        x: 154, y: 3, fg: Reset, bg: Rgb(27, 51, 55), underline: Reset, modifier: NONE,
        x: 158, y: 3, fg: Reset, bg: Rgb(27, 51, 54), underline: Reset, modifier: NONE,
        x: 159, y: 3, fg: Green, bg: Reset, underline: Reset, modifier: NONE,
        x: 0, y: 4, fg: Reset, bg: Reset, underline: Reset, modifier: NONE,
        x: 1, y: 4, fg: DarkGray, bg: Reset, underline: Reset, modifier: NONE,
        x: 35, y: 4, fg: DarkGray, bg: Reset, underline: Reset, modifier: BOLD,
        x: 45, y: 4, fg: DarkGray, bg: Reset, underline: Reset, modifier: NONE,
        x: 79, y: 4, fg: Reset, bg: Reset, underline: Reset, modifier: NONE,
        x: 80, y: 4, fg: Green, bg: Reset, underline: Reset, modifier: NONE,
        x: 81, y: 4, fg: Reset, bg: Rgb(25, 51, 46), underline: Reset, modifier: NONE,
        x: 94, y: 4, fg: Reset, bg: Rgb(25, 50, 45), underline: Reset, modifier: NONE,
        x: 98, y: 4, fg: Reset, bg: Rgb(24, 50, 45), underline: Reset, modifier: NONE,
        x: 109, y: 4, fg: Reset, bg: Rgb(25, 50, 45), underline: Reset, modifier: NONE,
        x: 112, y: 4, fg: Reset, bg: Rgb(25, 51, 46), underline: Reset, modifier: NONE,
        x: 116, y: 4, fg: Reset, bg: Rgb(26, 51, 46), underline: Reset, modifier: NONE,
        x: 118, y: 4, fg: Reset, bg: Rgb(26, 52, 47), underline: Reset, modifier: NONE,
        x: 123, y: 4, fg: Reset, bg: Rgb(27, 52, 47), underline: Reset, modifier: NONE,
        x: 125, y: 4, fg: Reset, bg: Rgb(27, 53, 48), underline: Reset, modifier: NONE,
        x: 130, y: 4, fg: Reset, bg: Rgb(28, 53, 48), underline: Reset, modifier: NONE,
        x: 133, y: 4, fg: Reset, bg: Rgb(27, 53, 48), underline: Reset, modifier: NONE,
        x: 137, y: 4, fg: Reset, bg: Rgb(27, 52, 47), underline: Reset, modifier: NONE,
        x: 140, y: 4, fg: Reset, bg: Rgb(26, 52, 47), underline: Reset, modifier: NONE,
        x: 144, y: 4, fg: Reset, bg: Rgb(26, 51, 46), underline: Reset, modifier: NONE,
        x: 146, y: 4, fg: Reset, bg: Rgb(25, 51, 46), underline: Reset, modifier: NONE,
        x: 150, y: 4, fg: Reset, bg: Rgb(25, 50, 45), underline: Reset, modifier: NONE,
        x: 152, y: 4, fg: Reset, bg: Rgb(24, 50, 45), underline: Reset, modifier: NONE,
        x: 159, y: 4, fg: Green, bg: Reset, underline: Reset, modifier: NONE,
        x: 0, y: 5, fg: Reset, bg: Reset, underline: Reset, modifier: NONE,
        x: 1, y: 5, fg: Reset, bg: Reset, underline: Reset, modifier: BOLD,
        x: 2, y: 5, fg: Reset, bg: Reset, underline: Reset, modifier: NONE,
        x: 3, y: 5, fg: Reset, bg: Reset, underline: Reset, modifier: BOLD,
        x: 10, y: 5, fg: Yellow, bg: Reset, underline: Reset, modifier: NONE,
        x: 18, y: 5, fg: DarkGray, bg: Reset, underline: Reset, modifier: NONE,
        x: 21, y: 5, fg: Reset, bg: Reset, underline: Reset, modifier: NONE,
        x: 24, y: 5, fg: Magenta, bg: Reset, underline: Reset, modifier: NONE,
        x: 25, y: 5, fg: Reset, bg: Reset, underline: Reset, modifier: NONE,
        x: 80, y: 5, fg: Green, bg: Reset, underline: Reset, modifier: NONE,
        x: 81, y: 5, fg: Reset, bg: Rgb(23, 50, 37), underline: Reset, modifier: NONE,
        x: 82, y: 5, fg: Green, bg: Rgb(30, 30, 30), underline: Reset, modifier: NONE,
        x: 158, y: 5, fg: Reset, bg: Rgb(22, 48, 35), underline: Reset, modifier: NONE,
        x: 159, y: 5, fg: Green, bg: Reset, underline: Reset, modifier: NONE,
        x: 0, y: 6, fg: Reset, bg: Reset, underline: Reset, modifier: NONE,
        x: 1, y: 6, fg: Reset, bg: Reset, underline: Reset, modifier: BOLD,
        x: 2, y: 6, fg: Reset, bg: Reset, underline: Reset, modifier: NONE,
        x: 3, y: 6, fg: Reset, bg: Reset, underline: Reset, modifier: BOLD,
        x: 8, y: 6, fg: Cyan, bg: Reset, underline: Reset, modifier: NONE,
        x: 13, y: 6, fg: DarkGray, bg: Reset, underline: Reset, modifier: NONE,
        x: 16, y: 6, fg: Green, bg: Reset, underline: Reset, modifier: BOLD,
        x: 21, y: 6, fg: Reset, bg: Reset, underline: Reset, modifier: NONE,
        x: 80, y: 6, fg: Green, bg: Reset, underline: Reset, modifier: NONE,
        x: 81, y: 6, fg: Reset, bg: Rgb(21, 49, 28), underline: Reset, modifier: NONE,
        x: 89, y: 6, fg: Reset, bg: Rgb(20, 48, 27), underline: Reset, modifier: NONE,
        x: 111, y: 6, fg: DarkGray, bg: Rgb(20, 48, 27), underline: Reset, modifier: NONE,
        x: 112, y: 6, fg: DarkGray, bg: Rgb(21, 49, 28), underline: Reset, modifier: NONE,
        x: 118, y: 6, fg: DarkGray, bg: Rgb(22, 50, 29), underline: Reset, modifier: NONE,
        x: 130, y: 6, fg: Reset, bg: Rgb(22, 50, 29), underline: Reset, modifier: NONE,
        x: 140, y: 6, fg: Reset, bg: Rgb(21, 49, 28), underline: Reset, modifier: NONE,
        x: 145, y: 6, fg: Reset, bg: Rgb(20, 48, 27), underline: Reset, modifier: NONE,
        x: 149, y: 6, fg: Reset, bg: Rgb(19, 47, 26), underline: Reset, modifier: NONE,
        x: 159, y: 6, fg: Green, bg: Reset, underline: Reset, modifier: NONE,
        x: 0, y: 7, fg: Reset, bg: Reset, underline: Reset, modifier: NONE,
        x: 1, y: 7, fg: DarkGray, bg: Reset, underline: Reset, modifier: NONE,
        x: 2, y: 7, fg: Reset, bg: Reset, underline: Reset, modifier: NONE,
        x: 3, y: 7, fg: DarkGray, bg: Reset, underline: Reset, modifier: NONE,
        x: 15, y: 7, fg: Reset, bg: Reset, underline: Reset, modifier: NONE,
        x: 80, y: 7, fg: Green, bg: Reset, underline: Reset, modifier: NONE,
        x: 0, y: 8, fg: Reset, bg: Reset, underline: Reset, modifier: NONE,
        x: 1, y: 8, fg: Rgb(180, 100, 255), bg: Rgb(20, 10, 30), underline: Reset, modifier: BOLD,
        x: 79, y: 8, fg: Reset, bg: Reset, underline: Reset, modifier: NONE,
        x: 80, y: 8, fg: Green, bg: Reset, underline: Reset, modifier: NONE,
        x: 81, y: 8, fg: Reset, bg: Rgb(100, 160, 230), underline: Reset, modifier: NONE,
        x: 90, y: 8, fg: Reset, bg: Rgb(99, 159, 229), underline: Reset, modifier: NONE,
        x: 94, y: 8, fg: Reset, bg: Rgb(98, 158, 228), underline: Reset, modifier: NONE,
        x: 98, y: 8, fg: Reset, bg: Rgb(97, 157, 227), underline: Reset, modifier: NONE,
        x: 101, y: 8, fg: Reset, bg: Rgb(96, 156, 226), underline: Reset, modifier: NONE,
        x: 111, y: 8, fg: Reset, bg: Rgb(97, 157, 227), underline: Reset, modifier: NONE,
        x: 114, y: 8, fg: Reset, bg: Rgb(98, 158, 228), underline: Reset, modifier: NONE,
        x: 116, y: 8, fg: Reset, bg: Rgb(99, 159, 229), underline: Reset, modifier: NONE,
        x: 118, y: 8, fg: Reset, bg: Rgb(100, 160, 230), underline: Reset, modifier: NONE,
        x: 120, y: 8, fg: Reset, bg: Rgb(101, 161, 231), underline: Reset, modifier: NONE,
        x: 122, y: 8, fg: Reset, bg: Rgb(102, 162, 232), underline: Reset, modifier: NONE,
        x: 124, y: 8, fg: Reset, bg: Rgb(103, 163, 233), underline: Reset, modifier: NONE,
        x: 126, y: 8, fg: Reset, bg: Rgb(104, 164, 234), underline: Reset, modifier: NONE,
        x: 129, y: 8, fg: Reset, bg: Rgb(105, 165, 235), underline: Reset, modifier: NONE,
        x: 133, y: 8, fg: Reset, bg: Rgb(106, 166, 236), underline: Reset, modifier: NONE,
        x: 136, y: 8, fg: Reset, bg: Rgb(105, 165, 235), underline: Reset, modifier: NONE,
        x: 141, y: 8, fg: Reset, bg: Rgb(104, 164, 234), underline: Reset, modifier: NONE,
        x: 143, y: 8, fg: Reset, bg: Rgb(103, 163, 233), underline: Reset, modifier: NONE,
        x: 146, y: 8, fg: Reset, bg: Rgb(102, 162, 232), underline: Reset, modifier: NONE,
        x: 148, y: 8, fg: Reset, bg: Rgb(101, 161, 231), underline: Reset, modifier: NONE,
        x: 150, y: 8, fg: Reset, bg: Rgb(100, 160, 230), underline: Reset, modifier: NONE,
        x: 152, y: 8, fg: Reset, bg: Rgb(99, 159, 229), underline: Reset, modifier: NONE,
        x: 154, y: 8, fg: Reset, bg: Rgb(98, 158, 228), underline: Reset, modifier: NONE,
        x: 158, y: 8, fg: Reset, bg: Rgb(97, 157, 227), underline: Reset, modifier: NONE,
        x: 159, y: 8, fg: Green, bg: Reset, underline: Reset, modifier: NONE,
        x: 0, y: 9, fg: Reset, bg: Reset, underline: Reset, modifier: NONE,
        x: 1, y: 9, fg: DarkGray, bg: Reset, underline: Reset, modifier: NONE,
        x: 34, y: 9, fg: DarkGray, bg: Reset, underline: Reset, modifier: BOLD,
        x: 46, y: 9, fg: DarkGray, bg: Reset, underline: Reset, modifier: NONE,
        x: 79, y: 9, fg: Reset, bg: Reset, underline: Reset, modifier: NONE,
        x: 80, y: 9, fg: Green, bg: Reset, underline: Reset, modifier: NONE,
        x: 81, y: 9, fg: Reset, bg: Rgb(98, 159, 221), underline: Reset, modifier: NONE,
        x: 90, y: 9, fg: Reset, bg: Rgb(97, 158, 220), underline: Reset, modifier: NONE,
        x: 94, y: 9, fg: Reset, bg: Rgb(96, 157, 219), underline: Reset, modifier: NONE,
        x: 97, y: 9, fg: Reset, bg: Rgb(95, 156, 218), underline: Reset, modifier: NONE,
        x: 102, y: 9, fg: Reset, bg: Rgb(94, 155, 217), underline: Reset, modifier: NONE,
        x: 108, y: 9, fg: Reset, bg: Rgb(95, 156, 218), underline: Reset, modifier: NONE,
        x: 112, y: 9, fg: Reset, bg: Rgb(96, 157, 219), underline: Reset, modifier: NONE,
        x: 115, y: 9, fg: Reset, bg: Rgb(97, 158, 220), underline: Reset, modifier: NONE,
        x: 117, y: 9, fg: Reset, bg: Rgb(98, 159, 221), underline: Reset, modifier: NONE,
        x: 119, y: 9, fg: Reset, bg: Rgb(99, 160, 222), underline: Reset, modifier: NONE,
        x: 121, y: 9, fg: Reset, bg: Rgb(100, 161, 223), underline: Reset, modifier: NONE,
        x: 123, y: 9, fg: Reset, bg: Rgb(101, 162, 224), underline: Reset, modifier: NONE,
        x: 125, y: 9, fg: Reset, bg: Rgb(102, 163, 225), underline: Reset, modifier: NONE,
        x: 127, y: 9, fg: Reset, bg: Rgb(103, 164, 226), underline: Reset, modifier: NONE,
        x: 132, y: 9, fg: Reset, bg: Rgb(104, 165, 227), underline: Reset, modifier: NONE,
        x: 135, y: 9, fg: Reset, bg: Rgb(103, 164, 226), underline: Reset, modifier: NONE,
        x: 140, y: 9, fg: Reset, bg: Rgb(102, 163, 225), underline: Reset, modifier: NONE,
        x: 142, y: 9, fg: Reset, bg: Rgb(101, 162, 224), underline: Reset, modifier: NONE,
        x: 144, y: 9, fg: Reset, bg: Rgb(100, 161, 223), underline: Reset, modifier: NONE,
        x: 146, y: 9, fg: Reset, bg: Rgb(99, 160, 222), underline: Reset, modifier: NONE,
        x: 148, y: 9, fg: Reset, bg: Rgb(98, 159, 221), underline: Reset, modifier: NONE,
        x: 150, y: 9, fg: Reset, bg: Rgb(97, 158, 220), underline: Reset, modifier: NONE,
        x: 153, y: 9, fg: Reset, bg: Rgb(96, 157, 219), underline: Reset, modifier: NONE,
        x: 156, y: 9, fg: Reset, bg: Rgb(95, 156, 218), underline: Reset, modifier: NONE,
        x: 159, y: 9, fg: Green, bg: Reset, underline: Reset, modifier: NONE,
        x: 0, y: 10, fg: Reset, bg: Reset, underline: Reset, modifier: NONE,
        x: 1, y: 10, fg: Red, bg: Rgb(28, 8, 8), underline: Reset, modifier: BOLD,
        x: 13, y: 10, fg: Rgb(28, 8, 8), bg: Red, underline: Reset, modifier: BOLD,
        x: 21, y: 10, fg: Red, bg: Rgb(28, 8, 8), underline: Reset, modifier: BOLD,
        x: 40, y: 10, fg: Blue, bg: Rgb(8, 8, 28), underline: Reset, modifier: BOLD,
        x: 52, y: 10, fg: Rgb(8, 8, 28), bg: Blue, underline: Reset, modifier: BOLD,
        x: 60, y: 10, fg: Blue, bg: Rgb(8, 8, 28), underline: Reset, modifier: BOLD,
        x: 79, y: 10, fg: Reset, bg: Reset, underline: Reset, modifier: NONE,
        x: 80, y: 10, fg: Green, bg: Reset, underline: Reset, modifier: NONE,
        x: 81, y: 10, fg: Reset, bg: Rgb(96, 158, 214), underline: Reset, modifier: NONE,
        x: 89, y: 10, fg: Reset, bg: Rgb(95, 157, 213), underline: Reset, modifier: NONE,
        x: 94, y: 10, fg: Reset, bg: Rgb(94, 156, 212), underline: Reset, modifier: NONE,
        x: 98, y: 10, fg: Reset, bg: Rgb(93, 155, 211), underline: Reset, modifier: NONE,
        x: 111, y: 10, fg: Reset, bg: Rgb(94, 156, 212), underline: Reset, modifier: NONE,
        x: 113, y: 10, fg: Reset, bg: Rgb(95, 157, 213), underline: Reset, modifier: NONE,
        x: 116, y: 10, fg: Reset, bg: Rgb(96, 158, 214), underline: Reset, modifier: NONE,
        x: 118, y: 10, fg: Reset, bg: Rgb(97, 159, 215), underline: Reset, modifier: NONE,
        x: 120, y: 10, fg: Reset, bg: Rgb(98, 160, 216), underline: Reset, modifier: NONE,
        x: 122, y: 10, fg: Reset, bg: Rgb(99, 161, 217), underline: Reset, modifier: NONE,
        x: 124, y: 10, fg: Reset, bg: Rgb(100, 162, 218), underline: Reset, modifier: NONE,
        x: 126, y: 10, fg: Reset, bg: Rgb(101, 163, 219), underline: Reset, modifier: NONE,
        x: 131, y: 10, fg: Reset, bg: Rgb(102, 164, 220), underline: Reset, modifier: NONE,
        x: 134, y: 10, fg: Reset, bg: Rgb(101, 163, 219), underline: Reset, modifier: NONE,
        x: 139, y: 10, fg: Reset, bg: Rgb(100, 162, 218), underline: Reset, modifier: NONE,
        x: 141, y: 10, fg: Reset, bg: Rgb(99, 161, 217), underline: Reset, modifier: NONE,
        x: 143, y: 10, fg: Reset, bg: Rgb(98, 160, 216), underline: Reset, modifier: NONE,
        x: 145, y: 10, fg: Reset, bg: Rgb(97, 159, 215), underline: Reset, modifier: NONE,
        x: 147, y: 10, fg: Reset, bg: Rgb(96, 158, 214), underline: Reset, modifier: NONE,
        x: 149, y: 10, fg: Reset, bg: Rgb(95, 157, 213), underline: Reset, modifier: NONE,
        x: 151, y: 10, fg: Reset, bg: Rgb(94, 156, 212), underline: Reset, modifier: NONE,
        x: 154, y: 10, fg: Reset, bg: Rgb(93, 155, 211), underline: Reset, modifier: NONE,
        x: 158, y: 10, fg: Reset, bg: Rgb(92, 154, 210), underline: Reset, modifier: NONE,
        x: 159, y: 10, fg: Green, bg: Reset, underline: Reset, modifier: NONE,
        x: 0, y: 11, fg: Reset, bg: Reset, underline: Reset, modifier: NONE,
        x: 1, y: 11, fg: Green, bg: Rgb(8, 28, 8), underline: Reset, modifier: BOLD,
        x: 13, y: 11, fg: Rgb(8, 28, 8), bg: Green, underline: Reset, modifier: BOLD,
        x: 21, y: 11, fg: Green, bg: Rgb(8, 28, 8), underline: Reset, modifier: BOLD,
        x: 40, y: 11, fg: Cyan, bg: Rgb(8, 28, 28), underline: Reset, modifier: BOLD,
        x: 52, y: 11, fg: Rgb(8, 28, 28), bg: Cyan, underline: Reset, modifier: BOLD,
        x: 60, y: 11, fg: Cyan, bg: Rgb(8, 28, 28), underline: Reset, modifier: BOLD,
        x: 79, y: 11, fg: Reset, bg: Reset, underline: Reset, modifier: NONE,
        x: 80, y: 11, fg: Green, bg: Reset, underline: Reset, modifier: NONE,
        x: 81, y: 11, fg: Reset, bg: Rgb(94, 157, 207), underline: Reset, modifier: NONE,
        x: 89, y: 11, fg: Reset, bg: Rgb(93, 156, 206), underline: Reset, modifier: NONE,
        x: 94, y: 11, fg: Reset, bg: Rgb(92, 155, 205), underline: Reset, modifier: NONE,
        x: 98, y: 11, fg: Reset, bg: Rgb(91, 154, 204), underline: Reset, modifier: NONE,
        x: 109, y: 11, fg: Reset, bg: Rgb(92, 155, 205), underline: Reset, modifier: NONE,
        x: 112, y: 11, fg: Reset, bg: Rgb(93, 156, 206), underline: Reset, modifier: NONE,
        x: 114, y: 11, fg: Reset, bg: Rgb(94, 157, 207), underline: Reset, modifier: NONE,
        x: 116, y: 11, fg: Reset, bg: Rgb(95, 158, 208), underline: Reset, modifier: NONE,
        x: 118, y: 11, fg: Reset, bg: Rgb(96, 159, 209), underline: Reset, modifier: NONE,
        x: 121, y: 11, fg: Reset, bg: Rgb(97, 160, 210), underline: Reset, modifier: NONE,
        x: 123, y: 11, fg: Reset, bg: Rgb(98, 161, 211), underline: Reset, modifier: NONE,
        x: 125, y: 11, fg: Reset, bg: Rgb(99, 162, 212), underline: Reset, modifier: NONE,
        x: 130, y: 11, fg: Reset, bg: Rgb(100, 163, 213), underline: Reset, modifier: NONE,
        x: 133, y: 11, fg: Reset, bg: Rgb(99, 162, 212), underline: Reset, modifier: NONE,
        x: 137, y: 11, fg: Reset, bg: Rgb(98, 161, 211), underline: Reset, modifier: NONE,
        x: 140, y: 11, fg: Reset, bg: Rgb(97, 160, 210), underline: Reset, modifier: NONE,
        x: 142, y: 11, fg: Reset, bg: Rgb(96, 159, 209), underline: Reset, modifier: NONE,
        x: 144, y: 11, fg: Reset, bg: Rgb(95, 158, 208), underline: Reset, modifier: NONE,
        x: 146, y: 11, fg: Reset, bg: Rgb(94, 157, 207), underline: Reset, modifier: NONE,
        x: 148, y: 11, fg: Reset, bg: Rgb(93, 156, 206), underline: Reset, modifier: NONE,
        x: 150, y: 11, fg: Reset, bg: Rgb(92, 155, 205), underline: Reset, modifier: NONE,
        x: 152, y: 11, fg: Reset, bg: Rgb(91, 154, 204), underline: Reset, modifier: NONE,
        x: 156, y: 11, fg: Reset, bg: Rgb(90, 153, 203), underline: Reset, modifier: NONE,
        x: 159, y: 11, fg: Green, bg: Reset, underline: Reset, modifier: NONE,
        x: 0, y: 12, fg: Reset, bg: Reset, underline: Reset, modifier: NONE,
        x: 1, y: 12, fg: Magenta, bg: Rgb(28, 8, 28), underline: Reset, modifier: BOLD,
        x: 13, y: 12, fg: Rgb(28, 8, 28), bg: Magenta, underline: Reset, modifier: BOLD,
        x: 21, y: 12, fg: Magenta, bg: Rgb(28, 8, 28), underline: Reset, modifier: BOLD,
        x: 40, y: 12, fg: Yellow, bg: Rgb(28, 28, 8), underline: Reset, modifier: BOLD,
        x: 52, y: 12, fg: Rgb(28, 28, 8), bg: Yellow, underline: Reset, modifier: BOLD,
        x: 60, y: 12, fg: Yellow, bg: Rgb(28, 28, 8), underline: Reset, modifier: BOLD,
        x: 79, y: 12, fg: Reset, bg: Reset, underline: Reset, modifier: NONE,
        x: 80, y: 12, fg: Green, bg: Reset, underline: Reset, modifier: NONE,
        x: 81, y: 12, fg: Reset, bg: Rgb(92, 156, 200), underline: Reset, modifier: NONE,
        x: 89, y: 12, fg: Reset, bg: Rgb(91, 155, 199), underline: Reset, modifier: NONE,
        x: 94, y: 12, fg: Reset, bg: Rgb(90, 154, 198), underline: Reset, modifier: NONE,
        x: 99, y: 12, fg: Reset, bg: Rgb(89, 153, 197), underline: Reset, modifier: NONE,
        x: 106, y: 12, fg: Reset, bg: Rgb(90, 154, 198), underline: Reset, modifier: NONE,
        x: 110, y: 12, fg: Reset, bg: Rgb(91, 155, 199), underline: Reset, modifier: NONE,
        x: 113, y: 12, fg: Reset, bg: Rgb(92, 156, 200), underline: Reset, modifier: NONE,
        x: 115, y: 12, fg: Reset, bg: Rgb(93, 157, 201), underline: Reset, modifier: NONE,
        x: 117, y: 12, fg: Reset, bg: Rgb(94, 158, 202), underline: Reset, modifier: NONE,
        x: 119, y: 12, fg: Reset, bg: Rgb(95, 159, 203), underline: Reset, modifier: NONE,
        x: 122, y: 12, fg: Reset, bg: Rgb(96, 160, 204), underline: Reset, modifier: NONE,
        x: 124, y: 12, fg: Reset, bg: Rgb(97, 161, 205), underline: Reset, modifier: NONE,
        x: 130, y: 12, fg: Reset, bg: Rgb(98, 162, 206), underline: Reset, modifier: NONE,
        x: 131, y: 12, fg: Reset, bg: Rgb(97, 161, 205), underline: Reset, modifier: NONE,
        x: 136, y: 12, fg: Reset, bg: Rgb(96, 160, 204), underline: Reset, modifier: NONE,
        x: 139, y: 12, fg: Reset, bg: Rgb(95, 159, 203), underline: Reset, modifier: NONE,
        x: 141, y: 12, fg: Reset, bg: Rgb(94, 158, 202), underline: Reset, modifier: NONE,
        x: 142, y: 12, fg: Rgb(255, 236, 170), bg: Rgb(94, 158, 202), underline: Reset, modifier: NONE,
        x: 143, y: 12, fg: Reset, bg: Rgb(93, 157, 201), underline: Reset, modifier: NONE,
        x: 145, y: 12, fg: Reset, bg: Rgb(92, 156, 200), underline: Reset, modifier: NONE,
        x: 146, y: 12, fg: Reset, bg: Rgb(91, 155, 199), underline: Reset, modifier: NONE,
        x: 148, y: 12, fg: Reset, bg: Rgb(90, 154, 198), underline: Reset, modifier: NONE,
        x: 151, y: 12, fg: Reset, bg: Rgb(89, 153, 197), underline: Reset, modifier: NONE,
        x: 154, y: 12, fg: Reset, bg: Rgb(88, 152, 196), underline: Reset, modifier: NONE,
        x: 159, y: 12, fg: Green, bg: Reset, underline: Reset, modifier: NONE,
        x: 0, y: 13, fg: Reset, bg: Reset, underline: Reset, modifier: NONE,
        x: 80, y: 13, fg: Green, bg: Reset, underline: Reset, modifier: NONE,
        x: 81, y: 13, fg: Reset, bg: Rgb(90, 155, 194), underline: Reset, modifier: NONE,
        x: 89, y: 13, fg: Reset, bg: Rgb(89, 154, 193), underline: Reset, modifier: NONE,
        x: 94, y: 13, fg: Reset, bg: Rgb(88, 153, 192), underline: Reset, modifier: NONE,
        x: 109, y: 13, fg: Reset, bg: Rgb(89, 154, 193), underline: Reset, modifier: NONE,
        x: 112, y: 13, fg: Reset, bg: Rgb(90, 155, 194), underline: Reset, modifier: NONE,
        x: 114, y: 13, fg: Reset, bg: Rgb(91, 156, 195), underline: Reset, modifier: NONE,
        x: 116, y: 13, fg: Reset, bg: Rgb(92, 157, 196), underline: Reset, modifier: NONE,
        x: 118, y: 13, fg: Reset, bg: Rgb(93, 158, 197), underline: Reset, modifier: NONE,
        x: 121, y: 13, fg: Reset, bg: Rgb(94, 159, 198), underline: Reset, modifier: NONE,
        x: 124, y: 13, fg: Reset, bg: Rgb(95, 160, 199), underline: Reset, modifier: NONE,
        x: 135, y: 13, fg: Reset, bg: Rgb(94, 159, 198), underline: Reset, modifier: NONE,
        x: 137, y: 13, fg: Reset, bg: Rgb(93, 158, 197), underline: Reset, modifier: NONE,
        x: 140, y: 13, fg: Rgb(255, 220, 140), bg: Rgb(92, 157, 196), underline: Reset, modifier: NONE,
        x: 141, y: 13, fg: Rgb(255, 240, 180), bg: Rgb(91, 156, 195), underline: Reset, modifier: NONE,
        x: 142, y: 13, fg: Rgb(255, 230, 160), bg: Rgb(91, 156, 195), underline: Reset, modifier: NONE,
        x: 143, y: 13, fg: Rgb(255, 240, 180), bg: Rgb(90, 155, 194), underline: Reset, modifier: NONE,
        x: 144, y: 13, fg: Rgb(255, 220, 140), bg: Rgb(90, 155, 194), underline: Reset, modifier: NONE,
        x: 145, y: 13, fg: Reset, bg: Rgb(89, 154, 193), underline: Reset, modifier: NONE,
        x: 147, y: 13, fg: Reset, bg: Rgb(88, 153, 192), underline: Reset, modifier: NONE,
        x: 149, y: 13, fg: Reset, bg: Rgb(87, 152, 191), underline: Reset, modifier: NONE,
        x: 152, y: 13, fg: Reset, bg: Rgb(86, 151, 190), underline: Reset, modifier: NONE,
        x: 159, y: 13, fg: Green, bg: Reset, underline: Reset, modifier: NONE,
        x: 0, y: 14, fg: Reset, bg: Reset, underline: Reset, modifier: NONE,
        x: 80, y: 14, fg: Green, bg: Reset, underline: Reset, modifier: NONE,
        x: 81, y: 14, fg: Reset, bg: Rgb(89, 154, 188), underline: Reset, modifier: NONE,
        x: 90, y: 14, fg: Reset, bg: Rgb(88, 153, 187), underline: Reset, modifier: NONE,
        x: 95, y: 14, fg: Reset, bg: Rgb(87, 152, 186), underline: Reset, modifier: NONE,
        x: 107, y: 14, fg: Reset, bg: Rgb(88, 153, 187), underline: Reset, modifier: NONE,
        x: 110, y: 14, fg: Reset, bg: Rgb(89, 154, 188), underline: Reset, modifier: NONE,
        x: 113, y: 14, fg: Reset, bg: Rgb(90, 155, 189), underline: Reset, modifier: NONE,
        x: 115, y: 14, fg: Reset, bg: Rgb(91, 156, 190), underline: Reset, modifier: NONE,
        x: 117, y: 14, fg: Reset, bg: Rgb(92, 157, 191), underline: Reset, modifier: NONE,
        x: 120, y: 14, fg: Reset, bg: Rgb(93, 158, 192), underline: Reset, modifier: NONE,
        x: 123, y: 14, fg: Reset, bg: Rgb(94, 159, 193), underline: Reset, modifier: NONE,
        x: 133, y: 14, fg: Reset, bg: Rgb(93, 158, 192), underline: Reset, modifier: NONE,
        x: 136, y: 14, fg: Reset, bg: Rgb(92, 157, 191), underline: Reset, modifier: NONE,
        x: 138, y: 14, fg: Reset, bg: Rgb(91, 156, 190), underline: Reset, modifier: NONE,
        x: 140, y: 14, fg: Reset, bg: Rgb(90, 155, 189), underline: Reset, modifier: NONE,
        x: 142, y: 14, fg: Rgb(255, 236, 170), bg: Rgb(89, 154, 188), underline: Reset, modifier: NONE,
        x: 143, y: 14, fg: Reset, bg: Rgb(89, 154, 188), underline: Reset, modifier: NONE,
        x: 144, y: 14, fg: Reset, bg: Rgb(88, 153, 187), underline: Reset, modifier: NONE,
        x: 146, y: 14, fg: Reset, bg: Rgb(87, 152, 186), underline: Reset, modifier: NONE,
        x: 148, y: 14, fg: Reset, bg: Rgb(86, 151, 185), underline: Reset, modifier: NONE,
        x: 150, y: 14, fg: Reset, bg: Rgb(85, 150, 184), underline: Reset, modifier: NONE,
        x: 154, y: 14, fg: Reset, bg: Rgb(84, 149, 183), underline: Reset, modifier: NONE,
        x: 159, y: 14, fg: Green, bg: Reset, underline: Reset, modifier: NONE,
        x: 0, y: 15, fg: Reset, bg: Reset, underline: Reset, modifier: NONE,
        x: 1, y: 15, fg: Reset, bg: Reset, underline: Reset, modifier: BOLD,
        x: 7, y: 15, fg: Reset, bg: Reset, underline: Reset, modifier: NONE,
        x: 8, y: 15, fg: DarkGray, bg: Reset, underline: Reset, modifier: NONE,
        x: 15, y: 15, fg: Reset, bg: Reset, underline: Reset, modifier: NONE,
        x: 80, y: 15, fg: Green, bg: Reset, underline: Reset, modifier: NONE,
        x: 81, y: 15, fg: Reset, bg: Rgb(87, 154, 182), underline: Reset, modifier: NONE,
        x: 91, y: 15, fg: Reset, bg: Rgb(86, 153, 181), underline: Reset, modifier: NONE,
        x: 97, y: 15, fg: Reset, bg: Rgb(85, 152, 180), underline: Reset, modifier: NONE,
        x: 104, y: 15, fg: Reset, bg: Rgb(86, 153, 181), underline: Reset, modifier: NONE,
        x: 109, y: 15, fg: Reset, bg: Rgb(87, 154, 182), underline: Reset, modifier: NONE,
        x: 112, y: 15, fg: Reset, bg: Rgb(88, 155, 183), underline: Reset, modifier: NONE,
        x: 114, y: 15, fg: Reset, bg: Rgb(89, 156, 184), underline: Reset, modifier: NONE,
        x: 116, y: 15, fg: Reset, bg: Rgb(90, 157, 185), underline: Reset, modifier: NONE,
        x: 119, y: 15, fg: Reset, bg: Rgb(91, 158, 186), underline: Reset, modifier: NONE,
        x: 122, y: 15, fg: Reset, bg: Rgb(92, 159, 187), underline: Reset, modifier: NONE,
        x: 132, y: 15, fg: Reset, bg: Rgb(91, 158, 186), underline: Reset, modifier: NONE,
        x: 135, y: 15, fg: Reset, bg: Rgb(90, 157, 185), underline: Reset, modifier: NONE,
        x: 137, y: 15, fg: Reset, bg: Rgb(89, 156, 184), underline: Reset, modifier: NONE,
        x: 139, y: 15, fg: Reset, bg: Rgb(88, 155, 183), underline: Reset, modifier: NONE,
        x: 141, y: 15, fg: Reset, bg: Rgb(87, 154, 182), underline: Reset, modifier: NONE,
        x: 142, y: 15, fg: Reset, bg: Rgb(86, 153, 181), underline: Reset, modifier: NONE,
        x: 144, y: 15, fg: Reset, bg: Rgb(85, 152, 180), underline: Reset, modifier: NONE,
        x: 146, y: 15, fg: Reset, bg: Rgb(84, 151, 179), underline: Reset, modifier: NONE,
        x: 149, y: 15, fg: Reset, bg: Rgb(83, 150, 178), underline: Reset, modifier: NONE,
        x: 152, y: 15, fg: Reset, bg: Rgb(82, 149, 177), underline: Reset, modifier: NONE,
        x: 159, y: 15, fg: Green, bg: Reset, underline: Reset, modifier: NONE,
        x: 0, y: 16, fg: Reset, bg: Reset, underline: Reset, modifier: NONE,
        x: 1, y: 16, fg: Reset, bg: Reset, underline: Reset, modifier: BOLD,
        x: 7, y: 16, fg: Reset, bg: Reset, underline: Reset, modifier: NONE,
        x: 8, y: 16, fg: DarkGray, bg: Reset, underline: Reset, modifier: NONE,
        x: 15, y: 16, fg: Reset, bg: Reset, underline: Reset, modifier: NONE,
        x: 80, y: 16, fg: Green, bg: Reset, underline: Reset, modifier: NONE,
        x: 81, y: 16, fg: Reset, bg: Rgb(86, 153, 177), underline: Reset, modifier: NONE,
        x: 82, y: 16, fg: Reset, bg: Rgb(87, 154, 178), underline: Reset, modifier: NONE,
        x: 84, y: 16, fg: Reset, bg: Rgb(86, 153, 177), underline: Reset, modifier: NONE,
        x: 92, y: 16, fg: Reset, bg: Rgb(85, 152, 176), underline: Reset, modifier: NONE,
        x: 107, y: 16, fg: Reset, bg: Rgb(86, 153, 177), underline: Reset, modifier: NONE,
        x: 110, y: 16, fg: Reset, bg: Rgb(87, 154, 178), underline: Reset, modifier: NONE,
        x: 113, y: 16, fg: Reset, bg: Rgb(88, 155, 179), underline: Reset, modifier: NONE,
        x: 116, y: 16, fg: Reset, bg: Rgb(89, 156, 180), underline: Reset, modifier: NONE,
        x: 118, y: 16, fg: Reset, bg: Rgb(90, 157, 181), underline: Reset, modifier: NONE,
        x: 122, y: 16, fg: Reset, bg: Rgb(91, 158, 182), underline: Reset, modifier: NONE,
        x: 130, y: 16, fg: Reset, bg: Rgb(90, 157, 181), underline: Reset, modifier: NONE,
        x: 133, y: 16, fg: Reset, bg: Rgb(89, 156, 180), underline: Reset, modifier: NONE,
        x: 136, y: 16, fg: Reset, bg: Rgb(88, 155, 179), underline: Reset, modifier: NONE,
        x: 138, y: 16, fg: Reset, bg: Rgb(87, 154, 178), underline: Reset, modifier: NONE,
        x: 139, y: 16, fg: Reset, bg: Rgb(86, 153, 177), underline: Reset, modifier: NONE,
        x: 141, y: 16, fg: Reset, bg: Rgb(85, 152, 176), underline: Reset, modifier: NONE,
        x: 143, y: 16, fg: Reset, bg: Rgb(84, 151, 175), underline: Reset, modifier: NONE,
        x: 145, y: 16, fg: Reset, bg: Rgb(83, 150, 174), underline: Reset, modifier: NONE,
        x: 147, y: 16, fg: Reset, bg: Rgb(82, 149, 173), underline: Reset, modifier: NONE,
        x: 150, y: 16, fg: Reset, bg: Rgb(81, 148, 172), underline: Reset, modifier: NONE,
        x: 159, y: 16, fg: Green, bg: Reset, underline: Reset, modifier: NONE,
        x: 0, y: 17, fg: Reset, bg: Reset, underline: Reset, modifier: NONE,
        x: 1, y: 17, fg: Reset, bg: Reset, underline: Reset, modifier: BOLD,
        x: 7, y: 17, fg: Reset, bg: Reset, underline: Reset, modifier: NONE,
        x: 8, y: 17, fg: DarkGray, bg: Reset, underline: Reset, modifier: NONE,
        x: 15, y: 17, fg: Reset, bg: Reset, underline: Reset, modifier: NONE,
        x: 80, y: 17, fg: Green, bg: Reset, underline: Reset, modifier: NONE,
        x: 81, y: 17, fg: Reset, bg: Rgb(85, 153, 172), underline: Reset, modifier: NONE,
        x: 87, y: 17, fg: Reset, bg: Rgb(84, 152, 171), underline: Reset, modifier: NONE,
        x: 93, y: 17, fg: Reset, bg: Rgb(83, 151, 170), underline: Reset, modifier: NONE,
        x: 106, y: 17, fg: Reset, bg: Rgb(84, 152, 171), underline: Reset, modifier: NONE,
        x: 109, y: 17, fg: Reset, bg: Rgb(85, 153, 172), underline: Reset, modifier: NONE,
        x: 112, y: 17, fg: Reset, bg: Rgb(86, 154, 173), underline: Reset, modifier: NONE,
        x: 115, y: 17, fg: Reset, bg: Rgb(87, 155, 174), underline: Reset, modifier: NONE,
        x: 118, y: 17, fg: Reset, bg: Rgb(88, 156, 175), underline: Reset, modifier: NONE,
        x: 122, y: 17, fg: Reset, bg: Rgb(89, 157, 176), underline: Reset, modifier: NONE,
        x: 128, y: 17, fg: Reset, bg: Rgb(88, 156, 175), underline: Reset, modifier: NONE,
        x: 132, y: 17, fg: Reset, bg: Rgb(87, 155, 174), underline: Reset, modifier: NONE,
        x: 134, y: 17, fg: Reset, bg: Rgb(86, 154, 173), underline: Reset, modifier: NONE,
        x: 136, y: 17, fg: Reset, bg: Rgb(85, 153, 172), underline: Reset, modifier: NONE,
        x: 138, y: 17, fg: Reset, bg: Rgb(84, 152, 171), underline: Reset, modifier: NONE,
        x: 140, y: 17, fg: Reset, bg: Rgb(83, 151, 170), underline: Reset, modifier: NONE,
        x: 142, y: 17, fg: Reset, bg: Rgb(82, 150, 169), underline: Reset, modifier: NONE,
        x: 144, y: 17, fg: Reset, bg: Rgb(81, 149, 168), underline: Reset, modifier: NONE,
        x: 146, y: 17, fg: Reset, bg: Rgb(80, 148, 167), underline: Reset, modifier: NONE,
        x: 149, y: 17, fg: Reset, bg: Rgb(79, 147, 166), underline: Reset, modifier: NONE,
        x: 159, y: 17, fg: Green, bg: Reset, underline: Reset, modifier: NONE,
        x: 0, y: 18, fg: Reset, bg: Reset, underline: Reset, modifier: NONE,
        x: 1, y: 18, fg: Reset, bg: Reset, underline: Reset, modifier: BOLD,
        x: 7, y: 18, fg: Reset, bg: Reset, underline: Reset, modifier: NONE,
        x: 8, y: 18, fg: DarkGray, bg: Reset, underline: Reset, modifier: NONE,
        x: 15, y: 18, fg: Reset, bg: Reset, underline: Reset, modifier: NONE,
        x: 80, y: 18, fg: Green, bg: Reset, underline: Reset, modifier: NONE,
        x: 81, y: 18, fg: Reset, bg: Rgb(84, 152, 167), underline: Reset, modifier: NONE,
        x: 89, y: 18, fg: Reset, bg: Rgb(83, 151, 166), underline: Reset, modifier: NONE,
        x: 95, y: 18, fg: Reset, bg: Rgb(82, 150, 165), underline: Reset, modifier: NONE,
        x: 104, y: 18, fg: Reset, bg: Rgb(83, 151, 166), underline: Reset, modifier: NONE,
        x: 108, y: 18, fg: Reset, bg: Rgb(84, 152, 167), underline: Reset, modifier: NONE,
        x: 111, y: 18, fg: Reset, bg: Rgb(85, 153, 168), underline: Reset, modifier: NONE,
        x: 114, y: 18, fg: Reset, bg: Rgb(86, 154, 169), underline: Reset, modifier: NONE,
        x: 117, y: 18, fg: Reset, bg: Rgb(87, 155, 170), underline: Reset, modifier: NONE,
        x: 123, y: 18, fg: Reset, bg: Rgb(88, 156, 171), underline: Reset, modifier: NONE,
        x: 125, y: 18, fg: Reset, bg: Rgb(87, 155, 170), underline: Reset, modifier: NONE,
        x: 130, y: 18, fg: Reset, bg: Rgb(86, 154, 169), underline: Reset, modifier: NONE,
        x: 133, y: 18, fg: Reset, bg: Rgb(85, 153, 168), underline: Reset, modifier: NONE,
        x: 135, y: 18, fg: Reset, bg: Rgb(84, 152, 167), underline: Reset, modifier: NONE,
        x: 137, y: 18, fg: Reset, bg: Rgb(83, 151, 166), underline: Reset, modifier: NONE,
        x: 139, y: 18, fg: Reset, bg: Rgb(82, 150, 165), underline: Reset, modifier: NONE,
        x: 140, y: 18, fg: Reset, bg: Rgb(81, 149, 164), underline: Reset, modifier: NONE,
        x: 142, y: 18, fg: Reset, bg: Rgb(80, 148, 163), underline: Reset, modifier: NONE,
        x: 144, y: 18, fg: Reset, bg: Rgb(79, 147, 162), underline: Reset, modifier: NONE,
        x: 147, y: 18, fg: Reset, bg: Rgb(78, 146, 161), underline: Reset, modifier: NONE,
        x: 158, y: 18, fg: Reset, bg: Rgb(79, 147, 162), underline: Reset, modifier: NONE,
        x: 159, y: 18, fg: Green, bg: Reset, underline: Reset, modifier: NONE,
        x: 0, y: 19, fg: Reset, bg: Reset, underline: Reset, modifier: NONE,
        x: 1, y: 19, fg: Reset, bg: Reset, underline: Reset, modifier: BOLD,
        x: 7, y: 19, fg: Reset, bg: Reset, underline: Reset, modifier: NONE,
        x: 8, y: 19, fg: DarkGray, bg: Reset, underline: Reset, modifier: NONE,
        x: 15, y: 19, fg: Reset, bg: Reset, underline: Reset, modifier: NONE,
        x: 80, y: 19, fg: Green, bg: Reset, underline: Reset, modifier: NONE,
        x: 81, y: 19, fg: Reset, bg: Rgb(82, 152, 161), underline: Reset, modifier: NONE,
        x: 90, y: 19, fg: Reset, bg: Rgb(81, 151, 160), underline: Reset, modifier: NONE,
        x: 97, y: 19, fg: Reset, bg: Rgb(80, 150, 159), underline: Reset, modifier: NONE,
        x: 101, y: 19, fg: Reset, bg: Rgb(81, 151, 160), underline: Reset, modifier: NONE,
        x: 107, y: 19, fg: Reset, bg: Rgb(82, 152, 161), underline: Reset, modifier: NONE,
        x: 111, y: 19, fg: Reset, bg: Rgb(83, 153, 162), underline: Reset, modifier: NONE,
        x: 114, y: 19, fg: Reset, bg: Rgb(84, 154, 163), underline: Reset, modifier: NONE,
        x: 117, y: 19, fg: Reset, bg: Rgb(85, 155, 164), underline: Reset, modifier: NONE,
        x: 128, y: 19, fg: Reset, bg: Rgb(84, 154, 163), underline: Reset, modifier: NONE,
        x: 131, y: 19, fg: Reset, bg: Rgb(83, 153, 162), underline: Reset, modifier: NONE,
        x: 133, y: 19, fg: Reset, bg: Rgb(82, 152, 161), underline: Reset, modifier: NONE,
        x: 135, y: 19, fg: Reset, bg: Rgb(81, 151, 160), underline: Reset, modifier: NONE,
        x: 137, y: 19, fg: Reset, bg: Rgb(80, 150, 159), underline: Reset, modifier: NONE,
        x: 139, y: 19, fg: Reset, bg: Rgb(79, 149, 158), underline: Reset, modifier: NONE,
        x: 141, y: 19, fg: Reset, bg: Rgb(78, 148, 157), underline: Reset, modifier: NONE,
        x: 143, y: 19, fg: Reset, bg: Rgb(77, 147, 156), underline: Reset, modifier: NONE,
        x: 146, y: 19, fg: Reset, bg: Rgb(76, 146, 155), underline: Reset, modifier: NONE,
        x: 157, y: 19, fg: Reset, bg: Rgb(77, 147, 156), underline: Reset, modifier: NONE,
        x: 159, y: 19, fg: Green, bg: Reset, underline: Reset, modifier: NONE,
        x: 0, y: 20, fg: Reset, bg: Reset, underline: Reset, modifier: NONE,
        x: 1, y: 20, fg: Reset, bg: Reset, underline: Reset, modifier: BOLD,
        x: 7, y: 20, fg: Reset, bg: Reset, underline: Reset, modifier: NONE,
        x: 8, y: 20, fg: DarkGray, bg: Reset, underline: Reset, modifier: NONE,
        x: 15, y: 20, fg: Reset, bg: Reset, underline: Reset, modifier: NONE,
        x: 80, y: 20, fg: Green, bg: Reset, underline: Reset, modifier: NONE,
        x: 81, y: 20, fg: Reset, bg: Rgb(82, 152, 157), underline: Reset, modifier: NONE,
        x: 85, y: 20, fg: Reset, bg: Rgb(81, 151, 156), underline: Reset, modifier: NONE,
        x: 91, y: 20, fg: Reset, bg: Rgb(80, 150, 155), underline: Reset, modifier: NONE,
        x: 106, y: 20, fg: Reset, bg: Rgb(81, 151, 156), underline: Reset, modifier: NONE,
        x: 110, y: 20, fg: Reset, bg: Rgb(82, 152, 157), underline: Reset, modifier: NONE,
        x: 113, y: 20, fg: Reset, bg: Rgb(83, 153, 158), underline: Reset, modifier: NONE,
        x: 117, y: 20, fg: Reset, bg: Rgb(84, 154, 159), underline: Reset, modifier: NONE,
        x: 126, y: 20, fg: Reset, bg: Rgb(83, 153, 158), underline: Reset, modifier: NONE,
        x: 130, y: 20, fg: Reset, bg: Rgb(82, 152, 157), underline: Reset, modifier: NONE,
        x: 132, y: 20, fg: Reset, bg: Rgb(81, 151, 156), underline: Reset, modifier: NONE,
        x: 134, y: 20, fg: Reset, bg: Rgb(80, 150, 155), underline: Reset, modifier: NONE,
        x: 136, y: 20, fg: Reset, bg: Rgb(79, 149, 154), underline: Reset, modifier: NONE,
        x: 138, y: 20, fg: Reset, bg: Rgb(78, 148, 153), underline: Reset, modifier: NONE,
        x: 140, y: 20, fg: Reset, bg: Rgb(77, 147, 152), underline: Reset, modifier: NONE,
        x: 142, y: 20, fg: Reset, bg: Rgb(76, 146, 151), underline: Reset, modifier: NONE,
        x: 144, y: 20, fg: Reset, bg: Rgb(75, 145, 150), underline: Reset, modifier: NONE,
        x: 149, y: 20, fg: Reset, bg: Rgb(74, 144, 149), underline: Reset, modifier: NONE,
        x: 152, y: 20, fg: Reset, bg: Rgb(75, 145, 150), underline: Reset, modifier: NONE,
        x: 157, y: 20, fg: Reset, bg: Rgb(76, 146, 151), underline: Reset, modifier: NONE,
        x: 159, y: 20, fg: Green, bg: Reset, underline: Reset, modifier: NONE,
        x: 0, y: 21, fg: Reset, bg: Reset, underline: Reset, modifier: NONE,
        x: 1, y: 21, fg: Reset, bg: Reset, underline: Reset, modifier: BOLD,
        x: 7, y: 21, fg: Reset, bg: Reset, underline: Reset, modifier: NONE,
        x: 8, y: 21, fg: DarkGray, bg: Reset, underline: Reset, modifier: NONE,
        x: 15, y: 21, fg: Reset, bg: Reset, underline: Reset, modifier: NONE,
        x: 80, y: 21, fg: Green, bg: Reset, underline: Reset, modifier: NONE,
        x: 81, y: 21, fg: Reset, bg: Rgb(81, 151, 151), underline: Reset, modifier: NONE,
        x: 87, y: 21, fg: Reset, bg: Rgb(80, 150, 150), underline: Reset, modifier: NONE,
        x: 92, y: 21, fg: Reset, bg: Rgb(79, 149, 149), underline: Reset, modifier: NONE,
        x: 106, y: 21, fg: Reset, bg: Rgb(80, 150, 150), underline: Reset, modifier: NONE,
        x: 110, y: 21, fg: Reset, bg: Rgb(81, 151, 151), underline: Reset, modifier: NONE,
        x: 113, y: 21, fg: Reset, bg: Rgb(82, 152, 152), underline: Reset, modifier: NONE,
        x: 118, y: 21, fg: Reset, bg: Rgb(83, 153, 153), underline: Reset, modifier: NONE,
        x: 124, y: 21, fg: Reset, bg: Rgb(82, 152, 152), underline: Reset, modifier: NONE,
        x: 128, y: 21, fg: Reset, bg: Rgb(81, 151, 151), underline: Reset, modifier: NONE,
        x: 131, y: 21, fg: Reset, bg: Rgb(80, 150, 150), underline: Reset, modifier: NONE,
        x: 133, y: 21, fg: Reset, bg: Rgb(79, 149, 149), underline: Reset, modifier: NONE,
        x: 135, y: 21, fg: Reset, bg: Rgb(78, 148, 148), underline: Reset, modifier: NONE,
        x: 137, y: 21, fg: Reset, bg: Rgb(77, 147, 147), underline: Reset, modifier: NONE,
        x: 139, y: 21, fg: Reset, bg: Rgb(76, 146, 146), underline: Reset, modifier: NONE,
        x: 141, y: 21, fg: Reset, bg: Rgb(75, 145, 145), underline: Reset, modifier: NONE,
        x: 143, y: 21, fg: Reset, bg: Rgb(74, 144, 144), underline: Reset, modifier: NONE,
        x: 148, y: 21, fg: Reset, bg: Rgb(73, 143, 143), underline: Reset, modifier: NONE,
        x: 151, y: 21, fg: Reset, bg: Rgb(74, 144, 144), underline: Reset, modifier: NONE,
        x: 156, y: 21, fg: Reset, bg: Rgb(75, 145, 145), underline: Reset, modifier: NONE,
        x: 158, y: 21, fg: Reset, bg: Rgb(76, 146, 146), underline: Reset, modifier: NONE,
        x: 159, y: 21, fg: Green, bg: Reset, underline: Reset, modifier: NONE,
        x: 0, y: 22, fg: Reset, bg: Reset, underline: Reset, modifier: NONE,
        x: 80, y: 22, fg: Green, bg: Reset, underline: Reset, modifier: NONE,
        x: 81, y: 22, fg: Reset, bg: Rgb(79, 151, 146), underline: Reset, modifier: NONE,
        x: 85, y: 22, fg: Rgb(50, 120, 50), bg: Rgb(79, 151, 146), underline: Reset, modifier: NONE,
        x: 88, y: 22, fg: Rgb(50, 120, 50), bg: Rgb(78, 150, 145), underline: Reset, modifier: NONE,
        x: 90, y: 22, fg: Reset, bg: Rgb(78, 150, 145), underline: Reset, modifier: NONE,
        x: 93, y: 22, fg: Reset, bg: Rgb(77, 149, 144), underline: Reset, modifier: NONE,
        x: 105, y: 22, fg: Reset, bg: Rgb(78, 150, 145), underline: Reset, modifier: NONE,
        x: 107, y: 22, fg: Rgb(140, 146, 168), bg: Rgb(78, 150, 145), underline: Reset, modifier: NONE,
        x: 108, y: 22, fg: Reset, bg: Rgb(78, 150, 145), underline: Reset, modifier: NONE,
        x: 109, y: 22, fg: Rgb(140, 146, 168), bg: Rgb(79, 151, 146), underline: Reset, modifier: NONE,
        x: 113, y: 22, fg: Rgb(140, 146, 168), bg: Rgb(80, 152, 147), underline: Reset, modifier: NONE,
        x: 117, y: 22, fg: Reset, bg: Rgb(80, 152, 147), underline: Reset, modifier: NONE,
        x: 118, y: 22, fg: Rgb(140, 146, 168), bg: Rgb(80, 152, 147), underline: Reset, modifier: NONE,
        x: 121, y: 22, fg: Reset, bg: Rgb(80, 152, 147), underline: Reset, modifier: NONE,
        x: 122, y: 22, fg: Rgb(140, 146, 168), bg: Rgb(80, 152, 147), underline: Reset, modifier: NONE,
        x: 126, y: 22, fg: Rgb(140, 146, 168), bg: Rgb(79, 151, 146), underline: Reset, modifier: NONE,
        x: 129, y: 22, fg: Rgb(140, 146, 168), bg: Rgb(78, 150, 145), underline: Reset, modifier: NONE,
        x: 131, y: 22, fg: Rgb(140, 146, 168), bg: Rgb(77, 149, 144), underline: Reset, modifier: NONE,
        x: 132, y: 22, fg: Reset, bg: Rgb(77, 149, 144), underline: Reset, modifier: NONE,
        x: 134, y: 22, fg: Reset, bg: Rgb(76, 148, 143), underline: Reset, modifier: NONE,
        x: 135, y: 22, fg: Reset, bg: Rgb(75, 147, 142), underline: Reset, modifier: NONE,
        x: 137, y: 22, fg: Reset, bg: Rgb(74, 146, 141), underline: Reset, modifier: NONE,
        x: 140, y: 22, fg: Reset, bg: Rgb(73, 145, 140), underline: Reset, modifier: NONE,
        x: 142, y: 22, fg: Reset, bg: Rgb(72, 144, 139), underline: Reset, modifier: NONE,
        x: 147, y: 22, fg: Reset, bg: Rgb(71, 143, 138), underline: Reset, modifier: NONE,
        x: 150, y: 22, fg: Reset, bg: Rgb(72, 144, 139), underline: Reset, modifier: NONE,
        x: 154, y: 22, fg: Reset, bg: Rgb(73, 145, 140), underline: Reset, modifier: NONE,
        x: 157, y: 22, fg: Reset, bg: Rgb(74, 146, 141), underline: Reset, modifier: NONE,
        x: 159, y: 22, fg: Green, bg: Reset, underline: Reset, modifier: NONE,
        x: 0, y: 23, fg: Reset, bg: Reset, underline: Reset, modifier: NONE,
        x: 80, y: 23, fg: Green, bg: Reset, underline: Reset, modifier: NONE,
        x: 81, y: 23, fg: Rgb(50, 120, 50), bg: Rgb(79, 151, 142), underline: Reset, modifier: NONE,
        x: 83, y: 23, fg: Rgb(50, 120, 50), bg: Rgb(78, 150, 141), underline: Reset, modifier: NONE,
        x: 88, y: 23, fg: Rgb(50, 120, 50), bg: Rgb(77, 149, 140), underline: Reset, modifier: NONE,
        x: 93, y: 23, fg: Rgb(50, 120, 50), bg: Rgb(76, 148, 139), underline: Reset, modifier: NONE,
        x: 96, y: 23, fg: Reset, bg: Rgb(76, 148, 139), underline: Reset, modifier: NONE,
        x: 105, y: 23, fg: Reset, bg: Rgb(77, 149, 140), underline: Reset, modifier: NONE,
        x: 109, y: 23, fg: Reset, bg: Rgb(78, 150, 141), underline: Reset, modifier: NONE,
        x: 114, y: 23, fg: Reset, bg: Rgb(79, 151, 142), underline: Reset, modifier: NONE,
        x: 124, y: 23, fg: Reset, bg: Rgb(78, 150, 141), underline: Reset, modifier: NONE,
        x: 128, y: 23, fg: Reset, bg: Rgb(77, 149, 140), underline: Reset, modifier: NONE,
        x: 130, y: 23, fg: Reset, bg: Rgb(76, 148, 139), underline: Reset, modifier: NONE,
        x: 132, y: 23, fg: Rgb(50, 120, 50), bg: Rgb(75, 147, 138), underline: Reset, modifier: NONE,
        x: 134, y: 23, fg: Rgb(50, 120, 50), bg: Rgb(74, 146, 137), underline: Reset, modifier: NONE,
        x: 136, y: 23, fg: Rgb(50, 120, 50), bg: Rgb(73, 145, 136), underline: Reset, modifier: NONE,
        x: 139, y: 23, fg: Rgb(50, 120, 50), bg: Rgb(72, 144, 135), underline: Reset, modifier: NONE,
        x: 141, y: 23, fg: Rgb(50, 120, 50), bg: Rgb(71, 143, 134), underline: Reset, modifier: NONE,
        x: 146, y: 23, fg: Rgb(50, 120, 50), bg: Rgb(70, 142, 133), underline: Reset, modifier: NONE,
        x: 149, y: 23, fg: Rgb(50, 120, 50), bg: Rgb(71, 143, 134), underline: Reset, modifier: NONE,
        x: 153, y: 23, fg: Rgb(50, 120, 50), bg: Rgb(72, 144, 135), underline: Reset, modifier: NONE,
        x: 155, y: 23, fg: Reset, bg: Rgb(72, 144, 135), underline: Reset, modifier: NONE,
        x: 156, y: 23, fg: Reset, bg: Rgb(73, 145, 136), underline: Reset, modifier: NONE,
        x: 158, y: 23, fg: Reset, bg: Rgb(74, 146, 137), underline: Reset, modifier: NONE,
        x: 159, y: 23, fg: Green, bg: Reset, underline: Reset, modifier: NONE,
        x: 0, y: 24, fg: Reset, bg: Reset, underline: Reset, modifier: NONE,
        x: 80, y: 24, fg: Green, bg: Reset, underline: Reset, modifier: NONE,
        x: 81, y: 24, fg: Rgb(50, 120, 50), bg: Rgb(77, 150, 137), underline: Reset, modifier: NONE,
        x: 84, y: 24, fg: Rgb(50, 120, 50), bg: Rgb(76, 149, 136), underline: Reset, modifier: NONE,
        x: 85, y: 24, fg: Reset, bg: Rgb(76, 149, 136), underline: Reset, modifier: NONE,
        x: 89, y: 24, fg: Reset, bg: Rgb(75, 148, 135), underline: Reset, modifier: NONE,
        x: 90, y: 24, fg: Rgb(50, 120, 50), bg: Rgb(75, 148, 135), underline: Reset, modifier: NONE,
        x: 93, y: 24, fg: Rgb(50, 120, 50), bg: Rgb(74, 147, 134), underline: Reset, modifier: NONE,
        x: 105, y: 24, fg: Rgb(50, 120, 50), bg: Rgb(75, 148, 135), underline: Reset, modifier: NONE,
        x: 108, y: 24, fg: Reset, bg: Rgb(75, 148, 135), underline: Reset, modifier: NONE,
        x: 110, y: 24, fg: Reset, bg: Rgb(76, 149, 136), underline: Reset, modifier: NONE,
        x: 115, y: 24, fg: Reset, bg: Rgb(77, 150, 137), underline: Reset, modifier: NONE,
        x: 122, y: 24, fg: Reset, bg: Rgb(76, 149, 136), underline: Reset, modifier: NONE,
        x: 126, y: 24, fg: Reset, bg: Rgb(75, 148, 135), underline: Reset, modifier: NONE,
        x: 128, y: 24, fg: Rgb(50, 120, 50), bg: Rgb(75, 148, 135), underline: Reset, modifier: NONE,
        x: 129, y: 24, fg: Rgb(50, 120, 50), bg: Rgb(74, 147, 134), underline: Reset, modifier: NONE,
        x: 131, y: 24, fg: Rgb(50, 120, 50), bg: Rgb(73, 146, 133), underline: Reset, modifier: NONE,
        x: 133, y: 24, fg: Rgb(50, 120, 50), bg: Rgb(72, 145, 132), underline: Reset, modifier: NONE,
        x: 135, y: 24, fg: Rgb(50, 120, 50), bg: Rgb(71, 144, 131), underline: Reset, modifier: NONE,
        x: 138, y: 24, fg: Rgb(50, 120, 50), bg: Rgb(70, 143, 130), underline: Reset, modifier: NONE,
        x: 140, y: 24, fg: Rgb(50, 120, 50), bg: Rgb(69, 142, 129), underline: Reset, modifier: NONE,
        x: 152, y: 24, fg: Rgb(50, 120, 50), bg: Rgb(70, 143, 130), underline: Reset, modifier: NONE,
        x: 155, y: 24, fg: Rgb(50, 120, 50), bg: Rgb(71, 144, 131), underline: Reset, modifier: NONE,
        x: 157, y: 24, fg: Rgb(50, 120, 50), bg: Rgb(72, 145, 132), underline: Reset, modifier: NONE,
        x: 158, y: 24, fg: Reset, bg: Rgb(72, 145, 132), underline: Reset, modifier: NONE,
        x: 159, y: 24, fg: Green, bg: Reset, underline: Reset, modifier: NONE,
        x: 0, y: 25, fg: Reset, bg: Reset, underline: Reset, modifier: NONE,
        x: 80, y: 25, fg: Green, bg: Reset, underline: Reset, modifier: NONE,
        x: 81, y: 25, fg: Reset, bg: Rgb(76, 150, 132), underline: Reset, modifier: NONE,
        x: 85, y: 25, fg: Reset, bg: Rgb(75, 149, 131), underline: Reset, modifier: NONE,
        x: 89, y: 25, fg: Reset, bg: Rgb(74, 148, 130), underline: Reset, modifier: NONE,
        x: 93, y: 25, fg: Reset, bg: Rgb(73, 147, 129), underline: Reset, modifier: NONE,
        x: 96, y: 25, fg: Rgb(50, 120, 50), bg: Rgb(73, 147, 129), underline: Reset, modifier: NONE,
        x: 105, y: 25, fg: Rgb(50, 120, 50), bg: Rgb(74, 148, 130), underline: Reset, modifier: NONE,
        x: 110, y: 25, fg: Rgb(50, 120, 50), bg: Rgb(75, 149, 131), underline: Reset, modifier: NONE,
        x: 112, y: 25, fg: Reset, bg: Rgb(75, 149, 131), underline: Reset, modifier: NONE,
        x: 124, y: 25, fg: Rgb(50, 120, 50), bg: Rgb(74, 148, 130), underline: Reset, modifier: NONE,
        x: 126, y: 25, fg: Rgb(40, 100, 40), bg: Rgb(74, 148, 130), underline: Reset, modifier: NONE,
        x: 127, y: 25, fg: Rgb(40, 100, 40), bg: Rgb(73, 147, 129), underline: Reset, modifier: NONE,
        x: 130, y: 25, fg: Rgb(40, 100, 40), bg: Rgb(72, 146, 128), underline: Reset, modifier: NONE,
        x: 132, y: 25, fg: Rgb(40, 100, 40), bg: Rgb(71, 145, 127), underline: Reset, modifier: NONE,
        x: 134, y: 25, fg: Rgb(40, 100, 40), bg: Rgb(70, 144, 126), underline: Reset, modifier: NONE,
        x: 137, y: 25, fg: Rgb(40, 100, 40), bg: Rgb(69, 143, 125), underline: Reset, modifier: NONE,
        x: 138, y: 25, fg: Reset, bg: Rgb(69, 143, 125), underline: Reset, modifier: NONE,
        x: 139, y: 25, fg: Reset, bg: Rgb(68, 142, 124), underline: Reset, modifier: NONE,
        x: 151, y: 25, fg: Reset, bg: Rgb(69, 143, 125), underline: Reset, modifier: NONE,
        x: 153, y: 25, fg: Reset, bg: Rgb(70, 144, 126), underline: Reset, modifier: NONE,
        x: 155, y: 25, fg: Rgb(50, 120, 50), bg: Rgb(71, 145, 127), underline: Reset, modifier: NONE,
        x: 157, y: 25, fg: Rgb(50, 120, 50), bg: Rgb(72, 146, 128), underline: Reset, modifier: NONE,
        x: 159, y: 25, fg: Green, bg: Reset, underline: Reset, modifier: NONE,
        x: 0, y: 26, fg: Reset, bg: Reset, underline: Reset, modifier: NONE,
        x: 80, y: 26, fg: Green, bg: Reset, underline: Reset, modifier: NONE,
        x: 81, y: 26, fg: Reset, bg: Rgb(75, 149, 127), underline: Reset, modifier: NONE,
        x: 85, y: 26, fg: Reset, bg: Rgb(74, 148, 126), underline: Reset, modifier: NONE,
        x: 89, y: 26, fg: Reset, bg: Rgb(73, 147, 125), underline: Reset, modifier: NONE,
        x: 93, y: 26, fg: Reset, bg: Rgb(72, 146, 124), underline: Reset, modifier: NONE,
        x: 106, y: 26, fg: Reset, bg: Rgb(73, 147, 125), underline: Reset, modifier: NONE,
        x: 108, y: 26, fg: Rgb(50, 120, 50), bg: Rgb(73, 147, 125), underline: Reset, modifier: NONE,
        x: 111, y: 26, fg: Rgb(50, 120, 50), bg: Rgb(74, 148, 126), underline: Reset, modifier: NONE,
        x: 118, y: 26, fg: Reset, bg: Rgb(74, 148, 126), underline: Reset, modifier: NONE,
        x: 120, y: 26, fg: Rgb(50, 120, 50), bg: Rgb(74, 148, 126), underline: Reset, modifier: NONE,
        x: 122, y: 26, fg: Rgb(40, 100, 40), bg: Rgb(73, 147, 125), underline: Reset, modifier: NONE,
        x: 126, y: 26, fg: Rgb(40, 100, 40), bg: Rgb(72, 146, 124), underline: Reset, modifier: NONE,
        x: 129, y: 26, fg: Rgb(40, 100, 40), bg: Rgb(71, 145, 123), underline: Reset, modifier: NONE,
        x: 131, y: 26, fg: Rgb(40, 100, 40), bg: Rgb(70, 144, 122), underline: Reset, modifier: NONE,
        x: 133, y: 26, fg: Rgb(40, 100, 40), bg: Rgb(69, 143, 121), underline: Reset, modifier: NONE,
        x: 136, y: 26, fg: Rgb(40, 100, 40), bg: Rgb(68, 142, 120), underline: Reset, modifier: NONE,
        x: 139, y: 26, fg: Rgb(40, 100, 40), bg: Rgb(67, 141, 119), underline: Reset, modifier: NONE,
        x: 141, y: 26, fg: Reset, bg: Rgb(67, 141, 119), underline: Reset, modifier: NONE,
        x: 149, y: 26, fg: Reset, bg: Rgb(68, 142, 120), underline: Reset, modifier: NONE,
        x: 152, y: 26, fg: Reset, bg: Rgb(69, 143, 121), underline: Reset, modifier: NONE,
        x: 154, y: 26, fg: Reset, bg: Rgb(70, 144, 122), underline: Reset, modifier: NONE,
        x: 156, y: 26, fg: Reset, bg: Rgb(71, 145, 123), underline: Reset, modifier: NONE,
        x: 158, y: 26, fg: Rgb(50, 120, 50), bg: Rgb(72, 146, 124), underline: Reset, modifier: NONE,
        x: 159, y: 26, fg: Green, bg: Reset, underline: Reset, modifier: NONE,
        x: 0, y: 27, fg: Reset, bg: Reset, underline: Reset, modifier: NONE,
        x: 80, y: 27, fg: Green, bg: Reset, underline: Reset, modifier: NONE,
        x: 81, y: 27, fg: Reset, bg: Rgb(73, 148, 122), underline: Reset, modifier: NONE,
        x: 85, y: 27, fg: Reset, bg: Rgb(72, 147, 121), underline: Reset, modifier: NONE,
        x: 88, y: 27, fg: Reset, bg: Rgb(71, 146, 120), underline: Reset, modifier: NONE,
        x: 92, y: 27, fg: Reset, bg: Rgb(70, 145, 119), underline: Reset, modifier: NONE,
        x: 107, y: 27, fg: Reset, bg: Rgb(71, 146, 120), underline: Reset, modifier: NONE,
        x: 112, y: 27, fg: Rgb(50, 120, 50), bg: Rgb(71, 146, 120), underline: Reset, modifier: NONE,
        x: 113, y: 27, fg: Rgb(50, 120, 50), bg: Rgb(72, 147, 121), underline: Reset, modifier: NONE,
        x: 118, y: 27, fg: Rgb(40, 100, 40), bg: Rgb(72, 147, 121), underline: Reset, modifier: NONE,
        x: 120, y: 27, fg: Rgb(40, 100, 40), bg: Rgb(71, 146, 120), underline: Reset, modifier: NONE,
        x: 124, y: 27, fg: Rgb(40, 100, 40), bg: Rgb(70, 145, 119), underline: Reset, modifier: NONE,
        x: 127, y: 27, fg: Rgb(40, 100, 40), bg: Rgb(69, 144, 118), underline: Reset, modifier: NONE,
        x: 130, y: 27, fg: Rgb(40, 100, 40), bg: Rgb(68, 143, 117), underline: Reset, modifier: NONE,
        x: 132, y: 27, fg: Rgb(40, 100, 40), bg: Rgb(67, 142, 116), underline: Reset, modifier: NONE,
        x: 135, y: 27, fg: Rgb(40, 100, 40), bg: Rgb(66, 141, 115), underline: Reset, modifier: NONE,
        x: 138, y: 27, fg: Rgb(40, 100, 40), bg: Rgb(65, 140, 114), underline: Reset, modifier: NONE,
        x: 145, y: 27, fg: Reset, bg: Rgb(65, 140, 114), underline: Reset, modifier: NONE,
        x: 148, y: 27, fg: Reset, bg: Rgb(66, 141, 115), underline: Reset, modifier: NONE,
        x: 151, y: 27, fg: Reset, bg: Rgb(67, 142, 116), underline: Reset, modifier: NONE,
        x: 153, y: 27, fg: Reset, bg: Rgb(68, 143, 117), underline: Reset, modifier: NONE,
        x: 155, y: 27, fg: Reset, bg: Rgb(69, 144, 118), underline: Reset, modifier: NONE,
        x: 157, y: 27, fg: Reset, bg: Rgb(70, 145, 119), underline: Reset, modifier: NONE,
        x: 158, y: 27, fg: Reset, bg: Rgb(71, 146, 120), underline: Reset, modifier: NONE,
        x: 159, y: 27, fg: Green, bg: Reset, underline: Reset, modifier: NONE,
        x: 0, y: 28, fg: Reset, bg: Reset, underline: Reset, modifier: NONE,
        x: 80, y: 28, fg: Green, bg: Reset, underline: Reset, modifier: NONE,
        x: 81, y: 28, fg: Reset, bg: Rgb(72, 148, 117), underline: Reset, modifier: NONE,
        x: 84, y: 28, fg: Reset, bg: Rgb(71, 147, 116), underline: Reset, modifier: NONE,
        x: 88, y: 28, fg: Reset, bg: Rgb(70, 146, 115), underline: Reset, modifier: NONE,
        x: 91, y: 28, fg: Reset, bg: Rgb(69, 145, 114), underline: Reset, modifier: NONE,
        x: 97, y: 28, fg: Reset, bg: Rgb(68, 144, 113), underline: Reset, modifier: NONE,
        x: 101, y: 28, fg: Reset, bg: Rgb(69, 145, 114), underline: Reset, modifier: NONE,
        x: 105, y: 28, fg: Rgb(40, 100, 40), bg: Rgb(69, 145, 114), underline: Reset, modifier: NONE,
        x: 108, y: 28, fg: Rgb(40, 100, 40), bg: Rgb(70, 146, 115), underline: Reset, modifier: NONE,
        x: 123, y: 28, fg: Rgb(40, 100, 40), bg: Rgb(69, 145, 114), underline: Reset, modifier: NONE,
        x: 126, y: 28, fg: Rgb(40, 100, 40), bg: Rgb(68, 144, 113), underline: Reset, modifier: NONE,
        x: 129, y: 28, fg: Rgb(40, 100, 40), bg: Rgb(67, 143, 112), underline: Reset, modifier: NONE,
        x: 131, y: 28, fg: Rgb(40, 100, 40), bg: Rgb(66, 142, 111), underline: Reset, modifier: NONE,
        x: 134, y: 28, fg: Rgb(40, 100, 40), bg: Rgb(65, 141, 110), underline: Reset, modifier: NONE,
        x: 138, y: 28, fg: Rgb(40, 100, 40), bg: Rgb(64, 140, 109), underline: Reset, modifier: NONE,
        x: 146, y: 28, fg: Rgb(40, 100, 40), bg: Rgb(65, 141, 110), underline: Reset, modifier: NONE,
        x: 149, y: 28, fg: Reset, bg: Rgb(66, 142, 111), underline: Reset, modifier: NONE,
        x: 151, y: 28, fg: Reset, bg: Rgb(67, 143, 112), underline: Reset, modifier: NONE,
        x: 153, y: 28, fg: Reset, bg: Rgb(68, 144, 113), underline: Reset, modifier: NONE,
        x: 155, y: 28, fg: Reset, bg: Rgb(69, 145, 114), underline: Reset, modifier: NONE,
        x: 157, y: 28, fg: Reset, bg: Rgb(70, 146, 115), underline: Reset, modifier: NONE,
        x: 159, y: 28, fg: Green, bg: Reset, underline: Reset, modifier: NONE,
        x: 0, y: 29, fg: Reset, bg: Reset, underline: Reset, modifier: NONE,
        x: 80, y: 29, fg: Green, bg: Reset, underline: Reset, modifier: NONE,
        x: 81, y: 29, fg: Rgb(40, 100, 40), bg: Rgb(71, 147, 112), underline: Reset, modifier: NONE,
        x: 84, y: 29, fg: Rgb(40, 100, 40), bg: Rgb(70, 146, 111), underline: Reset, modifier: NONE,
        x: 85, y: 29, fg: Reset, bg: Rgb(70, 146, 111), underline: Reset, modifier: NONE,
        x: 87, y: 29, fg: Reset, bg: Rgb(69, 145, 110), underline: Reset, modifier: NONE,
        x: 90, y: 29, fg: Reset, bg: Rgb(68, 144, 109), underline: Reset, modifier: NONE,
        x: 95, y: 29, fg: Rgb(70, 130, 60), bg: Rgb(67, 143, 108), underline: Reset, modifier: NONE,
        x: 97, y: 29, fg: Rgb(40, 100, 40), bg: Rgb(67, 143, 108), underline: Reset, modifier: NONE,
        x: 103, y: 29, fg: Rgb(40, 100, 40), bg: Rgb(68, 144, 109), underline: Reset, modifier: NONE,
        x: 109, y: 29, fg: Rgb(40, 100, 40), bg: Rgb(69, 145, 110), underline: Reset, modifier: NONE,
        x: 121, y: 29, fg: Rgb(40, 100, 40), bg: Rgb(68, 144, 109), underline: Reset, modifier: NONE,
        x: 125, y: 29, fg: Rgb(40, 100, 40), bg: Rgb(67, 143, 108), underline: Reset, modifier: NONE,
        x: 128, y: 29, fg: Rgb(40, 100, 40), bg: Rgb(66, 142, 107), underline: Reset, modifier: NONE,
        x: 131, y: 29, fg: Rgb(40, 100, 40), bg: Rgb(65, 141, 106), underline: Reset, modifier: NONE,
        x: 134, y: 29, fg: Rgb(40, 100, 40), bg: Rgb(64, 140, 105), underline: Reset, modifier: NONE,
        x: 138, y: 29, fg: Rgb(40, 100, 40), bg: Rgb(63, 139, 104), underline: Reset, modifier: NONE,
        x: 144, y: 29, fg: Rgb(40, 100, 40), bg: Rgb(64, 140, 105), underline: Reset, modifier: NONE,
        x: 148, y: 29, fg: Rgb(40, 100, 40), bg: Rgb(65, 141, 106), underline: Reset, modifier: NONE,
        x: 150, y: 29, fg: Rgb(40, 100, 40), bg: Rgb(66, 142, 107), underline: Reset, modifier: NONE,
        x: 152, y: 29, fg: Rgb(40, 100, 40), bg: Rgb(67, 143, 108), underline: Reset, modifier: NONE,
        x: 154, y: 29, fg: Rgb(40, 100, 40), bg: Rgb(68, 144, 109), underline: Reset, modifier: NONE,
        x: 156, y: 29, fg: Rgb(40, 100, 40), bg: Rgb(69, 145, 110), underline: Reset, modifier: NONE,
        x: 158, y: 29, fg: Rgb(40, 100, 40), bg: Rgb(70, 146, 111), underline: Reset, modifier: NONE,
        x: 159, y: 29, fg: Green, bg: Reset, underline: Reset, modifier: NONE,
        x: 0, y: 30, fg: Reset, bg: Reset, underline: Reset, modifier: NONE,
        x: 80, y: 30, fg: Green, bg: Reset, underline: Reset, modifier: NONE,
        x: 81, y: 30, fg: Rgb(40, 100, 40), bg: Rgb(69, 146, 107), underline: Reset, modifier: NONE,
        x: 83, y: 30, fg: Rgb(40, 100, 40), bg: Rgb(68, 145, 106), underline: Reset, modifier: NONE,
        x: 86, y: 30, fg: Rgb(40, 100, 40), bg: Rgb(67, 144, 105), underline: Reset, modifier: NONE,
        x: 89, y: 30, fg: Rgb(40, 100, 40), bg: Rgb(66, 143, 104), underline: Reset, modifier: NONE,
        x: 93, y: 30, fg: Rgb(40, 100, 40), bg: Rgb(65, 142, 103), underline: Reset, modifier: NONE,
        x: 105, y: 30, fg: Rgb(40, 100, 40), bg: Rgb(66, 143, 104), underline: Reset, modifier: NONE,
        x: 111, y: 30, fg: Rgb(40, 100, 40), bg: Rgb(67, 144, 105), underline: Reset, modifier: NONE,
        x: 119, y: 30, fg: Rgb(40, 100, 40), bg: Rgb(66, 143, 104), underline: Reset, modifier: NONE,
        x: 124, y: 30, fg: Rgb(40, 100, 40), bg: Rgb(65, 142, 103), underline: Reset, modifier: NONE,
        x: 127, y: 30, fg: Rgb(40, 100, 40), bg: Rgb(64, 141, 102), underline: Reset, modifier: NONE,
        x: 130, y: 30, fg: Rgb(40, 100, 40), bg: Rgb(63, 140, 101), underline: Reset, modifier: NONE,
        x: 133, y: 30, fg: Rgb(40, 100, 40), bg: Rgb(62, 139, 100), underline: Reset, modifier: NONE,
        x: 139, y: 30, fg: Rgb(40, 100, 40), bg: Rgb(61, 138, 99), underline: Reset, modifier: NONE,
        x: 140, y: 30, fg: Rgb(40, 100, 40), bg: Rgb(62, 139, 100), underline: Reset, modifier: NONE,
        x: 146, y: 30, fg: Rgb(40, 100, 40), bg: Rgb(63, 140, 101), underline: Reset, modifier: NONE,
        x: 149, y: 30, fg: Rgb(40, 100, 40), bg: Rgb(64, 141, 102), underline: Reset, modifier: NONE,
        x: 151, y: 30, fg: Rgb(40, 100, 40), bg: Rgb(65, 142, 103), underline: Reset, modifier: NONE,
        x: 153, y: 30, fg: Rgb(40, 100, 40), bg: Rgb(66, 143, 104), underline: Reset, modifier: NONE,
        x: 154, y: 30, fg: Rgb(40, 100, 40), bg: Rgb(67, 144, 105), underline: Reset, modifier: NONE,
        x: 156, y: 30, fg: Rgb(40, 100, 40), bg: Rgb(68, 145, 106), underline: Reset, modifier: NONE,
        x: 158, y: 30, fg: Rgb(40, 100, 40), bg: Rgb(69, 146, 107), underline: Reset, modifier: NONE,
        x: 159, y: 30, fg: Green, bg: Reset, underline: Reset, modifier: NONE,
        x: 0, y: 31, fg: Reset, bg: Reset, underline: Reset, modifier: NONE,
        x: 80, y: 31, fg: Green, bg: Reset, underline: Reset, modifier: NONE,
        x: 81, y: 31, fg: Rgb(40, 100, 40), bg: Rgb(68, 146, 102), underline: Reset, modifier: NONE,
        x: 83, y: 31, fg: Rgb(40, 100, 40), bg: Rgb(67, 145, 101), underline: Reset, modifier: NONE,
        x: 85, y: 31, fg: Rgb(40, 100, 40), bg: Rgb(66, 144, 100), underline: Reset, modifier: NONE,
        x: 88, y: 31, fg: Rgb(40, 100, 40), bg: Rgb(65, 143, 99), underline: Reset, modifier: NONE,
        x: 91, y: 31, fg: Rgb(40, 100, 40), bg: Rgb(64, 142, 98), underline: Reset, modifier: NONE,
        x: 106, y: 31, fg: Rgb(40, 100, 40), bg: Rgb(65, 143, 99), underline: Reset, modifier: NONE,
        x: 114, y: 31, fg: Rgb(40, 100, 40), bg: Rgb(66, 144, 100), underline: Reset, modifier: NONE,
        x: 117, y: 31, fg: Rgb(40, 100, 40), bg: Rgb(65, 143, 99), underline: Reset, modifier: NONE,
        x: 123, y: 31, fg: Rgb(40, 100, 40), bg: Rgb(64, 142, 98), underline: Reset, modifier: NONE,
        x: 126, y: 31, fg: Rgb(40, 100, 40), bg: Rgb(63, 141, 97), underline: Reset, modifier: NONE,
        x: 130, y: 31, fg: Rgb(40, 100, 40), bg: Rgb(62, 140, 96), underline: Reset, modifier: NONE,
        x: 133, y: 31, fg: Rgb(40, 100, 40), bg: Rgb(61, 139, 95), underline: Reset, modifier: NONE,
        x: 144, y: 31, fg: Rgb(40, 100, 40), bg: Rgb(62, 140, 96), underline: Reset, modifier: NONE,
        x: 147, y: 31, fg: Rgb(40, 100, 40), bg: Rgb(63, 141, 97), underline: Reset, modifier: NONE,
        x: 149, y: 31, fg: Rgb(40, 100, 40), bg: Rgb(64, 142, 98), underline: Reset, modifier: NONE,
        x: 151, y: 31, fg: Rgb(40, 100, 40), bg: Rgb(65, 143, 99), underline: Reset, modifier: NONE,
        x: 153, y: 31, fg: Rgb(40, 100, 40), bg: Rgb(66, 144, 100), underline: Reset, modifier: NONE,
        x: 155, y: 31, fg: Rgb(40, 100, 40), bg: Rgb(67, 145, 101), underline: Reset, modifier: NONE,
        x: 157, y: 31, fg: Rgb(40, 100, 40), bg: Rgb(68, 146, 102), underline: Reset, modifier: NONE,
        x: 159, y: 31, fg: Green, bg: Reset, underline: Reset, modifier: NONE,
        x: 0, y: 32, fg: Reset, bg: Reset, underline: Reset, modifier: NONE,
        x: 80, y: 32, fg: Green, bg: Reset, underline: Reset, modifier: NONE,
        x: 81, y: 32, fg: Rgb(40, 100, 40), bg: Rgb(67, 145, 97), underline: Reset, modifier: NONE,
        x: 82, y: 32, fg: Rgb(40, 100, 40), bg: Rgb(66, 144, 96), underline: Reset, modifier: NONE,
        x: 84, y: 32, fg: Rgb(40, 100, 40), bg: Rgb(65, 143, 95), underline: Reset, modifier: NONE,
        x: 87, y: 32, fg: Rgb(40, 100, 40), bg: Rgb(64, 142, 94), underline: Reset, modifier: NONE,
        x: 90, y: 32, fg: Rgb(40, 100, 40), bg: Rgb(63, 141, 93), underline: Reset, modifier: NONE,
        x: 94, y: 32, fg: Rgb(40, 100, 40), bg: Rgb(62, 140, 92), underline: Reset, modifier: NONE,
        x: 101, y: 32, fg: Rgb(40, 100, 40), bg: Rgb(63, 141, 93), underline: Reset, modifier: NONE,
        x: 107, y: 32, fg: Rgb(40, 100, 40), bg: Rgb(64, 142, 94), underline: Reset, modifier: NONE,
        x: 122, y: 32, fg: Rgb(40, 100, 40), bg: Rgb(63, 141, 93), underline: Reset, modifier: NONE,
        x: 126, y: 32, fg: Rgb(40, 100, 40), bg: Rgb(62, 140, 92), underline: Reset, modifier: NONE,
        x: 129, y: 32, fg: Rgb(40, 100, 40), bg: Rgb(61, 139, 91), underline: Reset, modifier: NONE,
        x: 133, y: 32, fg: Rgb(40, 100, 40), bg: Rgb(60, 138, 90), underline: Reset, modifier: NONE,
        x: 142, y: 32, fg: Rgb(40, 100, 40), bg: Rgb(61, 139, 91), underline: Reset, modifier: NONE,
        x: 146, y: 32, fg: Rgb(40, 100, 40), bg: Rgb(62, 140, 92), underline: Reset, modifier: NONE,
        x: 148, y: 32, fg: Rgb(40, 100, 40), bg: Rgb(63, 141, 93), underline: Reset, modifier: NONE,
        x: 150, y: 32, fg: Rgb(40, 100, 40), bg: Rgb(64, 142, 94), underline: Reset, modifier: NONE,
        x: 152, y: 32, fg: Rgb(40, 100, 40), bg: Rgb(65, 143, 95), underline: Reset, modifier: NONE,
        x: 154, y: 32, fg: Rgb(40, 100, 40), bg: Rgb(66, 144, 96), underline: Reset, modifier: NONE,
        x: 156, y: 32, fg: Rgb(40, 100, 40), bg: Rgb(67, 145, 97), underline: Reset, modifier: NONE,
        x: 158, y: 32, fg: Rgb(40, 100, 40), bg: Rgb(68, 146, 98), underline: Reset, modifier: NONE,
        x: 159, y: 32, fg: Green, bg: Reset, underline: Reset, modifier: NONE,
        x: 0, y: 33, fg: Reset, bg: Reset, underline: Reset, modifier: NONE,
        x: 80, y: 33, fg: Green, bg: Reset, underline: Reset, modifier: NONE,
        x: 81, y: 33, fg: Rgb(40, 100, 40), bg: Rgb(65, 143, 91), underline: Reset, modifier: NONE,
        x: 83, y: 33, fg: Rgb(40, 100, 40), bg: Rgb(64, 142, 90), underline: Reset, modifier: NONE,
        x: 86, y: 33, fg: Rgb(40, 100, 40), bg: Rgb(63, 141, 89), underline: Reset, modifier: NONE,
        x: 88, y: 33, fg: Rgb(40, 100, 40), bg: Rgb(62, 140, 88), underline: Reset, modifier: NONE,
        x: 92, y: 33, fg: Rgb(40, 100, 40), bg: Rgb(61, 139, 87), underline: Reset, modifier: NONE,
        x: 103, y: 33, fg: Rgb(40, 100, 40), bg: Rgb(62, 140, 88), underline: Reset, modifier: NONE,
        x: 108, y: 33, fg: Rgb(40, 100, 40), bg: Rgb(63, 141, 89), underline: Reset, modifier: NONE,
        x: 121, y: 33, fg: Rgb(40, 100, 40), bg: Rgb(62, 140, 88), underline: Reset, modifier: NONE,
        x: 125, y: 33, fg: Rgb(40, 100, 40), bg: Rgb(61, 139, 87), underline: Reset, modifier: NONE,
        x: 129, y: 33, fg: Rgb(40, 100, 40), bg: Rgb(60, 138, 86), underline: Reset, modifier: NONE,
        x: 134, y: 33, fg: Rgb(40, 100, 40), bg: Rgb(59, 137, 85), underline: Reset, modifier: NONE,
        x: 140, y: 33, fg: Rgb(40, 100, 40), bg: Rgb(60, 138, 86), underline: Reset, modifier: NONE,
        x: 144, y: 33, fg: Rgb(40, 100, 40), bg: Rgb(61, 139, 87), underline: Reset, modifier: NONE,
        x: 146, y: 33, fg: Rgb(40, 100, 40), bg: Rgb(62, 140, 88), underline: Reset, modifier: NONE,
        x: 149, y: 33, fg: Rgb(40, 100, 40), bg: Rgb(63, 141, 89), underline: Reset, modifier: NONE,
        x: 151, y: 33, fg: Rgb(40, 100, 40), bg: Rgb(64, 142, 90), underline: Reset, modifier: NONE,
        x: 153, y: 33, fg: Rgb(40, 100, 40), bg: Rgb(65, 143, 91), underline: Reset, modifier: NONE,
        x: 154, y: 33, fg: Rgb(40, 100, 40), bg: Rgb(66, 144, 92), underline: Reset, modifier: NONE,
        x: 157, y: 33, fg: Rgb(40, 100, 40), bg: Rgb(67, 145, 93), underline: Reset, modifier: NONE,
        x: 159, y: 33, fg: Green, bg: Reset, underline: Reset, modifier: NONE,
        x: 0, y: 34, fg: Reset, bg: Reset, underline: Reset, modifier: NONE,
        x: 80, y: 34, fg: Green, bg: Reset, underline: Reset, modifier: NONE,
        x: 81, y: 34, fg: Rgb(40, 100, 40), bg: Rgb(63, 143, 87), underline: Reset, modifier: NONE,
        x: 82, y: 34, fg: Rgb(40, 100, 40), bg: Rgb(62, 142, 86), underline: Reset, modifier: NONE,
        x: 84, y: 34, fg: Rgb(40, 100, 40), bg: Rgb(61, 141, 85), underline: Reset, modifier: NONE,
        x: 87, y: 34, fg: Rgb(40, 100, 40), bg: Rgb(60, 140, 84), underline: Reset, modifier: NONE,
        x: 90, y: 34, fg: Rgb(40, 100, 40), bg: Rgb(59, 139, 83), underline: Reset, modifier: NONE,
        x: 104, y: 34, fg: Rgb(40, 100, 40), bg: Rgb(60, 140, 84), underline: Reset, modifier: NONE,
        x: 109, y: 34, fg: Rgb(40, 100, 40), bg: Rgb(61, 141, 85), underline: Reset, modifier: NONE,
        x: 121, y: 34, fg: Rgb(40, 100, 40), bg: Rgb(60, 140, 84), underline: Reset, modifier: NONE,
        x: 125, y: 34, fg: Rgb(40, 100, 40), bg: Rgb(59, 139, 83), underline: Reset, modifier: NONE,
        x: 129, y: 34, fg: Rgb(40, 100, 40), bg: Rgb(58, 138, 82), underline: Reset, modifier: NONE,
        x: 142, y: 34, fg: Rgb(40, 100, 40), bg: Rgb(59, 139, 83), underline: Reset, modifier: NONE,
        x: 145, y: 34, fg: Rgb(40, 100, 40), bg: Rgb(60, 140, 84), underline: Reset, modifier: NONE,
        x: 147, y: 34, fg: Rgb(40, 100, 40), bg: Rgb(61, 141, 85), underline: Reset, modifier: NONE,
        x: 149, y: 34, fg: Rgb(40, 100, 40), bg: Rgb(62, 142, 86), underline: Reset, modifier: NONE,
        x: 151, y: 34, fg: Rgb(40, 100, 40), bg: Rgb(63, 143, 87), underline: Reset, modifier: NONE,
        x: 153, y: 34, fg: Rgb(40, 100, 40), bg: Rgb(64, 144, 88), underline: Reset, modifier: NONE,
        x: 155, y: 34, fg: Rgb(40, 100, 40), bg: Rgb(65, 145, 89), underline: Reset, modifier: NONE,
        x: 158, y: 34, fg: Rgb(40, 100, 40), bg: Rgb(66, 146, 90), underline: Reset, modifier: NONE,
        x: 159, y: 34, fg: Green, bg: Reset, underline: Reset, modifier: NONE,
        x: 0, y: 35, fg: Reset, bg: Reset, underline: Reset, modifier: NONE,
        x: 80, y: 35, fg: Green, bg: Reset, underline: Reset, modifier: NONE,
        x: 81, y: 35, fg: Rgb(40, 100, 40), bg: Rgb(61, 141, 81), underline: Reset, modifier: NONE,
        x: 83, y: 35, fg: Rgb(40, 100, 40), bg: Rgb(60, 140, 80), underline: Reset, modifier: NONE,
        x: 85, y: 35, fg: Rgb(40, 100, 40), bg: Rgb(59, 139, 79), underline: Reset, modifier: NONE,
        x: 88, y: 35, fg: Rgb(40, 100, 40), bg: Rgb(58, 138, 78), underline: Reset, modifier: NONE,
        x: 92, y: 35, fg: Rgb(40, 100, 40), bg: Rgb(57, 137, 77), underline: Reset, modifier: NONE,
        x: 99, y: 35, fg: Rgb(40, 100, 40), bg: Rgb(58, 138, 78), underline: Reset, modifier: NONE,
        x: 104, y: 35, fg: Rgb(40, 100, 40), bg: Rgb(59, 139, 79), underline: Reset, modifier: NONE,
        x: 109, y: 35, fg: Rgb(40, 100, 40), bg: Rgb(60, 140, 80), underline: Reset, modifier: NONE,
        x: 121, y: 35, fg: Rgb(40, 100, 40), bg: Rgb(59, 139, 79), underline: Reset, modifier: NONE,
        x: 125, y: 35, fg: Rgb(40, 100, 40), bg: Rgb(58, 138, 78), underline: Reset, modifier: NONE,
        x: 130, y: 35, fg: Rgb(40, 100, 40), bg: Rgb(57, 137, 77), underline: Reset, modifier: NONE,
        x: 140, y: 35, fg: Rgb(40, 100, 40), bg: Rgb(58, 138, 78), underline: Reset, modifier: NONE,
        x: 143, y: 35, fg: Rgb(40, 100, 40), bg: Rgb(59, 139, 79), underline: Reset, modifier: NONE,
        x: 146, y: 35, fg: Rgb(40, 100, 40), bg: Rgb(60, 140, 80), underline: Reset, modifier: NONE,
        x: 148, y: 35, fg: Rgb(40, 100, 40), bg: Rgb(61, 141, 81), underline: Reset, modifier: NONE,
        x: 150, y: 35, fg: Rgb(40, 100, 40), bg: Rgb(62, 142, 82), underline: Reset, modifier: NONE,
        x: 152, y: 35, fg: Rgb(40, 100, 40), bg: Rgb(63, 143, 83), underline: Reset, modifier: NONE,
        x: 154, y: 35, fg: Rgb(40, 100, 40), bg: Rgb(64, 144, 84), underline: Reset, modifier: NONE,
        x: 157, y: 35, fg: Rgb(40, 100, 40), bg: Rgb(65, 145, 85), underline: Reset, modifier: NONE,
        x: 159, y: 35, fg: Green, bg: Reset, underline: Reset, modifier: NONE,
        x: 0, y: 36, fg: Reset, bg: Reset, underline: Reset, modifier: NONE,
        x: 80, y: 36, fg: Green, bg: Reset, underline: Reset, modifier: NONE,
        x: 0, y: 37, fg: Reset, bg: Reset, underline: Reset, modifier: NONE,
        x: 80, y: 37, fg: Green, bg: Reset, underline: Reset, modifier: NONE,
        x: 81, y: 37, fg: Green, bg: Reset, underline: Reset, modifier: BOLD,
        x: 92, y: 37, fg: Reset, bg: Green, underline: Reset, modifier: BOLD,
        x: 101, y: 37, fg: Green, bg: Reset, underline: Reset, modifier: BOLD,
        x: 111, y: 37, fg: Reset, bg: Reset, underline: Reset, modifier: NONE,
        x: 121, y: 37, fg: DarkGray, bg: Reset, underline: Reset, modifier: NONE,
        x: 142, y: 37, fg: Reset, bg: Reset, underline: Reset, modifier: NONE,
        x: 159, y: 37, fg: Green, bg: Reset, underline: Reset, modifier: NONE,
        x: 0, y: 38, fg: Reset, bg: Reset, underline: Reset, modifier: NONE,
        x: 80, y: 38, fg: Green, bg: Reset, underline: Reset, modifier: NONE,
        x: 81, y: 38, fg: DarkGray, bg: Reset, underline: Reset, modifier: NONE,
        x: 111, y: 38, fg: Reset, bg: Reset, underline: Reset, modifier: NONE,
        x: 120, y: 38, fg: DarkGray, bg: Reset, underline: Reset, modifier: NONE,
        x: 136, y: 38, fg: Reset, bg: Reset, underline: Reset, modifier: NONE,
        x: 159, y: 38, fg: Green, bg: Reset, underline: Reset, modifier: NONE,
        x: 0, y: 39, fg: Reset, bg: Reset, underline: Reset, modifier: NONE,
        x: 80, y: 39, fg: Green, bg: Reset, underline: Reset, modifier: NONE,
        x: 0, y: 40, fg: DarkGray, bg: Reset, underline: Reset, modifier: NONE,
        x: 23, y: 40, fg: Reset, bg: Reset, underline: Reset, modifier: NONE,
        x: 1, y: 42, fg: Red, bg: Reset, underline: Reset, modifier: NONE,
        x: 11, y: 42, fg: Reset, bg: Reset, underline: Reset, modifier: NONE,
        x: 64, y: 42, fg: DarkGray, bg: Reset, underline: Reset, modifier: NONE,
        x: 106, y: 42, fg: Reset, bg: Reset, underline: Reset, modifier: NONE,
        x: 57, y: 43, fg: Magenta, bg: Reset, underline: Reset, modifier: NONE,
        x: 73, y: 43, fg: Cyan, bg: Reset, underline: Reset, modifier: NONE,
        x: 91, y: 43, fg: DarkGray, bg: Reset, underline: Reset, modifier: NONE,
        x: 114, y: 43, fg: Reset, bg: Reset, underline: Reset, modifier: NONE,
    ]
}
