---
source: src/ui/snapshot_tests.rs
expression: frame
---
Buffer {
    area: Rect { x: 0, y: 0, width: 60, height: 24 },
    content: [
        " Fresh Lv.1 | P:0 None 1.00x | Zone 1: Meadow (1/3)         ",
        "                      XP: 0/100 (0.0%)                      ",
        "┌ ⚔ Combat ⚔ ──────────────────────────────────────────────┐",
        "│█████████████████████Player HP: 50/50 ████████████████████│",
        "│                                                          │",
        "│                                              ·           │",
        "│                                            .·●·.         │",
        "│                                              ·           │",
        "│                                                          │",
        "│                                                          │",
        "│                                                          │",
        "│    ~~~~        ⠙ Scanning the horizon...                 │",
        "│~~~~~~~~~~~~~~~~~~~~~~~~~~                     ~~~~~~~~~~~│",
        "│~~~~    ~~~~~~~~~~~~~~~~~~~~~~~~~~       ~▒▒▒▒▒▒▒▒▒▒▒▒▒▒▒▒│",
        "│                          ~~~~~~~~▒▒▒▒▒▒▒▒▒▒▒▒▒▒▒▒▒▒▒▒▒▒▒▒│",
        "│▒▒▒▒▒      '  ▒▒▒▒▒▒▒▒▒▒▒▒▒▒▒▒▒▒▒▒▒▒▒▒▒▒▒▒▒▒▒▒▒▒▒▒▒▒▒▒▒▒▒▒│",
        "│▒▒▒▒▒▒▒▒▒▒▒▒▒▒▒▒▒▒▒▒▒▒▒▒▒▒▒▒▒▒▒▒▒▒▒▒▒▒▒▒▒▒▒▒▒▒▒▒▒▒▒▒▒▒▒▒▒▒│",
        "│▒▒▒▒▒▒▒▒▒▒▒▒▒▒▒▒▒▒▒▒▒▒▒▒▒▒▒▒▒▒▒▒▒▒▒▒▒▒▒▒▒▒▒▒▒▒▒▒▒▒▒▒▒▒▒▒▒▒│",
        "│▒▒▒▒▒▒▒▒▒▒▒▒▒▒▒▒▒▒▒▒▒▒▒▒▒▒▒▒▒▒▒▒▒▒▒▒▒▒▒▒▒▒▒▒▒▒▒▒▒▒▒▒▒▒▒▒▒▒│",
        "│                                                          │",
        "│            ⠙ Scanning the horizon... | DPS: 7            │",
        "└──────────────────────────────────────────────────────────┘",
        "  Awaiting adventure...                                     ",
        "[Esc]Quit    [P]Prestige [A]Ach [T]Vault [W]Wiki [!]Bug     ",
    ],
    styles: [
        x: 0, y: 0, fg: White, bg: Reset, underline: Reset, modifier: BOLD,
        x: 7, y: 0, fg: Cyan, bg: Reset, underline: Reset, modifier: NONE,
        x: 11, y: 0, fg: DarkGray, bg: Reset, underline: Reset, modifier: NONE,
        x: 14, y: 0, fg: Yellow, bg: Reset, underline: Reset, modifier: NONE,
        x: 28, y: 0, fg: DarkGray, bg: Reset, underline: Reset, modifier: NONE,
        x: 31, y: 0, fg: Green, bg: Reset, underline: Reset, modifier: NONE,
        x: 51, y: 0, fg: Reset, bg: Reset, underline: Reset, modifier: NONE,
        x: 0, y: 1, fg: Yellow, bg: Rgb(30, 28, 8), underline: Reset, modifier: BOLD,
        x: 0, y: 2, fg: Red, bg: Reset, underline: Reset, modifier: NONE,
        x: 1, y: 3, fg: Red, bg: Reset, underline: Reset, modifier: BOLD,
        x: 22, y: 3, fg: Reset, bg: Red, underline: Reset, modifier: BOLD,
        x: 39, y: 3, fg: Red, bg: Reset, underline: Reset, modifier: BOLD,
        x: 59, y: 3, fg: Red, bg: Reset, underline: Reset, modifier: NONE,
        x: 1, y: 4, fg: Reset, bg: Rgb(100, 160, 230), underline: Reset, modifier: NONE,
        x: 10, y: 4, fg: Reset, bg: Rgb(99, 159, 229), underline: Reset, modifier: NONE,
        x: 14, y: 4, fg: Reset, bg: Rgb(98, 158, 228), underline: Reset, modifier: NONE,
        x: 18, y: 4, fg: Reset, bg: Rgb(97, 157, 227), underline: Reset, modifier: NONE,
        x: 21, y: 4, fg: Reset, bg: Rgb(96, 156, 226), underline: Reset, modifier: NONE,
        x: 31, y: 4, fg: Reset, bg: Rgb(97, 157, 227), underline: Reset, modifier: NONE,
        x: 34, y: 4, fg: Reset, bg: Rgb(98, 158, 228), underline: Reset, modifier: NONE,
        x: 36, y: 4, fg: Reset, bg: Rgb(99, 159, 229), underline: Reset, modifier: NONE,
        x: 38, y: 4, fg: Reset, bg: Rgb(100, 160, 230), underline: Reset, modifier: NONE,
        x: 40, y: 4, fg: Reset, bg: Rgb(101, 161, 231), underline: Reset, modifier: NONE,
        x: 42, y: 4, fg: Reset, bg: Rgb(102, 162, 232), underline: Reset, modifier: NONE,
        x: 44, y: 4, fg: Reset, bg: Rgb(103, 163, 233), underline: Reset, modifier: NONE,
        x: 46, y: 4, fg: Reset, bg: Rgb(104, 164, 234), underline: Reset, modifier: NONE,
        x: 49, y: 4, fg: Reset, bg: Rgb(105, 165, 235), underline: Reset, modifier: NONE,
        x: 53, y: 4, fg: Reset, bg: Rgb(106, 166, 236), underline: Reset, modifier: NONE,
        x: 56, y: 4, fg: Reset, bg: Rgb(105, 165, 235), underline: Reset, modifier: NONE,
        x: 59, y: 4, fg: Red, bg: Reset, underline: Reset, modifier: NONE,
        x: 1, y: 5, fg: Reset, bg: Rgb(96, 158, 214), underline: Reset, modifier: NONE,
        x: 10, y: 5, fg: Reset, bg: Rgb(95, 157, 213), underline: Reset, modifier: NONE,
        x: 14, y: 5, fg: Reset, bg: Rgb(94, 156, 212), underline: Reset, modifier: NONE,
        x: 17, y: 5, fg: Reset, bg: Rgb(93, 155, 211), underline: Reset, modifier: NONE,
        x: 22, y: 5, fg: Reset, bg: Rgb(92, 154, 210), underline: Reset, modifier: NONE,
        x: 28, y: 5, fg: Reset, bg: Rgb(93, 155, 211), underline: Reset, modifier: NONE,
        x: 32, y: 5, fg: Reset, bg: Rgb(94, 156, 212), underline: Reset, modifier: NONE,
        x: 35, y: 5, fg: Reset, bg: Rgb(95, 157, 213), underline: Reset, modifier: NONE,
        x: 37, y: 5, fg: Reset, bg: Rgb(96, 158, 214), underline: Reset, modifier: NONE,
        x: 39, y: 5, fg: Reset, bg: Rgb(97, 159, 215), underline: Reset, modifier: NONE,
        x: 41, y: 5, fg: Reset, bg: Rgb(98, 160, 216), underline: Reset, modifier: NONE,
        x: 43, y: 5, fg: Reset, bg: Rgb(99, 161, 217), underline: Reset, modifier: NONE,
        x: 45, y: 5, fg: Reset, bg: Rgb(100, 162, 218), underline: Reset, modifier: NONE,
        x: 47, y: 5, fg: Rgb(255, 236, 170), bg: Rgb(101, 163, 219), underline: Reset, modifier: NONE,
        x: 48, y: 5, fg: Reset, bg: Rgb(101, 163, 219), underline: Reset, modifier: NONE,
        x: 52, y: 5, fg: Reset, bg: Rgb(102, 164, 220), underline: Reset, modifier: NONE,
        x: 55, y: 5, fg: Reset, bg: Rgb(101, 163, 219), underline: Reset, modifier: NONE,
        x: 59, y: 5, fg: Red, bg: Reset, underline: Reset, modifier: NONE,
        x: 1, y: 6, fg: Reset, bg: Rgb(92, 156, 201), underline: Reset, modifier: NONE,
        x: 9, y: 6, fg: Reset, bg: Rgb(91, 155, 200), underline: Reset, modifier: NONE,
        x: 14, y: 6, fg: Reset, bg: Rgb(90, 154, 199), underline: Reset, modifier: NONE,
        x: 18, y: 6, fg: Reset, bg: Rgb(89, 153, 198), underline: Reset, modifier: NONE,
        x: 31, y: 6, fg: Reset, bg: Rgb(90, 154, 199), underline: Reset, modifier: NONE,
        x: 33, y: 6, fg: Reset, bg: Rgb(91, 155, 200), underline: Reset, modifier: NONE,
        x: 36, y: 6, fg: Reset, bg: Rgb(92, 156, 201), underline: Reset, modifier: NONE,
        x: 38, y: 6, fg: Reset, bg: Rgb(93, 157, 202), underline: Reset, modifier: NONE,
        x: 40, y: 6, fg: Reset, bg: Rgb(94, 158, 203), underline: Reset, modifier: NONE,
        x: 42, y: 6, fg: Reset, bg: Rgb(95, 159, 204), underline: Reset, modifier: NONE,
        x: 44, y: 6, fg: Reset, bg: Rgb(96, 160, 205), underline: Reset, modifier: NONE,
        x: 45, y: 6, fg: Rgb(255, 220, 140), bg: Rgb(96, 160, 205), underline: Reset, modifier: NONE,
        x: 46, y: 6, fg: Rgb(255, 240, 180), bg: Rgb(97, 161, 206), underline: Reset, modifier: NONE,
        x: 47, y: 6, fg: Rgb(255, 230, 160), bg: Rgb(97, 161, 206), underline: Reset, modifier: NONE,
        x: 48, y: 6, fg: Rgb(255, 240, 180), bg: Rgb(97, 161, 206), underline: Reset, modifier: NONE,
        x: 49, y: 6, fg: Rgb(255, 220, 140), bg: Rgb(97, 161, 206), underline: Reset, modifier: NONE,
        x: 50, y: 6, fg: Reset, bg: Rgb(97, 161, 206), underline: Reset, modifier: NONE,
        x: 51, y: 6, fg: Reset, bg: Rgb(98, 162, 207), underline: Reset, modifier: NONE,
        x: 54, y: 6, fg: Reset, bg: Rgb(97, 161, 206), underline: Reset, modifier: NONE,
        x: 59, y: 6, fg: Red, bg: Reset, underline: Reset, modifier: NONE,
        x: 1, y: 7, fg: Reset, bg: Rgb(89, 155, 190), underline: Reset, modifier: NONE,
        x: 9, y: 7, fg: Reset, bg: Rgb(88, 154, 189), underline: Reset, modifier: NONE,
        x: 14, y: 7, fg: Reset, bg: Rgb(87, 153, 188), underline: Reset, modifier: NONE,
        x: 18, y: 7, fg: Reset, bg: Rgb(86, 152, 187), underline: Reset, modifier: NONE,
        x: 29, y: 7, fg: Reset, bg: Rgb(87, 153, 188), underline: Reset, modifier: NONE,
        x: 32, y: 7, fg: Reset, bg: Rgb(88, 154, 189), underline: Reset, modifier: NONE,
        x: 34, y: 7, fg: Reset, bg: Rgb(89, 155, 190), underline: Reset, modifier: NONE,
        x: 36, y: 7, fg: Reset, bg: Rgb(90, 156, 191), underline: Reset, modifier: NONE,
        x: 38, y: 7, fg: Reset, bg: Rgb(91, 157, 192), underline: Reset, modifier: NONE,
        x: 41, y: 7, fg: Reset, bg: Rgb(92, 158, 193), underline: Reset, modifier: NONE,
        x: 43, y: 7, fg: Reset, bg: Rgb(93, 159, 194), underline: Reset, modifier: NONE,
        x: 45, y: 7, fg: Reset, bg: Rgb(94, 160, 195), underline: Reset, modifier: NONE,
        x: 47, y: 7, fg: Rgb(255, 236, 170), bg: Rgb(94, 160, 195), underline: Reset, modifier: NONE,
        x: 48, y: 7, fg: Reset, bg: Rgb(94, 160, 195), underline: Reset, modifier: NONE,
        x: 50, y: 7, fg: Reset, bg: Rgb(95, 161, 196), underline: Reset, modifier: NONE,
        x: 53, y: 7, fg: Reset, bg: Rgb(94, 160, 195), underline: Reset, modifier: NONE,
        x: 57, y: 7, fg: Reset, bg: Rgb(93, 159, 194), underline: Reset, modifier: NONE,
        x: 59, y: 7, fg: Red, bg: Reset, underline: Reset, modifier: NONE,
        x: 1, y: 8, fg: Reset, bg: Rgb(86, 153, 178), underline: Reset, modifier: NONE,
        x: 9, y: 8, fg: Reset, bg: Rgb(85, 152, 177), underline: Reset, modifier: NONE,
        x: 14, y: 8, fg: Reset, bg: Rgb(84, 151, 176), underline: Reset, modifier: NONE,
        x: 19, y: 8, fg: Reset, bg: Rgb(83, 150, 175), underline: Reset, modifier: NONE,
        x: 26, y: 8, fg: Reset, bg: Rgb(84, 151, 176), underline: Reset, modifier: NONE,
        x: 30, y: 8, fg: Reset, bg: Rgb(85, 152, 177), underline: Reset, modifier: NONE,
        x: 33, y: 8, fg: Reset, bg: Rgb(86, 153, 178), underline: Reset, modifier: NONE,
        x: 35, y: 8, fg: Reset, bg: Rgb(87, 154, 179), underline: Reset, modifier: NONE,
        x: 37, y: 8, fg: Reset, bg: Rgb(88, 155, 180), underline: Reset, modifier: NONE,
        x: 39, y: 8, fg: Reset, bg: Rgb(89, 156, 181), underline: Reset, modifier: NONE,
        x: 42, y: 8, fg: Reset, bg: Rgb(90, 157, 182), underline: Reset, modifier: NONE,
        x: 44, y: 8, fg: Reset, bg: Rgb(91, 158, 183), underline: Reset, modifier: NONE,
        x: 50, y: 8, fg: Reset, bg: Rgb(92, 159, 184), underline: Reset, modifier: NONE,
        x: 51, y: 8, fg: Reset, bg: Rgb(91, 158, 183), underline: Reset, modifier: NONE,
        x: 56, y: 8, fg: Reset, bg: Rgb(90, 157, 182), underline: Reset, modifier: NONE,
        x: 59, y: 8, fg: Red, bg: Reset, underline: Reset, modifier: NONE,
        x: 1, y: 9, fg: Reset, bg: Rgb(83, 152, 167), underline: Reset, modifier: NONE,
        x: 9, y: 9, fg: Reset, bg: Rgb(82, 151, 166), underline: Reset, modifier: NONE,
        x: 14, y: 9, fg: Reset, bg: Rgb(81, 150, 165), underline: Reset, modifier: NONE,
        x: 29, y: 9, fg: Reset, bg: Rgb(82, 151, 166), underline: Reset, modifier: NONE,
        x: 32, y: 9, fg: Reset, bg: Rgb(83, 152, 167), underline: Reset, modifier: NONE,
        x: 34, y: 9, fg: Reset, bg: Rgb(84, 153, 168), underline: Reset, modifier: NONE,
        x: 36, y: 9, fg: Reset, bg: Rgb(85, 154, 169), underline: Reset, modifier: NONE,
        x: 38, y: 9, fg: Reset, bg: Rgb(86, 155, 170), underline: Reset, modifier: NONE,
        x: 41, y: 9, fg: Reset, bg: Rgb(87, 156, 171), underline: Reset, modifier: NONE,
        x: 44, y: 9, fg: Reset, bg: Rgb(88, 157, 172), underline: Reset, modifier: NONE,
        x: 55, y: 9, fg: Reset, bg: Rgb(87, 156, 171), underline: Reset, modifier: NONE,
        x: 57, y: 9, fg: Reset, bg: Rgb(86, 155, 170), underline: Reset, modifier: NONE,
        x: 59, y: 9, fg: Red, bg: Reset, underline: Reset, modifier: NONE,
        x: 1, y: 10, fg: Reset, bg: Rgb(81, 150, 157), underline: Reset, modifier: NONE,
        x: 10, y: 10, fg: Reset, bg: Rgb(80, 149, 156), underline: Reset, modifier: NONE,
        x: 15, y: 10, fg: Reset, bg: Rgb(79, 148, 155), underline: Reset, modifier: NONE,
        x: 27, y: 10, fg: Reset, bg: Rgb(80, 149, 156), underline: Reset, modifier: NONE,
        x: 30, y: 10, fg: Reset, bg: Rgb(81, 150, 157), underline: Reset, modifier: NONE,
        x: 33, y: 10, fg: Reset, bg: Rgb(82, 151, 158), underline: Reset, modifier: NONE,
        x: 35, y: 10, fg: Reset, bg: Rgb(83, 152, 159), underline: Reset, modifier: NONE,
        x: 37, y: 10, fg: Reset, bg: Rgb(84, 153, 160), underline: Reset, modifier: NONE,
        x: 40, y: 10, fg: Reset, bg: Rgb(85, 154, 161), underline: Reset, modifier: NONE,
        x: 43, y: 10, fg: Reset, bg: Rgb(86, 155, 162), underline: Reset, modifier: NONE,
        x: 53, y: 10, fg: Reset, bg: Rgb(85, 154, 161), underline: Reset, modifier: NONE,
        x: 56, y: 10, fg: Reset, bg: Rgb(84, 153, 160), underline: Reset, modifier: NONE,
        x: 58, y: 10, fg: Reset, bg: Rgb(83, 152, 159), underline: Reset, modifier: NONE,
        x: 59, y: 10, fg: Red, bg: Reset, underline: Reset, modifier: NONE,
        x: 1, y: 11, fg: Reset, bg: Rgb(78, 149, 147), underline: Reset, modifier: NONE,
        x: 5, y: 11, fg: Rgb(50, 120, 50), bg: Rgb(78, 149, 147), underline: Reset, modifier: NONE,
        x: 9, y: 11, fg: Reset, bg: Rgb(78, 149, 147), underline: Reset, modifier: NONE,
        x: 11, y: 11, fg: Reset, bg: Rgb(77, 148, 146), underline: Reset, modifier: NONE,
        x: 17, y: 11, fg: Rgb(140, 146, 168), bg: Rgb(76, 147, 145), underline: Reset, modifier: NONE,
        x: 18, y: 11, fg: Reset, bg: Rgb(76, 147, 145), underline: Reset, modifier: NONE,
        x: 19, y: 11, fg: Rgb(140, 146, 168), bg: Rgb(76, 147, 145), underline: Reset, modifier: NONE,
        x: 24, y: 11, fg: Rgb(140, 146, 168), bg: Rgb(77, 148, 146), underline: Reset, modifier: NONE,
        x: 27, y: 11, fg: Reset, bg: Rgb(77, 148, 146), underline: Reset, modifier: NONE,
        x: 28, y: 11, fg: Rgb(140, 146, 168), bg: Rgb(77, 148, 146), underline: Reset, modifier: NONE,
        x: 29, y: 11, fg: Rgb(140, 146, 168), bg: Rgb(78, 149, 147), underline: Reset, modifier: NONE,
        x: 31, y: 11, fg: Reset, bg: Rgb(78, 149, 147), underline: Reset, modifier: NONE,
        x: 32, y: 11, fg: Rgb(140, 146, 168), bg: Rgb(79, 150, 148), underline: Reset, modifier: NONE,
        x: 34, y: 11, fg: Rgb(140, 146, 168), bg: Rgb(80, 151, 149), underline: Reset, modifier: NONE,
        x: 36, y: 11, fg: Rgb(140, 146, 168), bg: Rgb(81, 152, 150), underline: Reset, modifier: NONE,
        x: 39, y: 11, fg: Rgb(140, 146, 168), bg: Rgb(82, 153, 151), underline: Reset, modifier: NONE,
        x: 42, y: 11, fg: Reset, bg: Rgb(83, 154, 152), underline: Reset, modifier: NONE,
        x: 52, y: 11, fg: Reset, bg: Rgb(82, 153, 151), underline: Reset, modifier: NONE,
        x: 55, y: 11, fg: Reset, bg: Rgb(81, 152, 150), underline: Reset, modifier: NONE,
        x: 57, y: 11, fg: Reset, bg: Rgb(80, 151, 149), underline: Reset, modifier: NONE,
        x: 59, y: 11, fg: Red, bg: Reset, underline: Reset, modifier: NONE,
        x: 1, y: 12, fg: Rgb(50, 120, 50), bg: Rgb(75, 148, 137), underline: Reset, modifier: NONE,
        x: 2, y: 12, fg: Rgb(50, 120, 50), bg: Rgb(76, 149, 138), underline: Reset, modifier: NONE,
        x: 4, y: 12, fg: Rgb(50, 120, 50), bg: Rgb(75, 148, 137), underline: Reset, modifier: NONE,
        x: 12, y: 12, fg: Rgb(50, 120, 50), bg: Rgb(74, 147, 136), underline: Reset, modifier: NONE,
        x: 27, y: 12, fg: Reset, bg: Rgb(75, 148, 137), underline: Reset, modifier: NONE,
        x: 30, y: 12, fg: Reset, bg: Rgb(76, 149, 138), underline: Reset, modifier: NONE,
        x: 33, y: 12, fg: Reset, bg: Rgb(77, 150, 139), underline: Reset, modifier: NONE,
        x: 36, y: 12, fg: Reset, bg: Rgb(78, 151, 140), underline: Reset, modifier: NONE,
        x: 38, y: 12, fg: Reset, bg: Rgb(79, 152, 141), underline: Reset, modifier: NONE,
        x: 42, y: 12, fg: Reset, bg: Rgb(80, 153, 142), underline: Reset, modifier: NONE,
        x: 48, y: 12, fg: Rgb(50, 120, 50), bg: Rgb(80, 153, 142), underline: Reset, modifier: NONE,
        x: 50, y: 12, fg: Rgb(50, 120, 50), bg: Rgb(79, 152, 141), underline: Reset, modifier: NONE,
        x: 53, y: 12, fg: Rgb(50, 120, 50), bg: Rgb(78, 151, 140), underline: Reset, modifier: NONE,
        x: 56, y: 12, fg: Rgb(50, 120, 50), bg: Rgb(77, 150, 139), underline: Reset, modifier: NONE,
        x: 58, y: 12, fg: Rgb(50, 120, 50), bg: Rgb(76, 149, 138), underline: Reset, modifier: NONE,
        x: 59, y: 12, fg: Red, bg: Reset, underline: Reset, modifier: NONE,
        x: 1, y: 13, fg: Rgb(50, 120, 50), bg: Rgb(74, 147, 128), underline: Reset, modifier: NONE,
        x: 5, y: 13, fg: Reset, bg: Rgb(74, 147, 128), underline: Reset, modifier: NONE,
        x: 7, y: 13, fg: Reset, bg: Rgb(73, 146, 127), underline: Reset, modifier: NONE,
        x: 9, y: 13, fg: Rgb(50, 120, 50), bg: Rgb(73, 146, 127), underline: Reset, modifier: NONE,
        x: 13, y: 13, fg: Rgb(50, 120, 50), bg: Rgb(72, 145, 126), underline: Reset, modifier: NONE,
        x: 26, y: 13, fg: Rgb(50, 120, 50), bg: Rgb(73, 146, 127), underline: Reset, modifier: NONE,
        x: 29, y: 13, fg: Rgb(50, 120, 50), bg: Rgb(74, 147, 128), underline: Reset, modifier: NONE,
        x: 32, y: 13, fg: Rgb(50, 120, 50), bg: Rgb(75, 148, 129), underline: Reset, modifier: NONE,
        x: 35, y: 13, fg: Reset, bg: Rgb(76, 149, 130), underline: Reset, modifier: NONE,
        x: 38, y: 13, fg: Reset, bg: Rgb(77, 150, 131), underline: Reset, modifier: NONE,
        x: 42, y: 13, fg: Rgb(50, 120, 50), bg: Rgb(78, 151, 132), underline: Reset, modifier: NONE,
        x: 43, y: 13, fg: Rgb(40, 100, 40), bg: Rgb(78, 151, 132), underline: Reset, modifier: NONE,
        x: 48, y: 13, fg: Rgb(40, 100, 40), bg: Rgb(77, 150, 131), underline: Reset, modifier: NONE,
        x: 52, y: 13, fg: Rgb(40, 100, 40), bg: Rgb(76, 149, 130), underline: Reset, modifier: NONE,
        x: 54, y: 13, fg: Rgb(40, 100, 40), bg: Rgb(75, 148, 129), underline: Reset, modifier: NONE,
        x: 56, y: 13, fg: Rgb(40, 100, 40), bg: Rgb(74, 147, 128), underline: Reset, modifier: NONE,
        x: 58, y: 13, fg: Rgb(40, 100, 40), bg: Rgb(73, 146, 127), underline: Reset, modifier: NONE,
        x: 59, y: 13, fg: Red, bg: Reset, underline: Reset, modifier: NONE,
        x: 1, y: 14, fg: Reset, bg: Rgb(71, 146, 118), underline: Reset, modifier: NONE,
        x: 9, y: 14, fg: Reset, bg: Rgb(70, 145, 117), underline: Reset, modifier: NONE,
        x: 15, y: 14, fg: Reset, bg: Rgb(69, 144, 116), underline: Reset, modifier: NONE,
        x: 24, y: 14, fg: Reset, bg: Rgb(70, 145, 117), underline: Reset, modifier: NONE,
        x: 27, y: 14, fg: Rgb(50, 120, 50), bg: Rgb(70, 145, 117), underline: Reset, modifier: NONE,
        x: 28, y: 14, fg: Rgb(50, 120, 50), bg: Rgb(71, 146, 118), underline: Reset, modifier: NONE,
        x: 31, y: 14, fg: Rgb(50, 120, 50), bg: Rgb(72, 147, 119), underline: Reset, modifier: NONE,
        x: 34, y: 14, fg: Rgb(50, 120, 50), bg: Rgb(73, 148, 120), underline: Reset, modifier: NONE,
        x: 35, y: 14, fg: Rgb(40, 100, 40), bg: Rgb(73, 148, 120), underline: Reset, modifier: NONE,
        x: 37, y: 14, fg: Rgb(40, 100, 40), bg: Rgb(74, 149, 121), underline: Reset, modifier: NONE,
        x: 43, y: 14, fg: Rgb(40, 100, 40), bg: Rgb(75, 150, 122), underline: Reset, modifier: NONE,
        x: 45, y: 14, fg: Rgb(40, 100, 40), bg: Rgb(74, 149, 121), underline: Reset, modifier: NONE,
        x: 50, y: 14, fg: Rgb(40, 100, 40), bg: Rgb(73, 148, 120), underline: Reset, modifier: NONE,
        x: 53, y: 14, fg: Rgb(40, 100, 40), bg: Rgb(72, 147, 119), underline: Reset, modifier: NONE,
        x: 55, y: 14, fg: Rgb(40, 100, 40), bg: Rgb(71, 146, 118), underline: Reset, modifier: NONE,
        x: 57, y: 14, fg: Rgb(40, 100, 40), bg: Rgb(70, 145, 117), underline: Reset, modifier: NONE,
        x: 59, y: 14, fg: Red, bg: Reset, underline: Reset, modifier: NONE,
        x: 1, y: 15, fg: Rgb(40, 100, 40), bg: Rgb(68, 145, 109), underline: Reset, modifier: NONE,
        x: 6, y: 15, fg: Reset, bg: Rgb(68, 145, 109), underline: Reset, modifier: NONE,
        x: 10, y: 15, fg: Reset, bg: Rgb(67, 144, 108), underline: Reset, modifier: NONE,
        x: 12, y: 15, fg: Rgb(70, 130, 60), bg: Rgb(67, 144, 108), underline: Reset, modifier: NONE,
        x: 13, y: 15, fg: Reset, bg: Rgb(67, 144, 108), underline: Reset, modifier: NONE,
        x: 15, y: 15, fg: Rgb(40, 100, 40), bg: Rgb(67, 144, 108), underline: Reset, modifier: NONE,
        x: 17, y: 15, fg: Rgb(40, 100, 40), bg: Rgb(66, 143, 107), underline: Reset, modifier: NONE,
        x: 21, y: 15, fg: Rgb(40, 100, 40), bg: Rgb(67, 144, 108), underline: Reset, modifier: NONE,
        x: 27, y: 15, fg: Rgb(40, 100, 40), bg: Rgb(68, 145, 109), underline: Reset, modifier: NONE,
        x: 31, y: 15, fg: Rgb(40, 100, 40), bg: Rgb(69, 146, 110), underline: Reset, modifier: NONE,
        x: 34, y: 15, fg: Rgb(40, 100, 40), bg: Rgb(70, 147, 111), underline: Reset, modifier: NONE,
        x: 37, y: 15, fg: Rgb(40, 100, 40), bg: Rgb(71, 148, 112), underline: Reset, modifier: NONE,
        x: 48, y: 15, fg: Rgb(40, 100, 40), bg: Rgb(70, 147, 111), underline: Reset, modifier: NONE,
        x: 51, y: 15, fg: Rgb(40, 100, 40), bg: Rgb(69, 146, 110), underline: Reset, modifier: NONE,
        x: 53, y: 15, fg: Rgb(40, 100, 40), bg: Rgb(68, 145, 109), underline: Reset, modifier: NONE,
        x: 55, y: 15, fg: Rgb(40, 100, 40), bg: Rgb(67, 144, 108), underline: Reset, modifier: NONE,
        x: 57, y: 15, fg: Rgb(40, 100, 40), bg: Rgb(66, 143, 107), underline: Reset, modifier: NONE,
        x: 59, y: 15, fg: Red, bg: Reset, underline: Reset, modifier: NONE,
        x: 1, y: 16, fg: Rgb(40, 100, 40), bg: Rgb(67, 144, 100), underline: Reset, modifier: NONE,
        x: 5, y: 16, fg: Rgb(40, 100, 40), bg: Rgb(66, 143, 99), underline: Reset, modifier: NONE,
        x: 11, y: 16, fg: Rgb(40, 100, 40), bg: Rgb(65, 142, 98), underline: Reset, modifier: NONE,
        x: 26, y: 16, fg: Rgb(40, 100, 40), bg: Rgb(66, 143, 99), underline: Reset, modifier: NONE,
        x: 30, y: 16, fg: Rgb(40, 100, 40), bg: Rgb(67, 144, 100), underline: Reset, modifier: NONE,
        x: 33, y: 16, fg: Rgb(40, 100, 40), bg: Rgb(68, 145, 101), underline: Reset, modifier: NONE,
        x: 37, y: 16, fg: Rgb(40, 100, 40), bg: Rgb(69, 146, 102), underline: Reset, modifier: NONE,
        x: 46, y: 16, fg: Rgb(40, 100, 40), bg: Rgb(68, 145, 101), underline: Reset, modifier: NONE,
        x: 50, y: 16, fg: Rgb(40, 100, 40), bg: Rgb(67, 144, 100), underline: Reset, modifier: NONE,
        x: 52, y: 16, fg: Rgb(40, 100, 40), bg: Rgb(66, 143, 99), underline: Reset, modifier: NONE,
        x: 54, y: 16, fg: Rgb(40, 100, 40), bg: Rgb(65, 142, 98), underline: Reset, modifier: NONE,
        x: 56, y: 16, fg: Rgb(40, 100, 40), bg: Rgb(64, 141, 97), underline: Reset, modifier: NONE,
        x: 58, y: 16, fg: Rgb(40, 100, 40), bg: Rgb(63, 140, 96), underline: Reset, modifier: NONE,
        x: 59, y: 16, fg: Red, bg: Reset, underline: Reset, modifier: NONE,
        x: 1, y: 17, fg: Rgb(40, 100, 40), bg: Rgb(64, 143, 91), underline: Reset, modifier: NONE,
        x: 7, y: 17, fg: Rgb(40, 100, 40), bg: Rgb(63, 142, 90), underline: Reset, modifier: NONE,
        x: 12, y: 17, fg: Rgb(40, 100, 40), bg: Rgb(62, 141, 89), underline: Reset, modifier: NONE,
        x: 26, y: 17, fg: Rgb(40, 100, 40), bg: Rgb(63, 142, 90), underline: Reset, modifier: NONE,
        x: 30, y: 17, fg: Rgb(40, 100, 40), bg: Rgb(64, 143, 91), underline: Reset, modifier: NONE,
        x: 33, y: 17, fg: Rgb(40, 100, 40), bg: Rgb(65, 144, 92), underline: Reset, modifier: NONE,
        x: 38, y: 17, fg: Rgb(40, 100, 40), bg: Rgb(66, 145, 93), underline: Reset, modifier: NONE,
        x: 44, y: 17, fg: Rgb(40, 100, 40), bg: Rgb(65, 144, 92), underline: Reset, modifier: NONE,
        x: 48, y: 17, fg: Rgb(40, 100, 40), bg: Rgb(64, 143, 91), underline: Reset, modifier: NONE,
        x: 51, y: 17, fg: Rgb(40, 100, 40), bg: Rgb(63, 142, 90), underline: Reset, modifier: NONE,
        x: 53, y: 17, fg: Rgb(40, 100, 40), bg: Rgb(62, 141, 89), underline: Reset, modifier: NONE,
        x: 55, y: 17, fg: Rgb(40, 100, 40), bg: Rgb(61, 140, 88), underline: Reset, modifier: NONE,
        x: 57, y: 17, fg: Rgb(40, 100, 40), bg: Rgb(60, 139, 87), underline: Reset, modifier: NONE,
        x: 59, y: 17, fg: Red, bg: Reset, underline: Reset, modifier: NONE,
        x: 1, y: 18, fg: Rgb(40, 100, 40), bg: Rgb(62, 142, 82), underline: Reset, modifier: NONE,
        x: 8, y: 18, fg: Rgb(40, 100, 40), bg: Rgb(61, 141, 81), underline: Reset, modifier: NONE,
        x: 13, y: 18, fg: Rgb(40, 100, 40), bg: Rgb(60, 140, 80), underline: Reset, modifier: NONE,
        x: 25, y: 18, fg: Rgb(40, 100, 40), bg: Rgb(61, 141, 81), underline: Reset, modifier: NONE,
        x: 29, y: 18, fg: Rgb(40, 100, 40), bg: Rgb(62, 142, 82), underline: Reset, modifier: NONE,
        x: 33, y: 18, fg: Rgb(40, 100, 40), bg: Rgb(63, 143, 83), underline: Reset, modifier: NONE,
        x: 46, y: 18, fg: Rgb(40, 100, 40), bg: Rgb(62, 142, 82), underline: Reset, modifier: NONE,
        x: 49, y: 18, fg: Rgb(40, 100, 40), bg: Rgb(61, 141, 81), underline: Reset, modifier: NONE,
        x: 51, y: 18, fg: Rgb(40, 100, 40), bg: Rgb(60, 140, 80), underline: Reset, modifier: NONE,
        x: 54, y: 18, fg: Rgb(40, 100, 40), bg: Rgb(59, 139, 79), underline: Reset, modifier: NONE,
        x: 55, y: 18, fg: Rgb(40, 100, 40), bg: Rgb(58, 138, 78), underline: Reset, modifier: NONE,
        x: 57, y: 18, fg: Rgb(40, 100, 40), bg: Rgb(57, 137, 77), underline: Reset, modifier: NONE,
        x: 59, y: 18, fg: Red, bg: Reset, underline: Reset, modifier: NONE,
        x: 1, y: 19, fg: Reset, bg: Reset, underline: Reset, modifier: NONE,
        x: 59, y: 19, fg: Red, bg: Reset, underline: Reset, modifier: NONE,
        x: 1, y: 20, fg: Reset, bg: Reset, underline: Reset, modifier: NONE,
        x: 13, y: 20, fg: Yellow, bg: Reset, underline: Reset, modifier: NONE,
        x: 38, y: 20, fg: DarkGray, bg: Reset, underline: Reset, modifier: NONE,
        x: 47, y: 20, fg: Reset, bg: Reset, underline: Reset, modifier: NONE,
        x: 59, y: 20, fg: Red, bg: Reset, underline: Reset, modifier: NONE,
        x: 0, y: 22, fg: DarkGray, bg: Reset, underline: Reset, modifier: NONE,
        x: 23, y: 22, fg: Reset, bg: Reset, underline: Reset, modifier: NONE,
        x: 0, y: 23, fg: Red, bg: Reset, underline: Reset, modifier: NONE,
        x: 9, y: 23, fg: Reset, bg: Reset, underline: Reset, modifier: NONE,
        x: 13, y: 23, fg: DarkGray, bg: Reset, underline: Reset, modifier: NONE,
        x: 24, y: 23, fg: Magenta, bg: Reset, underline: Reset, modifier: NONE,
        x: 31, y: 23, fg: Cyan, bg: Reset, underline: Reset, modifier: NONE,
        x: 40, y: 23, fg: DarkGray, bg: Reset, underline: Reset, modifier: NONE,
        x: 55, y: 23, fg: Reset, bg: Reset, underline: Reset, modifier: NONE,
    ]
}
