---
source: src/ui/overlay_snapshot_tests.rs
expression: frame
---
Buffer {
    area: Rect { x: 0, y: 0, width: 160, height: 45 },
    content: [
        "                                                                                                                                                5 / 5 — Void    ",
        "                                                                                                                                                                ",
        "                                                                                                                                                                ",
        "                                                                                                                                                                ",
        "                                                                                                                                                                ",
        "                                                                                                                                                                ",
        "                                                                                                                                                                ",
        "                                                                                                                                                                ",
        "                                                                                                                                                                ",
        "                                                                                                                                                                ",
        "                                                                                                                                                                ",
        "                                                                                                                                                                ",
        "                                                                                                                                                                ",
        "                                                                                                                                                                ",
        "                                                                                                                                                                ",
        "                                                                                                                                                                ",
        "                                                                                   ·  ·                                                                         ",
        "                                                                         ·          ·    ·                                                                      ",
        "                                                                          ·  ·    ╱═══╲                                                                         ",
        "                                                                              ╱ ◆◆◆ ╲    ·                                                                      ",
        "                                                                    ·     ╱═══════╲        ·                                                                    ",
        "                                                                           ═══════════    ·                                                                     ",
        "                                                                    ·        ║║║║          ·                                                                    ",
        "                                                                            ·        ·  ·                                                                       ",
        "                                                                                                                                                                ",
        "                                                                                                                                                                ",
        "                                                                             [Enter]                                                                            ",
        "                                                                                                                                                                ",
        "                                                                                                                                                                ",
        "                                                                                                                                                                ",
        "                                                                                                                                                                ",
        "                                                                                                                                                                ",
        "                                                                                                                                                                ",
        "                                                                                                                                                                ",
        "                                                                                                                                                                ",
        "                                                                                                                                                                ",
        "                                                                                                                                                                ",
        "                                                                                                                                                                ",
        "                                                                                                                                                                ",
        "                                                                                                                                                                ",
        "                                                                                                                                                                ",
        "                                                                                                                                                                ",
        "                                                                                                                                                                ",
        "                                                                                                                                                                ",
        "                                                                                                                                                                ",
    ],
    styles: [
        x: 0, y: 0, fg: Reset, bg: Black, underline: Reset, modifier: NONE,
        x: 143, y: 0, fg: DarkGray, bg: Black, underline: Reset, modifier: NONE,
        x: 157, y: 0, fg: Reset, bg: Black, underline: Reset, modifier: NONE,
        x: 74, y: 16, fg: White, bg: Black, underline: Reset, modifier: NONE,
        x: 87, y: 16, fg: Reset, bg: Black, underline: Reset, modifier: NONE,
        x: 70, y: 17, fg: White, bg: Black, underline: Reset, modifier: NONE,
        x: 90, y: 17, fg: Reset, bg: Black, underline: Reset, modifier: NONE,
        x: 74, y: 18, fg: White, bg: Black, underline: Reset, modifier: NONE,
        x: 87, y: 18, fg: Reset, bg: Black, underline: Reset, modifier: NONE,
        x: 71, y: 19, fg: White, bg: Black, underline: Reset, modifier: NONE,
        x: 90, y: 19, fg: Reset, bg: Black, underline: Reset, modifier: NONE,
        x: 68, y: 20, fg: White, bg: Black, underline: Reset, modifier: NONE,
        x: 92, y: 20, fg: Reset, bg: Black, underline: Reset, modifier: NONE,
        x: 70, y: 21, fg: White, bg: Black, underline: Reset, modifier: NONE,
        x: 91, y: 21, fg: Reset, bg: Black, underline: Reset, modifier: NONE,
        x: 68, y: 22, fg: White, bg: Black, underline: Reset, modifier: NONE,
        x: 92, y: 22, fg: Reset, bg: Black, underline: Reset, modifier: NONE,
        x: 71, y: 23, fg: White, bg: Black, underline: Reset, modifier: NONE,
        x: 89, y: 23, fg: Reset, bg: Black, underline: Reset, modifier: NONE,
        x: 77, y: 26, fg: DarkGray, bg: Black, underline: Reset, modifier: NONE,
        x: 84, y: 26, fg: Reset, bg: Black, underline: Reset, modifier: NONE,
    ]
}
