---
source: src/ui/snapshot_tests.rs
expression: frame
---
Buffer {
    area: Rect { x: 0, y: 0, width: 80, height: 30 },
    content: [
        "┌ Midgame ─────────────────────────────┐┌ Sunken Kingdom ──────────────────────┐",
        "│Level 45 Master      ⚡ Power Level: 0││     Subzone 2/4: Drowned Streets     │", // hidden by multi-width symbols: [(23, " ")]
        "│⏱️ 1d 6h 0m 0s                        ││          [Boss in 10 kills]          │", // hidden by multi-width symbols: [(2, " ")]
        "│          XP: 0/30186 (0.0%)          ││   Barnacle-crusted buildings line    │",
        "│────────────── Prestige ──────────────││avenues where fish swim through broken│",
        "│🏆 Rank: 5 (Diamond) | 🔄 5           ││ ████████████Zone 8 / 11              │", // hidden by multi-width symbols: [(2, " "), (25, " ")]
        "│⚡ XP: 2.54x +1.5 CHA → 4.04x         ││         Z9 locked — need P20         │", // hidden by multi-width symbols: [(2, " ")]
        "│🔓 +0.21x mult                        ││                                      │", // hidden by multi-width symbols: [(2, " ")]
        "│███████Lv 45/90 to Emerald (P6)       ││──────────────────────────────────────│",
        "│───────────── Attributes ─────────────││                                      │",
        "│██STR 40/45 (+15)  ██INT 40/45 (+15)  ││ •                                    │",
        "│██DEX 40/45 (+15)  ██WIS 40/45 (+15)  ││                                      │",
        "│██CON 40/45 (+15)  ██CHA 40/45 (+15)  ││                                      │",
        "└──────────────────────────────────────┘│                                      │",
        "┌ Equipment ⚡144 ─────────────────────┐│○                                   ○ │", // hidden by multi-width symbols: [(13, " ")]
        "│Weapon Greatswor      Epic T2 Z8  ⚡12││                ○         ○           │", // hidden by multi-width symbols: [(36, " ")]
        "│ Armor Regenerat      Rare T0 Z8  ⚡19││~~~~~~⠙ Scanning the horizon...~~~~║║~│", // hidden by multi-width symbols: [(36, " ")]
        "│Helmet Helm of H      Rare T0 Z8  ⚡11││║~~~~~~~~~~~~~~~~~~║║║║║║║║║║║║║║║║║║║│", // hidden by multi-width symbols: [(36, " ")]
        "│Gloves Deadly Ga      Rare T2 Z8  ⚡36││║║║║║║~~~~~~~~~~║║║║║║║║║║║║║║║║║║║║║║│", // hidden by multi-width symbols: [(36, " ")]
        "│ Boots Wise Shoe      Rare T1 Z8  ⚡25││║║║║║║║║║║║║║║║║║║║║║║║║║║║║║║║║║║║║║║│", // hidden by multi-width symbols: [(36, " ")]
        "│Amulet Talisman       Rare T0 Z8  ⚡17││║║║║║║║║║║║║║║║║║║║║║║║║║║║║║║║║║║║║║║│", // hidden by multi-width symbols: [(36, " ")]
        "│  Ring Regenerat      Rare T1 Z8  ⚡24││║║║║║║║║║║║║║║║║║║║║║║║║║║║║║║║║║║║║║║│", // hidden by multi-width symbols: [(36, " ")]
        "└──────────────────────────────────────┘│║║║║║║║║║║║║║║║║║║║║║║║║║║║║║║║║║║║║║║│",
        "                                        │──────────────────────────────────────│",
        "                                        │██HP:500/500 █ You:1.5s ─── DPS:      │",
        "                                        │⠙ Scanning the Foe:--- ────           │",
        "                                        └──────────────────────────────────────┘",
        "💎750 SG │ Awaiting adventure...                                                ", // hidden by multi-width symbols: [(1, " ")]
        "┌ 0000000 ─────────────────────────────────────────────────────────────────────┐",
        "└──────────────────────────────────────────────────────────────────────────────┘",
    ],
    styles: [
        x: 0, y: 0, fg: Reset, bg: Reset, underline: Reset, modifier: NONE,
        x: 40, y: 0, fg: Magenta, bg: Reset, underline: Reset, modifier: NONE,
        x: 41, y: 0, fg: Magenta, bg: Reset, underline: Reset, modifier: BOLD,
        x: 57, y: 0, fg: Magenta, bg: Reset, underline: Reset, modifier: NONE,
        x: 0, y: 1, fg: Reset, bg: Reset, underline: Reset, modifier: NONE,
        x: 1, y: 1, fg: Cyan, bg: Reset, underline: Reset, modifier: BOLD,
        x: 16, y: 1, fg: Reset, bg: Reset, underline: Reset, modifier: NONE,
        x: 22, y: 1, fg: Yellow, bg: Reset, underline: Reset, modifier: BOLD,
        x: 23, y: 1, fg: Reset, bg: Reset, underline: Reset, modifier: NONE,
        x: 24, y: 1, fg: Yellow, bg: Reset, underline: Reset, modifier: BOLD,
        x: 39, y: 1, fg: Reset, bg: Reset, underline: Reset, modifier: NONE,
        x: 40, y: 1, fg: Magenta, bg: Reset, underline: Reset, modifier: NONE,
        x: 41, y: 1, fg: Reset, bg: Rgb(3, 10, 28), underline: Reset, modifier: NONE,
        x: 46, y: 1, fg: White, bg: Rgb(3, 10, 28), underline: Reset, modifier: NONE,
        x: 50, y: 1, fg: White, bg: Rgb(3, 10, 27), underline: Reset, modifier: NONE,
        x: 54, y: 1, fg: White, bg: Rgb(2, 9, 27), underline: Reset, modifier: NONE,
        x: 58, y: 1, fg: White, bg: Rgb(2, 9, 26), underline: Reset, modifier: NONE,
        x: 74, y: 1, fg: Reset, bg: Rgb(2, 9, 27), underline: Reset, modifier: NONE,
        x: 76, y: 1, fg: Reset, bg: Rgb(3, 10, 27), underline: Reset, modifier: NONE,
        x: 78, y: 1, fg: Reset, bg: Rgb(3, 10, 28), underline: Reset, modifier: NONE,
        x: 79, y: 1, fg: Magenta, bg: Reset, underline: Reset, modifier: NONE,
        x: 0, y: 2, fg: Reset, bg: Reset, underline: Reset, modifier: NONE,
        x: 1, y: 2, fg: Cyan, bg: Reset, underline: Reset, modifier: NONE,
        x: 2, y: 2, fg: Reset, bg: Reset, underline: Reset, modifier: NONE,
        x: 3, y: 2, fg: Cyan, bg: Reset, underline: Reset, modifier: NONE,
        x: 15, y: 2, fg: Reset, bg: Reset, underline: Reset, modifier: NONE,
        x: 40, y: 2, fg: Magenta, bg: Reset, underline: Reset, modifier: NONE,
        x: 41, y: 2, fg: Reset, bg: Rgb(3, 9, 24), underline: Reset, modifier: NONE,
        x: 50, y: 2, fg: Reset, bg: Rgb(2, 8, 24), underline: Reset, modifier: NONE,
        x: 51, y: 2, fg: DarkGray, bg: Rgb(2, 8, 24), underline: Reset, modifier: NONE,
        x: 54, y: 2, fg: DarkGray, bg: Rgb(2, 8, 23), underline: Reset, modifier: NONE,
        x: 62, y: 2, fg: DarkGray, bg: Rgb(1, 7, 23), underline: Reset, modifier: NONE,
        x: 68, y: 2, fg: DarkGray, bg: Rgb(2, 8, 23), underline: Reset, modifier: NONE,
        x: 69, y: 2, fg: Reset, bg: Rgb(2, 8, 23), underline: Reset, modifier: NONE,
        x: 75, y: 2, fg: Reset, bg: Rgb(2, 8, 24), underline: Reset, modifier: NONE,
        x: 77, y: 2, fg: Reset, bg: Rgb(3, 9, 24), underline: Reset, modifier: NONE,
        x: 79, y: 2, fg: Magenta, bg: Reset, underline: Reset, modifier: NONE,
        x: 0, y: 3, fg: Reset, bg: Reset, underline: Reset, modifier: NONE,
        x: 1, y: 3, fg: Yellow, bg: Rgb(30, 28, 8), underline: Reset, modifier: BOLD,
        x: 39, y: 3, fg: Reset, bg: Reset, underline: Reset, modifier: NONE,
        x: 40, y: 3, fg: Magenta, bg: Reset, underline: Reset, modifier: NONE,
        x: 41, y: 3, fg: Reset, bg: Rgb(2, 7, 21), underline: Reset, modifier: NONE,
        x: 44, y: 3, fg: Rgb(70, 95, 115), bg: Rgb(2, 7, 21), underline: Reset, modifier: NONE,
        x: 58, y: 3, fg: Rgb(70, 95, 115), bg: Rgb(1, 6, 20), underline: Reset, modifier: NONE,
        x: 71, y: 3, fg: Rgb(70, 95, 115), bg: Rgb(2, 7, 21), underline: Reset, modifier: NONE,
        x: 75, y: 3, fg: Reset, bg: Rgb(2, 7, 21), underline: Reset, modifier: NONE,
        x: 78, y: 3, fg: Reset, bg: Rgb(3, 8, 22), underline: Reset, modifier: NONE,
        x: 79, y: 3, fg: Magenta, bg: Reset, underline: Reset, modifier: NONE,
        x: 0, y: 4, fg: Reset, bg: Reset, underline: Reset, modifier: NONE,
        x: 1, y: 4, fg: DarkGray, bg: Reset, underline: Reset, modifier: NONE,
        x: 15, y: 4, fg: DarkGray, bg: Reset, underline: Reset, modifier: BOLD,
        x: 25, y: 4, fg: DarkGray, bg: Reset, underline: Reset, modifier: NONE,
        x: 39, y: 4, fg: Reset, bg: Reset, underline: Reset, modifier: NONE,
        x: 40, y: 4, fg: Magenta, bg: Reset, underline: Reset, modifier: NONE,
        x: 41, y: 4, fg: Rgb(70, 95, 115), bg: Rgb(2, 6, 19), underline: Reset, modifier: NONE,
        x: 49, y: 4, fg: Rgb(70, 95, 115), bg: Rgb(2, 6, 18), underline: Reset, modifier: NONE,
        x: 54, y: 4, fg: Rgb(70, 95, 115), bg: Rgb(1, 5, 18), underline: Reset, modifier: NONE,
        x: 72, y: 4, fg: Rgb(70, 95, 115), bg: Rgb(2, 6, 18), underline: Reset, modifier: NONE,
        x: 74, y: 4, fg: Rgb(70, 95, 115), bg: Rgb(2, 6, 19), underline: Reset, modifier: NONE,
        x: 76, y: 4, fg: Rgb(70, 95, 115), bg: Rgb(2, 7, 19), underline: Reset, modifier: NONE,
        x: 78, y: 4, fg: Rgb(70, 95, 115), bg: Rgb(3, 7, 19), underline: Reset, modifier: NONE,
        x: 79, y: 4, fg: Magenta, bg: Reset, underline: Reset, modifier: NONE,
        x: 0, y: 5, fg: Reset, bg: Reset, underline: Reset, modifier: NONE,
        x: 1, y: 5, fg: Reset, bg: Reset, underline: Reset, modifier: BOLD,
        x: 2, y: 5, fg: Reset, bg: Reset, underline: Reset, modifier: NONE,
        x: 3, y: 5, fg: Reset, bg: Reset, underline: Reset, modifier: BOLD,
        x: 10, y: 5, fg: Yellow, bg: Reset, underline: Reset, modifier: NONE,
        x: 21, y: 5, fg: DarkGray, bg: Reset, underline: Reset, modifier: NONE,
        x: 24, y: 5, fg: Reset, bg: Reset, underline: Reset, modifier: NONE,
        x: 27, y: 5, fg: Magenta, bg: Reset, underline: Reset, modifier: NONE,
        x: 28, y: 5, fg: Reset, bg: Reset, underline: Reset, modifier: NONE,
        x: 40, y: 5, fg: Magenta, bg: Reset, underline: Reset, modifier: NONE,
        x: 41, y: 5, fg: Reset, bg: Rgb(2, 5, 16), underline: Reset, modifier: NONE,
        x: 42, y: 5, fg: Green, bg: Rgb(30, 30, 30), underline: Reset, modifier: NONE,
        x: 54, y: 5, fg: Rgb(30, 30, 30), bg: Green, underline: Reset, modifier: NONE,
        x: 65, y: 5, fg: Green, bg: Rgb(30, 30, 30), underline: Reset, modifier: NONE,
        x: 78, y: 5, fg: Reset, bg: Rgb(2, 6, 17), underline: Reset, modifier: NONE,
        x: 79, y: 5, fg: Magenta, bg: Reset, underline: Reset, modifier: NONE,
        x: 0, y: 6, fg: Reset, bg: Reset, underline: Reset, modifier: NONE,
        x: 1, y: 6, fg: Reset, bg: Reset, underline: Reset, modifier: BOLD,
        x: 2, y: 6, fg: Reset, bg: Reset, underline: Reset, modifier: NONE,
        x: 3, y: 6, fg: Reset, bg: Reset, underline: Reset, modifier: BOLD,
        x: 8, y: 6, fg: Cyan, bg: Reset, underline: Reset, modifier: NONE,
        x: 13, y: 6, fg: Yellow, bg: Reset, underline: Reset, modifier: NONE,
        x: 22, y: 6, fg: DarkGray, bg: Reset, underline: Reset, modifier: NONE,
        x: 25, y: 6, fg: Green, bg: Reset, underline: Reset, modifier: BOLD,
        x: 30, y: 6, fg: Reset, bg: Reset, underline: Reset, modifier: NONE,
        x: 40, y: 6, fg: Magenta, bg: Reset, underline: Reset, modifier: NONE,
        x: 41, y: 6, fg: Reset, bg: Rgb(2, 4, 14), underline: Reset, modifier: NONE,
        x: 49, y: 6, fg: Reset, bg: Rgb(1, 4, 14), underline: Reset, modifier: NONE,
        x: 50, y: 6, fg: DarkGray, bg: Rgb(1, 4, 14), underline: Reset, modifier: NONE,
        x: 54, y: 6, fg: DarkGray, bg: Rgb(1, 3, 13), underline: Reset, modifier: NONE,
        x: 69, y: 6, fg: DarkGray, bg: Rgb(1, 4, 14), underline: Reset, modifier: NONE,
        x: 70, y: 6, fg: Reset, bg: Rgb(1, 4, 14), underline: Reset, modifier: NONE,
        x: 72, y: 6, fg: Reset, bg: Rgb(2, 4, 14), underline: Reset, modifier: NONE,
        x: 76, y: 6, fg: Reset, bg: Rgb(2, 5, 15), underline: Reset, modifier: NONE,
        x: 78, y: 6, fg: Reset, bg: Rgb(3, 5, 15), underline: Reset, modifier: NONE,
        x: 79, y: 6, fg: Magenta, bg: Reset, underline: Reset, modifier: NONE,
        x: 0, y: 7, fg: Reset, bg: Reset, underline: Reset, modifier: NONE,
        x: 1, y: 7, fg: DarkGray, bg: Reset, underline: Reset, modifier: NONE,
        x: 2, y: 7, fg: Reset, bg: Reset, underline: Reset, modifier: NONE,
        x: 3, y: 7, fg: DarkGray, bg: Reset, underline: Reset, modifier: NONE,
        x: 15, y: 7, fg: Reset, bg: Reset, underline: Reset, modifier: NONE,
        x: 40, y: 7, fg: Magenta, bg: Reset, underline: Reset, modifier: NONE,
        x: 41, y: 7, fg: Reset, bg: Rgb(1, 3, 12), underline: Reset, modifier: NONE,
        x: 50, y: 7, fg: Reset, bg: Rgb(1, 3, 11), underline: Reset, modifier: NONE,
        x: 55, y: 7, fg: Reset, bg: Rgb(1, 2, 11), underline: Reset, modifier: NONE,
        x: 67, y: 7, fg: Reset, bg: Rgb(1, 3, 11), underline: Reset, modifier: NONE,
        x: 70, y: 7, fg: Reset, bg: Rgb(1, 3, 12), underline: Reset, modifier: NONE,
        x: 73, y: 7, fg: Reset, bg: Rgb(2, 3, 12), underline: Reset, modifier: NONE,
        x: 75, y: 7, fg: Reset, bg: Rgb(2, 4, 12), underline: Reset, modifier: NONE,
        x: 77, y: 7, fg: Reset, bg: Rgb(2, 4, 13), underline: Reset, modifier: NONE,
        x: 79, y: 7, fg: Magenta, bg: Reset, underline: Reset, modifier: NONE,
        x: 0, y: 8, fg: Reset, bg: Reset, underline: Reset, modifier: NONE,
        x: 1, y: 8, fg: Rgb(180, 100, 255), bg: Rgb(20, 10, 30), underline: Reset, modifier: BOLD,
        x: 8, y: 8, fg: Rgb(20, 10, 30), bg: Rgb(180, 100, 255), underline: Reset, modifier: BOLD,
        x: 20, y: 8, fg: Rgb(180, 100, 255), bg: Rgb(20, 10, 30), underline: Reset, modifier: BOLD,
        x: 39, y: 8, fg: Reset, bg: Reset, underline: Reset, modifier: NONE,
        x: 40, y: 8, fg: Magenta, bg: Reset, underline: Reset, modifier: NONE,
        x: 0, y: 9, fg: Reset, bg: Reset, underline: Reset, modifier: NONE,
        x: 1, y: 9, fg: DarkGray, bg: Reset, underline: Reset, modifier: NONE,
        x: 14, y: 9, fg: DarkGray, bg: Reset, underline: Reset, modifier: BOLD,
        x: 26, y: 9, fg: DarkGray, bg: Reset, underline: Reset, modifier: NONE,
        x: 39, y: 9, fg: Reset, bg: Reset, underline: Reset, modifier: NONE,
        x: 40, y: 9, fg: Magenta, bg: Reset, underline: Reset, modifier: NONE,
        x: 41, y: 9, fg: Reset, bg: Rgb(10, 30, 80), underline: Reset, modifier: NONE,
        x: 50, y: 9, fg: Reset, bg: Rgb(9, 29, 79), underline: Reset, modifier: NONE,
        x: 54, y: 9, fg: Reset, bg: Rgb(8, 28, 78), underline: Reset, modifier: NONE,
        x: 58, y: 9, fg: Reset, bg: Rgb(7, 27, 77), underline: Reset, modifier: NONE,
        x: 61, y: 9, fg: Reset, bg: Rgb(6, 26, 76), underline: Reset, modifier: NONE,
        x: 71, y: 9, fg: Reset, bg: Rgb(7, 27, 77), underline: Reset, modifier: NONE,
        x: 74, y: 9, fg: Reset, bg: Rgb(8, 28, 78), underline: Reset, modifier: NONE,
        x: 76, y: 9, fg: Reset, bg: Rgb(9, 29, 79), underline: Reset, modifier: NONE,
        x: 78, y: 9, fg: Reset, bg: Rgb(10, 30, 80), underline: Reset, modifier: NONE,
        x: 79, y: 9, fg: Magenta, bg: Reset, underline: Reset, modifier: NONE,
        x: 0, y: 10, fg: Reset, bg: Reset, underline: Reset, modifier: NONE,
        x: 1, y: 10, fg: Red, bg: Rgb(28, 8, 8), underline: Reset, modifier: BOLD,
        x: 3, y: 10, fg: Rgb(28, 8, 8), bg: Red, underline: Reset, modifier: BOLD,
        x: 18, y: 10, fg: Red, bg: Rgb(28, 8, 8), underline: Reset, modifier: BOLD,
        x: 20, y: 10, fg: Blue, bg: Rgb(8, 8, 28), underline: Reset, modifier: BOLD,
        x: 22, y: 10, fg: Rgb(8, 8, 28), bg: Blue, underline: Reset, modifier: BOLD,
        x: 37, y: 10, fg: Blue, bg: Rgb(8, 8, 28), underline: Reset, modifier: BOLD,
        x: 39, y: 10, fg: Reset, bg: Reset, underline: Reset, modifier: NONE,
        x: 40, y: 10, fg: Magenta, bg: Reset, underline: Reset, modifier: NONE,
        x: 41, y: 10, fg: Reset, bg: Rgb(9, 28, 75), underline: Reset, modifier: NONE,
        x: 42, y: 10, fg: Rgb(47, 143, 173), bg: Rgb(9, 28, 75), underline: Reset, modifier: NONE,
        x: 43, y: 10, fg: Reset, bg: Rgb(9, 28, 75), underline: Reset, modifier: NONE,
        x: 50, y: 10, fg: Reset, bg: Rgb(8, 27, 74), underline: Reset, modifier: NONE,
        x: 54, y: 10, fg: Reset, bg: Rgb(7, 26, 73), underline: Reset, modifier: NONE,
        x: 57, y: 10, fg: Reset, bg: Rgb(6, 25, 72), underline: Reset, modifier: NONE,
        x: 62, y: 10, fg: Reset, bg: Rgb(5, 24, 71), underline: Reset, modifier: NONE,
        x: 68, y: 10, fg: Reset, bg: Rgb(6, 25, 72), underline: Reset, modifier: NONE,
        x: 72, y: 10, fg: Reset, bg: Rgb(7, 26, 73), underline: Reset, modifier: NONE,
        x: 75, y: 10, fg: Reset, bg: Rgb(8, 27, 74), underline: Reset, modifier: NONE,
        x: 77, y: 10, fg: Reset, bg: Rgb(9, 28, 75), underline: Reset, modifier: NONE,
        x: 79, y: 10, fg: Magenta, bg: Reset, underline: Reset, modifier: NONE,
        x: 0, y: 11, fg: Reset, bg: Reset, underline: Reset, modifier: NONE,
        x: 1, y: 11, fg: Green, bg: Rgb(8, 28, 8), underline: Reset, modifier: BOLD,
        x: 3, y: 11, fg: Rgb(8, 28, 8), bg: Green, underline: Reset, modifier: BOLD,
        x: 18, y: 11, fg: Green, bg: Rgb(8, 28, 8), underline: Reset, modifier: BOLD,
        x: 20, y: 11, fg: Cyan, bg: Rgb(8, 28, 28), underline: Reset, modifier: BOLD,
        x: 22, y: 11, fg: Rgb(8, 28, 28), bg: Cyan, underline: Reset, modifier: BOLD,
        x: 37, y: 11, fg: Cyan, bg: Rgb(8, 28, 28), underline: Reset, modifier: BOLD,
        x: 39, y: 11, fg: Reset, bg: Reset, underline: Reset, modifier: NONE,
        x: 40, y: 11, fg: Magenta, bg: Reset, underline: Reset, modifier: NONE,
        x: 41, y: 11, fg: Reset, bg: Rgb(9, 26, 71), underline: Reset, modifier: NONE,
        x: 49, y: 11, fg: Reset, bg: Rgb(8, 25, 70), underline: Reset, modifier: NONE,
        x: 54, y: 11, fg: Reset, bg: Rgb(7, 24, 69), underline: Reset, modifier: NONE,
        x: 58, y: 11, fg: Reset, bg: Rgb(6, 23, 68), underline: Reset, modifier: NONE,
        x: 71, y: 11, fg: Reset, bg: Rgb(7, 24, 69), underline: Reset, modifier: NONE,
        x: 73, y: 11, fg: Reset, bg: Rgb(8, 25, 70), underline: Reset, modifier: NONE,
        x: 76, y: 11, fg: Reset, bg: Rgb(9, 26, 71), underline: Reset, modifier: NONE,
        x: 78, y: 11, fg: Reset, bg: Rgb(10, 27, 72), underline: Reset, modifier: NONE,
        x: 79, y: 11, fg: Magenta, bg: Reset, underline: Reset, modifier: NONE,
        x: 0, y: 12, fg: Reset, bg: Reset, underline: Reset, modifier: NONE,
        x: 1, y: 12, fg: Magenta, bg: Rgb(28, 8, 28), underline: Reset, modifier: BOLD,
        x: 3, y: 12, fg: Rgb(28, 8, 28), bg: Magenta, underline: Reset, modifier: BOLD,
        x: 18, y: 12, fg: Magenta, bg: Rgb(28, 8, 28), underline: Reset, modifier: BOLD,
        x: 20, y: 12, fg: Yellow, bg: Rgb(28, 28, 8), underline: Reset, modifier: BOLD,
        x: 22, y: 12, fg: Rgb(28, 28, 8), bg: Yellow, underline: Reset, modifier: BOLD,
        x: 37, y: 12, fg: Yellow, bg: Rgb(28, 28, 8), underline: Reset, modifier: BOLD,
        x: 39, y: 12, fg: Reset, bg: Reset, underline: Reset, modifier: NONE,
        x: 40, y: 12, fg: Magenta, bg: Reset, underline: Reset, modifier: NONE,
        x: 41, y: 12, fg: Reset, bg: Rgb(9, 24, 67), underline: Reset, modifier: NONE,
        x: 49, y: 12, fg: Reset, bg: Rgb(8, 23, 66), underline: Reset, modifier: NONE,
        x: 54, y: 12, fg: Reset, bg: Rgb(7, 22, 65), underline: Reset, modifier: NONE,
        x: 58, y: 12, fg: Reset, bg: Rgb(6, 21, 64), underline: Reset, modifier: NONE,
        x: 69, y: 12, fg: Reset, bg: Rgb(7, 22, 65), underline: Reset, modifier: NONE,
        x: 72, y: 12, fg: Reset, bg: Rgb(8, 23, 66), underline: Reset, modifier: NONE,
        x: 74, y: 12, fg: Reset, bg: Rgb(9, 24, 67), underline: Reset, modifier: NONE,
        x: 76, y: 12, fg: Reset, bg: Rgb(10, 25, 68), underline: Reset, modifier: NONE,
        x: 78, y: 12, fg: Reset, bg: Rgb(11, 26, 69), underline: Reset, modifier: NONE,
        x: 79, y: 12, fg: Magenta, bg: Reset, underline: Reset, modifier: NONE,
        x: 0, y: 13, fg: Reset, bg: Reset, underline: Reset, modifier: NONE,
        x: 40, y: 13, fg: Magenta, bg: Reset, underline: Reset, modifier: NONE,
        x: 41, y: 13, fg: Reset, bg: Rgb(8, 23, 63), underline: Reset, modifier: NONE,
        x: 49, y: 13, fg: Reset, bg: Rgb(7, 22, 62), underline: Reset, modifier: NONE,
        x: 54, y: 13, fg: Reset, bg: Rgb(6, 21, 61), underline: Reset, modifier: NONE,
        x: 59, y: 13, fg: Reset, bg: Rgb(5, 20, 60), underline: Reset, modifier: NONE,
        x: 66, y: 13, fg: Reset, bg: Rgb(6, 21, 61), underline: Reset, modifier: NONE,
        x: 70, y: 13, fg: Reset, bg: Rgb(7, 22, 62), underline: Reset, modifier: NONE,
        x: 73, y: 13, fg: Reset, bg: Rgb(8, 23, 63), underline: Reset, modifier: NONE,
        x: 75, y: 13, fg: Reset, bg: Rgb(9, 24, 64), underline: Reset, modifier: NONE,
        x: 77, y: 13, fg: Reset, bg: Rgb(10, 25, 65), underline: Reset, modifier: NONE,
        x: 79, y: 13, fg: Magenta, bg: Reset, underline: Reset, modifier: NONE,
        x: 0, y: 14, fg: Reset, bg: Reset, underline: Reset, modifier: NONE,
        x: 40, y: 14, fg: Magenta, bg: Reset, underline: Reset, modifier: NONE,
        x: 41, y: 14, fg: Rgb(140, 180, 220), bg: Rgb(8, 21, 60), underline: Reset, modifier: NONE,
        x: 42, y: 14, fg: Reset, bg: Rgb(8, 21, 60), underline: Reset, modifier: NONE,
        x: 49, y: 14, fg: Reset, bg: Rgb(7, 20, 59), underline: Reset, modifier: NONE,
        x: 54, y: 14, fg: Reset, bg: Rgb(6, 19, 58), underline: Reset, modifier: NONE,
        x: 69, y: 14, fg: Reset, bg: Rgb(7, 20, 59), underline: Reset, modifier: NONE,
        x: 72, y: 14, fg: Reset, bg: Rgb(8, 21, 60), underline: Reset, modifier: NONE,
        x: 74, y: 14, fg: Reset, bg: Rgb(9, 22, 61), underline: Reset, modifier: NONE,
        x: 76, y: 14, fg: Reset, bg: Rgb(10, 23, 62), underline: Reset, modifier: NONE,
        x: 77, y: 14, fg: Rgb(140, 180, 220), bg: Rgb(10, 23, 62), underline: Reset, modifier: NONE,
        x: 78, y: 14, fg: Reset, bg: Rgb(11, 24, 63), underline: Reset, modifier: NONE,
        x: 79, y: 14, fg: Magenta, bg: Reset, underline: Reset, modifier: NONE,
        x: 0, y: 15, fg: Reset, bg: Reset, underline: Reset, modifier: NONE,
        x: 1, y: 15, fg: Reset, bg: Reset, underline: Reset, modifier: BOLD,
        x: 7, y: 15, fg: Reset, bg: Reset, underline: Reset, modifier: NONE,
        x: 8, y: 15, fg: Magenta, bg: Reset, underline: Reset, modifier: NONE,
        x: 17, y: 15, fg: Reset, bg: Reset, underline: Reset, modifier: NONE,
        x: 18, y: 15, fg: Magenta, bg: Reset, underline: Reset, modifier: NONE,
        x: 27, y: 15, fg: Reset, bg: Reset, underline: Reset, modifier: NONE,
        x: 28, y: 15, fg: Rgb(0, 180, 170), bg: Reset, underline: Reset, modifier: NONE,
        x: 30, y: 15, fg: Reset, bg: Reset, underline: Reset, modifier: NONE,
        x: 31, y: 15, fg: DarkGray, bg: Reset, underline: Reset, modifier: NONE,
        x: 33, y: 15, fg: Reset, bg: Reset, underline: Reset, modifier: NONE,
        x: 35, y: 15, fg: Cyan, bg: Reset, underline: Reset, modifier: NONE,
        x: 36, y: 15, fg: Reset, bg: Reset, underline: Reset, modifier: NONE,
        x: 37, y: 15, fg: Cyan, bg: Reset, underline: Reset, modifier: NONE,
        x: 39, y: 15, fg: Reset, bg: Reset, underline: Reset, modifier: NONE,
        x: 40, y: 15, fg: Magenta, bg: Reset, underline: Reset, modifier: NONE,
        x: 41, y: 15, fg: Reset, bg: Rgb(7, 20, 57), underline: Reset, modifier: NONE,
        x: 50, y: 15, fg: Reset, bg: Rgb(6, 19, 56), underline: Reset, modifier: NONE,
        x: 55, y: 15, fg: Reset, bg: Rgb(5, 18, 55), underline: Reset, modifier: NONE,
        x: 57, y: 15, fg: Rgb(140, 180, 220), bg: Rgb(5, 18, 55), underline: Reset, modifier: NONE,
        x: 58, y: 15, fg: Reset, bg: Rgb(5, 18, 55), underline: Reset, modifier: NONE,
        x: 67, y: 15, fg: Rgb(140, 180, 220), bg: Rgb(6, 19, 56), underline: Reset, modifier: NONE,
        x: 68, y: 15, fg: Reset, bg: Rgb(6, 19, 56), underline: Reset, modifier: NONE,
        x: 70, y: 15, fg: Reset, bg: Rgb(7, 20, 57), underline: Reset, modifier: NONE,
        x: 73, y: 15, fg: Reset, bg: Rgb(8, 21, 58), underline: Reset, modifier: NONE,
        x: 75, y: 15, fg: Reset, bg: Rgb(9, 22, 59), underline: Reset, modifier: NONE,
        x: 77, y: 15, fg: Reset, bg: Rgb(10, 23, 60), underline: Reset, modifier: NONE,
        x: 79, y: 15, fg: Magenta, bg: Reset, underline: Reset, modifier: NONE,
        x: 0, y: 16, fg: Reset, bg: Reset, underline: Reset, modifier: NONE,
        x: 1, y: 16, fg: Reset, bg: Reset, underline: Reset, modifier: BOLD,
        x: 7, y: 16, fg: Reset, bg: Reset, underline: Reset, modifier: NONE,
        x: 8, y: 16, fg: Yellow, bg: Reset, underline: Reset, modifier: NONE,
        x: 17, y: 16, fg: Reset, bg: Reset, underline: Reset, modifier: NONE,
        x: 18, y: 16, fg: Yellow, bg: Reset, underline: Reset, modifier: NONE,
        x: 27, y: 16, fg: Reset, bg: Reset, underline: Reset, modifier: NONE,
        x: 28, y: 16, fg: Gray, bg: Reset, underline: Reset, modifier: NONE,
        x: 30, y: 16, fg: Reset, bg: Reset, underline: Reset, modifier: NONE,
        x: 31, y: 16, fg: DarkGray, bg: Reset, underline: Reset, modifier: NONE,
        x: 33, y: 16, fg: Reset, bg: Reset, underline: Reset, modifier: NONE,
        x: 35, y: 16, fg: Cyan, bg: Reset, underline: Reset, modifier: NONE,
        x: 36, y: 16, fg: Reset, bg: Reset, underline: Reset, modifier: NONE,
        x: 37, y: 16, fg: Cyan, bg: Reset, underline: Reset, modifier: NONE,
        x: 39, y: 16, fg: Reset, bg: Reset, underline: Reset, modifier: NONE,
        x: 40, y: 16, fg: Magenta, bg: Reset, underline: Reset, modifier: NONE,
        x: 41, y: 16, fg: Rgb(40, 80, 120), bg: Rgb(7, 18, 53), underline: Reset, modifier: NONE,
        x: 47, y: 16, fg: Rgb(140, 146, 168), bg: Rgb(7, 18, 53), underline: Reset, modifier: NONE,
        x: 48, y: 16, fg: Reset, bg: Rgb(7, 18, 53), underline: Reset, modifier: NONE,
        x: 49, y: 16, fg: Rgb(140, 146, 168), bg: Rgb(7, 18, 53), underline: Reset, modifier: NONE,
        x: 51, y: 16, fg: Rgb(140, 146, 168), bg: Rgb(6, 17, 52), underline: Reset, modifier: NONE,
        x: 57, y: 16, fg: Reset, bg: Rgb(5, 16, 51), underline: Reset, modifier: NONE,
        x: 58, y: 16, fg: Rgb(140, 146, 168), bg: Rgb(5, 16, 51), underline: Reset, modifier: NONE,
        x: 61, y: 16, fg: Reset, bg: Rgb(5, 16, 51), underline: Reset, modifier: NONE,
        x: 62, y: 16, fg: Rgb(140, 146, 168), bg: Rgb(5, 16, 51), underline: Reset, modifier: NONE,
        x: 64, y: 16, fg: Rgb(140, 146, 168), bg: Rgb(6, 17, 52), underline: Reset, modifier: NONE,
        x: 69, y: 16, fg: Rgb(140, 146, 168), bg: Rgb(7, 18, 53), underline: Reset, modifier: NONE,
        x: 72, y: 16, fg: Rgb(40, 80, 120), bg: Rgb(8, 19, 54), underline: Reset, modifier: NONE,
        x: 74, y: 16, fg: Rgb(40, 80, 120), bg: Rgb(9, 20, 55), underline: Reset, modifier: NONE,
        x: 76, y: 16, fg: Rgb(30, 55, 90), bg: Rgb(10, 21, 56), underline: Reset, modifier: NONE,
        x: 78, y: 16, fg: Rgb(40, 80, 120), bg: Rgb(10, 21, 56), underline: Reset, modifier: NONE,
        x: 79, y: 16, fg: Magenta, bg: Reset, underline: Reset, modifier: NONE,
        x: 0, y: 17, fg: Reset, bg: Reset, underline: Reset, modifier: NONE,
        x: 1, y: 17, fg: Reset, bg: Reset, underline: Reset, modifier: BOLD,
        x: 7, y: 17, fg: Reset, bg: Reset, underline: Reset, modifier: NONE,
        x: 8, y: 17, fg: Yellow, bg: Reset, underline: Reset, modifier: NONE,
        x: 17, y: 17, fg: Reset, bg: Reset, underline: Reset, modifier: NONE,
        x: 18, y: 17, fg: Yellow, bg: Reset, underline: Reset, modifier: NONE,
        x: 27, y: 17, fg: Reset, bg: Reset, underline: Reset, modifier: NONE,
        x: 28, y: 17, fg: Gray, bg: Reset, underline: Reset, modifier: NONE,
        x: 30, y: 17, fg: Reset, bg: Reset, underline: Reset, modifier: NONE,
        x: 31, y: 17, fg: DarkGray, bg: Reset, underline: Reset, modifier: NONE,
        x: 33, y: 17, fg: Reset, bg: Reset, underline: Reset, modifier: NONE,
        x: 35, y: 17, fg: Cyan, bg: Reset, underline: Reset, modifier: NONE,
        x: 36, y: 17, fg: Reset, bg: Reset, underline: Reset, modifier: NONE,
        x: 37, y: 17, fg: Cyan, bg: Reset, underline: Reset, modifier: NONE,
        x: 39, y: 17, fg: Reset, bg: Reset, underline: Reset, modifier: NONE,
        x: 40, y: 17, fg: Magenta, bg: Reset, underline: Reset, modifier: NONE,
        x: 41, y: 17, fg: Rgb(30, 55, 90), bg: Rgb(7, 17, 50), underline: Reset, modifier: NONE,
        x: 42, y: 17, fg: Rgb(40, 80, 120), bg: Rgb(8, 18, 51), underline: Reset, modifier: NONE,
        x: 44, y: 17, fg: Rgb(40, 80, 120), bg: Rgb(7, 17, 50), underline: Reset, modifier: NONE,
        x: 52, y: 17, fg: Rgb(40, 80, 120), bg: Rgb(6, 16, 49), underline: Reset, modifier: NONE,
        x: 60, y: 17, fg: Rgb(30, 55, 90), bg: Rgb(6, 16, 49), underline: Reset, modifier: NONE,
        x: 67, y: 17, fg: Rgb(30, 55, 90), bg: Rgb(7, 17, 50), underline: Reset, modifier: NONE,
        x: 70, y: 17, fg: Rgb(30, 55, 90), bg: Rgb(8, 18, 51), underline: Reset, modifier: NONE,
        x: 73, y: 17, fg: Rgb(30, 55, 90), bg: Rgb(9, 19, 52), underline: Reset, modifier: NONE,
        x: 76, y: 17, fg: Rgb(30, 55, 90), bg: Rgb(10, 20, 53), underline: Reset, modifier: NONE,
        x: 78, y: 17, fg: Rgb(30, 55, 90), bg: Rgb(11, 21, 54), underline: Reset, modifier: NONE,
        x: 79, y: 17, fg: Magenta, bg: Reset, underline: Reset, modifier: NONE,
        x: 0, y: 18, fg: Reset, bg: Reset, underline: Reset, modifier: NONE,
        x: 1, y: 18, fg: Reset, bg: Reset, underline: Reset, modifier: BOLD,
        x: 7, y: 18, fg: Reset, bg: Reset, underline: Reset, modifier: NONE,
        x: 8, y: 18, fg: Yellow, bg: Reset, underline: Reset, modifier: NONE,
        x: 17, y: 18, fg: Reset, bg: Reset, underline: Reset, modifier: NONE,
        x: 18, y: 18, fg: Yellow, bg: Reset, underline: Reset, modifier: NONE,
        x: 27, y: 18, fg: Reset, bg: Reset, underline: Reset, modifier: NONE,
        x: 28, y: 18, fg: Rgb(0, 180, 170), bg: Reset, underline: Reset, modifier: NONE,
        x: 30, y: 18, fg: Reset, bg: Reset, underline: Reset, modifier: NONE,
        x: 31, y: 18, fg: DarkGray, bg: Reset, underline: Reset, modifier: NONE,
        x: 33, y: 18, fg: Reset, bg: Reset, underline: Reset, modifier: NONE,
        x: 35, y: 18, fg: Cyan, bg: Reset, underline: Reset, modifier: NONE,
        x: 36, y: 18, fg: Reset, bg: Reset, underline: Reset, modifier: NONE,
        x: 37, y: 18, fg: Cyan, bg: Reset, underline: Reset, modifier: NONE,
        x: 39, y: 18, fg: Reset, bg: Reset, underline: Reset, modifier: NONE,
        x: 40, y: 18, fg: Magenta, bg: Reset, underline: Reset, modifier: NONE,
        x: 41, y: 18, fg: Rgb(30, 55, 90), bg: Rgb(7, 16, 48), underline: Reset, modifier: NONE,
        x: 47, y: 18, fg: Rgb(40, 80, 120), bg: Rgb(6, 15, 47), underline: Reset, modifier: NONE,
        x: 53, y: 18, fg: Rgb(40, 80, 120), bg: Rgb(5, 14, 46), underline: Reset, modifier: NONE,
        x: 57, y: 18, fg: Rgb(30, 55, 90), bg: Rgb(5, 14, 46), underline: Reset, modifier: NONE,
        x: 66, y: 18, fg: Rgb(30, 55, 90), bg: Rgb(6, 15, 47), underline: Reset, modifier: NONE,
        x: 69, y: 18, fg: Rgb(30, 55, 90), bg: Rgb(7, 16, 48), underline: Reset, modifier: NONE,
        x: 72, y: 18, fg: Rgb(30, 55, 90), bg: Rgb(8, 17, 49), underline: Reset, modifier: NONE,
        x: 75, y: 18, fg: Rgb(30, 55, 90), bg: Rgb(9, 18, 50), underline: Reset, modifier: NONE,
        x: 78, y: 18, fg: Rgb(30, 55, 90), bg: Rgb(10, 19, 51), underline: Reset, modifier: NONE,
        x: 79, y: 18, fg: Magenta, bg: Reset, underline: Reset, modifier: NONE,
        x: 0, y: 19, fg: Reset, bg: Reset, underline: Reset, modifier: NONE,
        x: 1, y: 19, fg: Reset, bg: Reset, underline: Reset, modifier: BOLD,
        x: 7, y: 19, fg: Reset, bg: Reset, underline: Reset, modifier: NONE,
        x: 8, y: 19, fg: Yellow, bg: Reset, underline: Reset, modifier: NONE,
        x: 17, y: 19, fg: Reset, bg: Reset, underline: Reset, modifier: NONE,
        x: 18, y: 19, fg: Yellow, bg: Reset, underline: Reset, modifier: NONE,
        x: 27, y: 19, fg: Reset, bg: Reset, underline: Reset, modifier: NONE,
        x: 28, y: 19, fg: Rgb(60, 80, 180), bg: Reset, underline: Reset, modifier: NONE,
        x: 30, y: 19, fg: Reset, bg: Reset, underline: Reset, modifier: NONE,
        x: 31, y: 19, fg: DarkGray, bg: Reset, underline: Reset, modifier: NONE,
        x: 33, y: 19, fg: Reset, bg: Reset, underline: Reset, modifier: NONE,
        x: 35, y: 19, fg: Cyan, bg: Reset, underline: Reset, modifier: NONE,
        x: 36, y: 19, fg: Reset, bg: Reset, underline: Reset, modifier: NONE,
        x: 37, y: 19, fg: Cyan, bg: Reset, underline: Reset, modifier: NONE,
        x: 39, y: 19, fg: Reset, bg: Reset, underline: Reset, modifier: NONE,
        x: 40, y: 19, fg: Magenta, bg: Reset, underline: Reset, modifier: NONE,
        x: 41, y: 19, fg: Rgb(30, 55, 90), bg: Rgb(7, 15, 45), underline: Reset, modifier: NONE,
        x: 49, y: 19, fg: Rgb(30, 55, 90), bg: Rgb(6, 14, 44), underline: Reset, modifier: NONE,
        x: 55, y: 19, fg: Rgb(30, 55, 90), bg: Rgb(5, 13, 43), underline: Reset, modifier: NONE,
        x: 64, y: 19, fg: Rgb(30, 55, 90), bg: Rgb(6, 14, 44), underline: Reset, modifier: NONE,
        x: 68, y: 19, fg: Rgb(30, 55, 90), bg: Rgb(7, 15, 45), underline: Reset, modifier: NONE,
        x: 71, y: 19, fg: Rgb(30, 55, 90), bg: Rgb(8, 16, 46), underline: Reset, modifier: NONE,
        x: 74, y: 19, fg: Rgb(30, 55, 90), bg: Rgb(9, 17, 47), underline: Reset, modifier: NONE,
        x: 77, y: 19, fg: Rgb(30, 55, 90), bg: Rgb(10, 18, 48), underline: Reset, modifier: NONE,
        x: 79, y: 19, fg: Magenta, bg: Reset, underline: Reset, modifier: NONE,
        x: 0, y: 20, fg: Reset, bg: Reset, underline: Reset, modifier: NONE,
        x: 1, y: 20, fg: Reset, bg: Reset, underline: Reset, modifier: BOLD,
        x: 7, y: 20, fg: Reset, bg: Reset, underline: Reset, modifier: NONE,
        x: 8, y: 20, fg: Yellow, bg: Reset, underline: Reset, modifier: NONE,
        x: 17, y: 20, fg: Reset, bg: Reset, underline: Reset, modifier: NONE,
        x: 18, y: 20, fg: Yellow, bg: Reset, underline: Reset, modifier: NONE,
        x: 27, y: 20, fg: Reset, bg: Reset, underline: Reset, modifier: NONE,
        x: 28, y: 20, fg: Gray, bg: Reset, underline: Reset, modifier: NONE,
        x: 30, y: 20, fg: Reset, bg: Reset, underline: Reset, modifier: NONE,
        x: 31, y: 20, fg: DarkGray, bg: Reset, underline: Reset, modifier: NONE,
        x: 33, y: 20, fg: Reset, bg: Reset, underline: Reset, modifier: NONE,
        x: 35, y: 20, fg: Cyan, bg: Reset, underline: Reset, modifier: NONE,
        x: 36, y: 20, fg: Reset, bg: Reset, underline: Reset, modifier: NONE,
        x: 37, y: 20, fg: Cyan, bg: Reset, underline: Reset, modifier: NONE,
        x: 39, y: 20, fg: Reset, bg: Reset, underline: Reset, modifier: NONE,
        x: 40, y: 20, fg: Magenta, bg: Reset, underline: Reset, modifier: NONE,
        x: 41, y: 20, fg: Rgb(30, 55, 90), bg: Rgb(7, 14, 42), underline: Reset, modifier: NONE,
        x: 50, y: 20, fg: Rgb(30, 55, 90), bg: Rgb(6, 13, 41), underline: Reset, modifier: NONE,
        x: 57, y: 20, fg: Rgb(30, 55, 90), bg: Rgb(5, 12, 40), underline: Reset, modifier: NONE,
        x: 61, y: 20, fg: Rgb(30, 55, 90), bg: Rgb(6, 13, 41), underline: Reset, modifier: NONE,
        x: 67, y: 20, fg: Rgb(30, 55, 90), bg: Rgb(7, 14, 42), underline: Reset, modifier: NONE,
        x: 71, y: 20, fg: Rgb(30, 55, 90), bg: Rgb(8, 15, 43), underline: Reset, modifier: NONE,
        x: 74, y: 20, fg: Rgb(30, 55, 90), bg: Rgb(9, 16, 44), underline: Reset, modifier: NONE,
        x: 77, y: 20, fg: Rgb(30, 55, 90), bg: Rgb(10, 17, 45), underline: Reset, modifier: NONE,
        x: 79, y: 20, fg: Magenta, bg: Reset, underline: Reset, modifier: NONE,
        x: 0, y: 21, fg: Reset, bg: Reset, underline: Reset, modifier: NONE,
        x: 1, y: 21, fg: Reset, bg: Reset, underline: Reset, modifier: BOLD,
        x: 7, y: 21, fg: Reset, bg: Reset, underline: Reset, modifier: NONE,
        x: 8, y: 21, fg: Yellow, bg: Reset, underline: Reset, modifier: NONE,
        x: 17, y: 21, fg: Reset, bg: Reset, underline: Reset, modifier: NONE,
        x: 18, y: 21, fg: Yellow, bg: Reset, underline: Reset, modifier: NONE,
        x: 27, y: 21, fg: Reset, bg: Reset, underline: Reset, modifier: NONE,
        x: 28, y: 21, fg: Rgb(60, 80, 180), bg: Reset, underline: Reset, modifier: NONE,
        x: 30, y: 21, fg: Reset, bg: Reset, underline: Reset, modifier: NONE,
        x: 31, y: 21, fg: DarkGray, bg: Reset, underline: Reset, modifier: NONE,
        x: 33, y: 21, fg: Reset, bg: Reset, underline: Reset, modifier: NONE,
        x: 35, y: 21, fg: Cyan, bg: Reset, underline: Reset, modifier: NONE,
        x: 36, y: 21, fg: Reset, bg: Reset, underline: Reset, modifier: NONE,
        x: 37, y: 21, fg: Cyan, bg: Reset, underline: Reset, modifier: NONE,
        x: 39, y: 21, fg: Reset, bg: Reset, underline: Reset, modifier: NONE,
        x: 40, y: 21, fg: Magenta, bg: Reset, underline: Reset, modifier: NONE,
        x: 41, y: 21, fg: Rgb(30, 55, 90), bg: Rgb(7, 13, 40), underline: Reset, modifier: NONE,
        x: 45, y: 21, fg: Rgb(30, 55, 90), bg: Rgb(6, 12, 39), underline: Reset, modifier: NONE,
        x: 51, y: 21, fg: Rgb(30, 55, 90), bg: Rgb(5, 11, 38), underline: Reset, modifier: NONE,
        x: 66, y: 21, fg: Rgb(30, 55, 90), bg: Rgb(6, 12, 39), underline: Reset, modifier: NONE,
        x: 70, y: 21, fg: Rgb(30, 55, 90), bg: Rgb(7, 13, 40), underline: Reset, modifier: NONE,
        x: 73, y: 21, fg: Rgb(30, 55, 90), bg: Rgb(8, 14, 41), underline: Reset, modifier: NONE,
        x: 77, y: 21, fg: Rgb(30, 55, 90), bg: Rgb(9, 15, 42), underline: Reset, modifier: NONE,
        x: 79, y: 21, fg: Magenta, bg: Reset, underline: Reset, modifier: NONE,
        x: 0, y: 22, fg: Reset, bg: Reset, underline: Reset, modifier: NONE,
        x: 40, y: 22, fg: Magenta, bg: Reset, underline: Reset, modifier: NONE,
        x: 41, y: 22, fg: Rgb(30, 55, 90), bg: Rgb(7, 12, 37), underline: Reset, modifier: NONE,
        x: 47, y: 22, fg: Rgb(30, 55, 90), bg: Rgb(6, 11, 36), underline: Reset, modifier: NONE,
        x: 52, y: 22, fg: Rgb(30, 55, 90), bg: Rgb(5, 10, 35), underline: Reset, modifier: NONE,
        x: 66, y: 22, fg: Rgb(30, 55, 90), bg: Rgb(6, 11, 36), underline: Reset, modifier: NONE,
        x: 70, y: 22, fg: Rgb(30, 55, 90), bg: Rgb(7, 12, 37), underline: Reset, modifier: NONE,
        x: 73, y: 22, fg: Rgb(30, 55, 90), bg: Rgb(8, 13, 38), underline: Reset, modifier: NONE,
        x: 78, y: 22, fg: Rgb(30, 55, 90), bg: Rgb(9, 14, 39), underline: Reset, modifier: NONE,
        x: 79, y: 22, fg: Magenta, bg: Reset, underline: Reset, modifier: NONE,
        x: 0, y: 23, fg: Reset, bg: Reset, underline: Reset, modifier: NONE,
        x: 40, y: 23, fg: Magenta, bg: Reset, underline: Reset, modifier: NONE,
        x: 0, y: 24, fg: Reset, bg: Reset, underline: Reset, modifier: NONE,
        x: 40, y: 24, fg: Magenta, bg: Reset, underline: Reset, modifier: NONE,
        x: 41, y: 24, fg: Green, bg: Reset, underline: Reset, modifier: BOLD,
        x: 43, y: 24, fg: Reset, bg: Green, underline: Reset, modifier: BOLD,
        x: 54, y: 24, fg: Green, bg: Reset, underline: Reset, modifier: BOLD,
        x: 55, y: 24, fg: Reset, bg: Reset, underline: Reset, modifier: NONE,
        x: 65, y: 24, fg: DarkGray, bg: Reset, underline: Reset, modifier: NONE,
        x: 73, y: 24, fg: Reset, bg: Reset, underline: Reset, modifier: NONE,
        x: 79, y: 24, fg: Magenta, bg: Reset, underline: Reset, modifier: NONE,
        x: 0, y: 25, fg: Reset, bg: Reset, underline: Reset, modifier: NONE,
        x: 40, y: 25, fg: Magenta, bg: Reset, underline: Reset, modifier: NONE,
        x: 41, y: 25, fg: DarkGray, bg: Reset, underline: Reset, modifier: NONE,
        x: 55, y: 25, fg: Reset, bg: Reset, underline: Reset, modifier: NONE,
        x: 64, y: 25, fg: DarkGray, bg: Reset, underline: Reset, modifier: NONE,
        x: 68, y: 25, fg: Reset, bg: Reset, underline: Reset, modifier: NONE,
        x: 79, y: 25, fg: Magenta, bg: Reset, underline: Reset, modifier: NONE,
        x: 0, y: 26, fg: Reset, bg: Reset, underline: Reset, modifier: NONE,
        x: 40, y: 26, fg: Magenta, bg: Reset, underline: Reset, modifier: NONE,
        x: 0, y: 27, fg: Rgb(100, 180, 255), bg: Reset, underline: Reset, modifier: BOLD,
        x: 1, y: 27, fg: Reset, bg: Reset, underline: Reset, modifier: NONE,
        x: 2, y: 27, fg: Rgb(100, 180, 255), bg: Reset, underline: Reset, modifier: BOLD,
        x: 8, y: 27, fg: DarkGray, bg: Reset, underline: Reset, modifier: NONE,
        x: 32, y: 27, fg: Reset, bg: Reset, underline: Reset, modifier: NONE,
    ]
}
