---
source: src/ui/snapshot_tests.rs
expression: frame
---
Buffer {
    area: Rect { x: 0, y: 0, width: 160, height: 45 },
    content: [
        "┌ Midgame ─────────────────────────────────────────────────────────────────────┐┌ Sunken Kingdom ──────────────────────────────────────────────────────────────┐",
        "│Level 45 Master                                              ⚡ Power Level: 0││                         Subzone 2/4: Drowned Streets                         │", // hidden by multi-width symbols: [(63, " ")]
        "│⏱️ 1d 6h 0m 0s                                                                ││                              [Boss in 10 kills]                              │", // hidden by multi-width symbols: [(2, " ")]
        "│                              XP: 0/30186 (0.0%)                              ││    Barnacle-crusted buildings line avenues where fish swim through broken    │",
        "│────────────────────────────────── Prestige ──────────────────────────────────││                                   windows.                                   │",
        "│🏆 Rank: 5 (Diamond) | 🔄 5                                                   ││ ████████████████████████████████Zone 8 / 11 ████                             │", // hidden by multi-width symbols: [(2, " "), (25, " ")]
        "│⚡ XP: 2.54x +1.5 CHA → 4.04x                                                 ││                             Z9 locked — need P20                             │", // hidden by multi-width symbols: [(2, " ")]
        "│🔓 +0.21x mult                                                                ││──────────────────────────────────────────────────────────────────────────────│", // hidden by multi-width symbols: [(2, " ")]
        "│███████████████████████████Lv 45/90 to Emerald (P6)                           ││                                                                              │",
        "│───────────────────────────────── Attributes ─────────────────────────────────││ •                                     ○                   ○                  │",
        "│████████████STR 40/45 (+15) ███████    ████████████INT 40/45 (+15) ███████    ││                                                                              │",
        "│████████████DEX 40/45 (+15) ███████    ████████████WIS 40/45 (+15) ███████    ││                                                       ○                      │",
        "│████████████CON 40/45 (+15) ███████    ████████████CHA 40/45 (+15) ███████    ││                                                                    ○         │",
        "└──────────────────────────────────────────────────────────────────────────────┘│                        ○                                                     │",
        "┌ Equipment ⚡144 ─────────────────────────────────────────────────────────────┐│                                                                              │", // hidden by multi-width symbols: [(13, " ")]
        "│Weapon Greatsword of Haste                                    Epic T2 Z8  ⚡12││                                                                              │", // hidden by multi-width symbols: [(76, " ")]
        "│ Armor Regenerating Leather Armor                             Rare T0 Z8  ⚡19││                                                               ○              │", // hidden by multi-width symbols: [(76, " ")]
        "│Helmet Helm of Haste                                          Rare T0 Z8  ⚡11││                                                                              │", // hidden by multi-width symbols: [(76, " ")]
        "│Gloves Deadly Gauntlets                                       Rare T2 Z8  ⚡36││                                       ○   ○                                  │", // hidden by multi-width symbols: [(76, " ")]
        "│ Boots Wise Shoes                                             Rare T1 Z8  ⚡25││                                                  ○                           │", // hidden by multi-width symbols: [(76, " ")]
        "│Amulet Talisman of Precision                                  Rare T0 Z8  ⚡17││                                                ~~~~~~~~~~~~~~                │", // hidden by multi-width symbols: [(76, " ")]
        "│  Ring Regenerating Band                                      Rare T1 Z8  ⚡24││                  ○   ○                ~~~~~~~~~~~~~~~~~~~~~~~~~~             │", // hidden by multi-width symbols: [(76, " ")]
        "└──────────────────────────────────────────────────────────────────────────────┘│~~~                       ⠙~Scanning~the~horizon...           ~~~~~~      ║   │",
        "                                                                                │~~~~~~                ~~~~~~~~~~~~~║║~~                          ~~~~~║║║║║║║║│",
        "                                                                                │ ○ ~~~~~~~~     ~~~~~║║║║║║║║║║║║║║║║║║║                            ║║║║║║║║║║│",
        "                                                                                │║     ~~~~~~~~~~~~~║║║║║║║║║║║║║║║║║║║║║║║      ·                ║║║║║║║║║║║║║│",
        "                                                                                │║║║║       ~~~~~ ║║║║║║║║║║║║║║║║║║║║║║║║║║║             ║║║║║║║║║║║║║║║║║║║║║│",
        "                                                                                │║║║║║║          ║║║║║║║║║║║║║║║║║║║║║║║║║║║║║         ║║║║║║║║║║║║║║║║║║║║║║║║│",
        "                                                                                │║║║║║║║║      ║║║║║║║║║║║║║║║║║║║║║║║║║║║║║║║║║     ║║║║║║║║║║║║║║║║║║║║║║║║║║│",
        "                                                                                │║║║║║║║║║║║║║║║║║║║║║║║║║║║║║║║║║║║║║║║║║║║║║║║║║║║║║║║║║║║║║║║║║║║║║║║║║║║║║║│",
        "                                                                                │║║║║║║║║║║║║║║║║║║║║║║║║║║║║║║║║║║║║║║║║║║║║║║║║║║║║║║║║║║║║║║║║║║║║║║║║║║║║║║│",
        "                                                                                │║║║║║║║║║║║║║║║║║║║║║║║║║║║║║║║║║║║║║║║║║║║║║║║║║║║║║║║║║║║║║║║║║║║║║║║║║║║║║║│",
        "                                                                                │║║║║║║║║║║║║║║║║║║║║║║║║║║║║║║║║║║║║║║║║║║║║║║║║║║║║║║║║║║║║║║║║║║║║║║║║║║║║║║│",
        "                                                                                │║║║║║║║║║║║║║║║║║║║║║║║║║║║║║║║║║║║║║║║║║║║║║║║║║║║║║║║║║║║║║║║║║║║║║║║║║║║║║║│",
        "                                                                                │║║║║║║║║║║║║║║║║║║║║║║║║║║║║║║║║║║║║║║║║║║║║║║║║║║║║║║║║║║║║║║║║║║║║║║║║║║║║║║│",
        "                                                                                │║║║║║║║║║║║║║║║║║║║║║║║║║║║║║║║║║║║║║║║║║║║║║║║║║║║║║║║║║║║║║║║║║║║║║║║║║║║║║║│",
        "                                                                                │──────────────────────────────────────────────────────────────────────────────│",
        "                                                                                │██████████HP:500/500 █████████ You:1.5s ─────────────── DPS:7                 │",
        "                                                                                │  ⠙ Scanning the horizon...    Foe:--- ────────────────                       │",
        "                                                                                └──────────────────────────────────────────────────────────────────────────────┘",
        "💎750 SG │ Awaiting adventure...                                                                                                                                ", // hidden by multi-width symbols: [(1, " ")]
        "┌ 0000000 ─────────────────────────────────────────────────────────────────────────────────────────────────────────────────────────────────────────────────────┐",
        "│[Esc] Quit                                        [P] Prestige (Need Lv.90)    [G] Stormglass Exchange    ⠙ Checking...                                       │",
        "│                                                        [A] Achievements    [T] Time Vault    [W] Wiki    [!] Bug                                             │",
        "└──────────────────────────────────────────────────────────────────────────────────────────────────────────────────────────────────────────────────────────────┘",
    ],
    styles: [
        x: 0, y: 0, fg: Reset, bg: Reset, underline: Reset, modifier: NONE,
        x: 80, y: 0, fg: Magenta, bg: Reset, underline: Reset, modifier: NONE,
        x: 81, y: 0, fg: Magenta, bg: Reset, underline: Reset, modifier: BOLD,
        x: 97, y: 0, fg: Magenta, bg: Reset, underline: Reset, modifier: NONE,
        x: 0, y: 1, fg: Reset, bg: Reset, underline: Reset, modifier: NONE,
        x: 1, y: 1, fg: Cyan, bg: Reset, underline: Reset, modifier: BOLD,
        x: 16, y: 1, fg: Reset, bg: Reset, underline: Reset, modifier: NONE,
        x: 62, y: 1, fg: Yellow, bg: Reset, underline: Reset, modifier: BOLD,
        x: 63, y: 1, fg: Reset, bg: Reset, underline: Reset, modifier: NONE,
        x: 64, y: 1, fg: Yellow, bg: Reset, underline: Reset, modifier: BOLD,
        x: 79, y: 1, fg: Reset, bg: Reset, underline: Reset, modifier: NONE,
        x: 80, y: 1, fg: Magenta, bg: Reset, underline: Reset, modifier: NONE,
        x: 81, y: 1, fg: Reset, bg: Rgb(3, 10, 28), underline: Reset, modifier: NONE,
        x: 90, y: 1, fg: Reset, bg: Rgb(3, 10, 27), underline: Reset, modifier: NONE,
        x: 94, y: 1, fg: Reset, bg: Rgb(2, 9, 27), underline: Reset, modifier: NONE,
        x: 98, y: 1, fg: Reset, bg: Rgb(2, 9, 26), underline: Reset, modifier: NONE,
        x: 106, y: 1, fg: White, bg: Rgb(2, 9, 26), underline: Reset, modifier: NONE,
        x: 114, y: 1, fg: White, bg: Rgb(2, 9, 27), underline: Reset, modifier: NONE,
        x: 116, y: 1, fg: White, bg: Rgb(3, 10, 27), underline: Reset, modifier: NONE,
        x: 118, y: 1, fg: White, bg: Rgb(3, 10, 28), underline: Reset, modifier: NONE,
        x: 122, y: 1, fg: White, bg: Rgb(4, 11, 28), underline: Reset, modifier: NONE,
        x: 124, y: 1, fg: White, bg: Rgb(4, 11, 29), underline: Reset, modifier: NONE,
        x: 129, y: 1, fg: White, bg: Rgb(5, 12, 29), underline: Reset, modifier: NONE,
        x: 133, y: 1, fg: White, bg: Rgb(5, 12, 30), underline: Reset, modifier: NONE,
        x: 134, y: 1, fg: Reset, bg: Rgb(5, 12, 30), underline: Reset, modifier: NONE,
        x: 136, y: 1, fg: Reset, bg: Rgb(5, 12, 29), underline: Reset, modifier: NONE,
        x: 141, y: 1, fg: Reset, bg: Rgb(4, 11, 29), underline: Reset, modifier: NONE,
        x: 146, y: 1, fg: Reset, bg: Rgb(4, 11, 28), underline: Reset, modifier: NONE,
        x: 148, y: 1, fg: Reset, bg: Rgb(3, 10, 28), underline: Reset, modifier: NONE,
        x: 152, y: 1, fg: Reset, bg: Rgb(3, 10, 27), underline: Reset, modifier: NONE,
        x: 154, y: 1, fg: Reset, bg: Rgb(2, 9, 27), underline: Reset, modifier: NONE,
        x: 158, y: 1, fg: Reset, bg: Rgb(2, 9, 26), underline: Reset, modifier: NONE,
        x: 159, y: 1, fg: Magenta, bg: Reset, underline: Reset, modifier: NONE,
        x: 0, y: 2, fg: Reset, bg: Reset, underline: Reset, modifier: NONE,
        x: 1, y: 2, fg: Cyan, bg: Reset, underline: Reset, modifier: NONE,
        x: 2, y: 2, fg: Reset, bg: Reset, underline: Reset, modifier: NONE,
        x: 3, y: 2, fg: Cyan, bg: Reset, underline: Reset, modifier: NONE,
        x: 15, y: 2, fg: Reset, bg: Reset, underline: Reset, modifier: NONE,
        x: 80, y: 2, fg: Magenta, bg: Reset, underline: Reset, modifier: NONE,
        x: 81, y: 2, fg: Reset, bg: Rgb(3, 8, 24), underline: Reset, modifier: NONE,
        x: 90, y: 2, fg: Reset, bg: Rgb(2, 8, 23), underline: Reset, modifier: NONE,
        x: 97, y: 2, fg: Reset, bg: Rgb(2, 7, 23), underline: Reset, modifier: NONE,
        x: 102, y: 2, fg: Reset, bg: Rgb(1, 7, 22), underline: Reset, modifier: NONE,
        x: 108, y: 2, fg: Reset, bg: Rgb(2, 7, 23), underline: Reset, modifier: NONE,
        x: 111, y: 2, fg: DarkGray, bg: Rgb(2, 7, 23), underline: Reset, modifier: NONE,
        x: 112, y: 2, fg: DarkGray, bg: Rgb(2, 8, 23), underline: Reset, modifier: NONE,
        x: 117, y: 2, fg: DarkGray, bg: Rgb(3, 8, 24), underline: Reset, modifier: NONE,
        x: 119, y: 2, fg: DarkGray, bg: Rgb(3, 9, 24), underline: Reset, modifier: NONE,
        x: 123, y: 2, fg: DarkGray, bg: Rgb(4, 9, 25), underline: Reset, modifier: NONE,
        x: 125, y: 2, fg: DarkGray, bg: Rgb(4, 10, 25), underline: Reset, modifier: NONE,
        x: 129, y: 2, fg: Reset, bg: Rgb(4, 10, 25), underline: Reset, modifier: NONE,
        x: 132, y: 2, fg: Reset, bg: Rgb(5, 10, 26), underline: Reset, modifier: NONE,
        x: 135, y: 2, fg: Reset, bg: Rgb(4, 10, 25), underline: Reset, modifier: NONE,
        x: 142, y: 2, fg: Reset, bg: Rgb(4, 9, 25), underline: Reset, modifier: NONE,
        x: 144, y: 2, fg: Reset, bg: Rgb(3, 9, 24), underline: Reset, modifier: NONE,
        x: 148, y: 2, fg: Reset, bg: Rgb(3, 8, 24), underline: Reset, modifier: NONE,
        x: 150, y: 2, fg: Reset, bg: Rgb(2, 8, 23), underline: Reset, modifier: NONE,
        x: 156, y: 2, fg: Reset, bg: Rgb(2, 7, 23), underline: Reset, modifier: NONE,
        x: 159, y: 2, fg: Magenta, bg: Reset, underline: Reset, modifier: NONE,
        x: 0, y: 3, fg: Reset, bg: Reset, underline: Reset, modifier: NONE,
        x: 1, y: 3, fg: Yellow, bg: Rgb(30, 28, 8), underline: Reset, modifier: BOLD,
        x: 79, y: 3, fg: Reset, bg: Reset, underline: Reset, modifier: NONE,
        x: 80, y: 3, fg: Magenta, bg: Reset, underline: Reset, modifier: NONE,
        x: 81, y: 3, fg: Reset, bg: Rgb(2, 7, 20), underline: Reset, modifier: NONE,
        x: 85, y: 3, fg: Rgb(70, 95, 115), bg: Rgb(2, 7, 20), underline: Reset, modifier: NONE,
        x: 94, y: 3, fg: Rgb(70, 95, 115), bg: Rgb(2, 6, 19), underline: Reset, modifier: NONE,
        x: 98, y: 3, fg: Rgb(70, 95, 115), bg: Rgb(1, 6, 19), underline: Reset, modifier: NONE,
        x: 111, y: 3, fg: Rgb(70, 95, 115), bg: Rgb(2, 6, 19), underline: Reset, modifier: NONE,
        x: 113, y: 3, fg: Rgb(70, 95, 115), bg: Rgb(2, 7, 20), underline: Reset, modifier: NONE,
        x: 118, y: 3, fg: Rgb(70, 95, 115), bg: Rgb(3, 7, 21), underline: Reset, modifier: NONE,
        x: 120, y: 3, fg: Rgb(70, 95, 115), bg: Rgb(3, 8, 21), underline: Reset, modifier: NONE,
        x: 124, y: 3, fg: Rgb(70, 95, 115), bg: Rgb(4, 8, 22), underline: Reset, modifier: NONE,
        x: 126, y: 3, fg: Rgb(70, 95, 115), bg: Rgb(4, 9, 22), underline: Reset, modifier: NONE,
        x: 139, y: 3, fg: Rgb(70, 95, 115), bg: Rgb(4, 8, 22), underline: Reset, modifier: NONE,
        x: 141, y: 3, fg: Rgb(70, 95, 115), bg: Rgb(3, 8, 21), underline: Reset, modifier: NONE,
        x: 145, y: 3, fg: Rgb(70, 95, 115), bg: Rgb(3, 7, 21), underline: Reset, modifier: NONE,
        x: 147, y: 3, fg: Rgb(70, 95, 115), bg: Rgb(2, 7, 20), underline: Reset, modifier: NONE,
        x: 151, y: 3, fg: Rgb(70, 95, 115), bg: Rgb(2, 6, 19), underline: Reset, modifier: NONE,
        x: 154, y: 3, fg: Rgb(70, 95, 115), bg: Rgb(1, 6, 19), underline: Reset, modifier: NONE,
        x: 155, y: 3, fg: Reset, bg: Rgb(1, 6, 19), underline: Reset, modifier: NONE,
        x: 158, y: 3, fg: Reset, bg: Rgb(1, 5, 19), underline: Reset, modifier: NONE,
        x: 159, y: 3, fg: Magenta, bg: Reset, underline: Reset, modifier: NONE,
        x: 0, y: 4, fg: Reset, bg: Reset, underline: Reset, modifier: NONE,
        x: 1, y: 4, fg: DarkGray, bg: Reset, underline: Reset, modifier: NONE,
        x: 35, y: 4, fg: DarkGray, bg: Reset, underline: Reset, modifier: BOLD,
        x: 45, y: 4, fg: DarkGray, bg: Reset, underline: Reset, modifier: NONE,
        x: 79, y: 4, fg: Reset, bg: Reset, underline: Reset, modifier: NONE,
        x: 80, y: 4, fg: Magenta, bg: Reset, underline: Reset, modifier: NONE,
        x: 81, y: 4, fg: Reset, bg: Rgb(2, 5, 17), underline: Reset, modifier: NONE,
        x: 94, y: 4, fg: Reset, bg: Rgb(1, 5, 17), underline: Reset, modifier: NONE,
        x: 98, y: 4, fg: Reset, bg: Rgb(1, 4, 16), underline: Reset, modifier: NONE,
        x: 109, y: 4, fg: Reset, bg: Rgb(1, 5, 17), underline: Reset, modifier: NONE,
        x: 112, y: 4, fg: Reset, bg: Rgb(2, 5, 17), underline: Reset, modifier: NONE,
        x: 116, y: 4, fg: Rgb(70, 95, 115), bg: Rgb(2, 6, 18), underline: Reset, modifier: NONE,
        x: 118, y: 4, fg: Rgb(70, 95, 115), bg: Rgb(3, 6, 18), underline: Reset, modifier: NONE,
        x: 121, y: 4, fg: Rgb(70, 95, 115), bg: Rgb(3, 7, 18), underline: Reset, modifier: NONE,
        x: 123, y: 4, fg: Rgb(70, 95, 115), bg: Rgb(3, 7, 19), underline: Reset, modifier: NONE,
        x: 124, y: 4, fg: Reset, bg: Rgb(3, 7, 19), underline: Reset, modifier: NONE,
        x: 125, y: 4, fg: Reset, bg: Rgb(4, 7, 19), underline: Reset, modifier: NONE,
        x: 130, y: 4, fg: Reset, bg: Rgb(4, 8, 19), underline: Reset, modifier: NONE,
        x: 133, y: 4, fg: Reset, bg: Rgb(4, 7, 19), underline: Reset, modifier: NONE,
        x: 137, y: 4, fg: Reset, bg: Rgb(3, 7, 19), underline: Reset, modifier: NONE,
        x: 140, y: 4, fg: Reset, bg: Rgb(3, 7, 18), underline: Reset, modifier: NONE,
        x: 142, y: 4, fg: Reset, bg: Rgb(3, 6, 18), underline: Reset, modifier: NONE,
        x: 144, y: 4, fg: Reset, bg: Rgb(2, 6, 18), underline: Reset, modifier: NONE,
        x: 146, y: 4, fg: Reset, bg: Rgb(2, 5, 17), underline: Reset, modifier: NONE,
        x: 150, y: 4, fg: Reset, bg: Rgb(1, 5, 17), underline: Reset, modifier: NONE,
        x: 152, y: 4, fg: Reset, bg: Rgb(1, 4, 16), underline: Reset, modifier: NONE,
        x: 159, y: 4, fg: Magenta, bg: Reset, underline: Reset, modifier: NONE,
        x: 0, y: 5, fg: Reset, bg: Reset, underline: Reset, modifier: NONE,
        x: 1, y: 5, fg: Reset, bg: Reset, underline: Reset, modifier: BOLD,
        x: 2, y: 5, fg: Reset, bg: Reset, underline: Reset, modifier: NONE,
        x: 3, y: 5, fg: Reset, bg: Reset, underline: Reset, modifier: BOLD,
        x: 10, y: 5, fg: Yellow, bg: Reset, underline: Reset, modifier: NONE,
        x: 21, y: 5, fg: DarkGray, bg: Reset, underline: Reset, modifier: NONE,
        x: 24, y: 5, fg: Reset, bg: Reset, underline: Reset, modifier: NONE,
        x: 27, y: 5, fg: Magenta, bg: Reset, underline: Reset, modifier: NONE,
        x: 28, y: 5, fg: Reset, bg: Reset, underline: Reset, modifier: NONE,
        x: 80, y: 5, fg: Magenta, bg: Reset, underline: Reset, modifier: NONE,
        x: 81, y: 5, fg: Reset, bg: Rgb(2, 4, 15), underline: Reset, modifier: NONE,
        x: 82, y: 5, fg: Green, bg: Rgb(30, 30, 30), underline: Reset, modifier: NONE,
        x: 114, y: 5, fg: Rgb(30, 30, 30), bg: Green, underline: Reset, modifier: NONE,
        x: 126, y: 5, fg: Green, bg: Rgb(30, 30, 30), underline: Reset, modifier: NONE,
        x: 158, y: 5, fg: Reset, bg: Rgb(0, 3, 13), underline: Reset, modifier: NONE,
        x: 159, y: 5, fg: Magenta, bg: Reset, underline: Reset, modifier: NONE,
        x: 0, y: 6, fg: Reset, bg: Reset, underline: Reset, modifier: NONE,
        x: 1, y: 6, fg: Reset, bg: Reset, underline: Reset, modifier: BOLD,
        x: 2, y: 6, fg: Reset, bg: Reset, underline: Reset, modifier: NONE,
        x: 3, y: 6, fg: Reset, bg: Reset, underline: Reset, modifier: BOLD,
        x: 8, y: 6, fg: Cyan, bg: Reset, underline: Reset, modifier: NONE,
        x: 13, y: 6, fg: Yellow, bg: Reset, underline: Reset, modifier: NONE,
        x: 22, y: 6, fg: DarkGray, bg: Reset, underline: Reset, modifier: NONE,
        x: 25, y: 6, fg: Green, bg: Reset, underline: Reset, modifier: BOLD,
        x: 30, y: 6, fg: Reset, bg: Reset, underline: Reset, modifier: NONE,
        x: 80, y: 6, fg: Magenta, bg: Reset, underline: Reset, modifier: NONE,
        x: 81, y: 6, fg: Reset, bg: Rgb(1, 3, 12), underline: Reset, modifier: NONE,
        x: 89, y: 6, fg: Reset, bg: Rgb(1, 3, 11), underline: Reset, modifier: NONE,
        x: 94, y: 6, fg: Reset, bg: Rgb(1, 2, 11), underline: Reset, modifier: NONE,
        x: 109, y: 6, fg: Reset, bg: Rgb(1, 3, 11), underline: Reset, modifier: NONE,
        x: 110, y: 6, fg: DarkGray, bg: Rgb(1, 3, 11), underline: Reset, modifier: NONE,
        x: 112, y: 6, fg: DarkGray, bg: Rgb(1, 3, 12), underline: Reset, modifier: NONE,
        x: 114, y: 6, fg: DarkGray, bg: Rgb(2, 3, 12), underline: Reset, modifier: NONE,
        x: 116, y: 6, fg: DarkGray, bg: Rgb(2, 4, 12), underline: Reset, modifier: NONE,
        x: 118, y: 6, fg: DarkGray, bg: Rgb(2, 4, 13), underline: Reset, modifier: NONE,
        x: 121, y: 6, fg: DarkGray, bg: Rgb(3, 4, 13), underline: Reset, modifier: NONE,
        x: 124, y: 6, fg: DarkGray, bg: Rgb(3, 5, 14), underline: Reset, modifier: NONE,
        x: 130, y: 6, fg: Reset, bg: Rgb(3, 5, 14), underline: Reset, modifier: NONE,
        x: 135, y: 6, fg: Reset, bg: Rgb(3, 4, 13), underline: Reset, modifier: NONE,
        x: 137, y: 6, fg: Reset, bg: Rgb(2, 4, 13), underline: Reset, modifier: NONE,
        x: 140, y: 6, fg: Reset, bg: Rgb(2, 4, 12), underline: Reset, modifier: NONE,
        x: 141, y: 6, fg: Reset, bg: Rgb(2, 3, 12), underline: Reset, modifier: NONE,
        x: 143, y: 6, fg: Reset, bg: Rgb(1, 3, 12), underline: Reset, modifier: NONE,
        x: 145, y: 6, fg: Reset, bg: Rgb(1, 3, 11), underline: Reset, modifier: NONE,
        x: 147, y: 6, fg: Reset, bg: Rgb(1, 2, 11), underline: Reset, modifier: NONE,
        x: 149, y: 6, fg: Reset, bg: Rgb(0, 2, 11), underline: Reset, modifier: NONE,
        x: 152, y: 6, fg: Reset, bg: Rgb(0, 2, 10), underline: Reset, modifier: NONE,
        x: 159, y: 6, fg: Magenta, bg: Reset, underline: Reset, modifier: NONE,
        x: 0, y: 7, fg: Reset, bg: Reset, underline: Reset, modifier: NONE,
        x: 1, y: 7, fg: DarkGray, bg: Reset, underline: Reset, modifier: NONE,
        x: 2, y: 7, fg: Reset, bg: Reset, underline: Reset, modifier: NONE,
        x: 3, y: 7, fg: DarkGray, bg: Reset, underline: Reset, modifier: NONE,
        x: 15, y: 7, fg: Reset, bg: Reset, underline: Reset, modifier: NONE,
        x: 80, y: 7, fg: Magenta, bg: Reset, underline: Reset, modifier: NONE,
        x: 0, y: 8, fg: Reset, bg: Reset, underline: Reset, modifier: NONE,
        x: 1, y: 8, fg: Rgb(180, 100, 255), bg: Rgb(20, 10, 30), underline: Reset, modifier: BOLD,
        x: 28, y: 8, fg: Rgb(20, 10, 30), bg: Rgb(180, 100, 255), underline: Reset, modifier: BOLD,
        x: 40, y: 8, fg: Rgb(180, 100, 255), bg: Rgb(20, 10, 30), underline: Reset, modifier: BOLD,
        x: 79, y: 8, fg: Reset, bg: Reset, underline: Reset, modifier: NONE,
        x: 80, y: 8, fg: Magenta, bg: Reset, underline: Reset, modifier: NONE,
        x: 81, y: 8, fg: Reset, bg: Rgb(10, 30, 80), underline: Reset, modifier: NONE,
        x: 90, y: 8, fg: Reset, bg: Rgb(9, 29, 79), underline: Reset, modifier: NONE,
        x: 94, y: 8, fg: Reset, bg: Rgb(8, 28, 78), underline: Reset, modifier: NONE,
        x: 98, y: 8, fg: Reset, bg: Rgb(7, 27, 77), underline: Reset, modifier: NONE,
        x: 101, y: 8, fg: Reset, bg: Rgb(6, 26, 76), underline: Reset, modifier: NONE,
        x: 111, y: 8, fg: Reset, bg: Rgb(7, 27, 77), underline: Reset, modifier: NONE,
        x: 114, y: 8, fg: Reset, bg: Rgb(8, 28, 78), underline: Reset, modifier: NONE,
        x: 116, y: 8, fg: Reset, bg: Rgb(9, 29, 79), underline: Reset, modifier: NONE,
        x: 118, y: 8, fg: Reset, bg: Rgb(10, 30, 80), underline: Reset, modifier: NONE,
        x: 120, y: 8, fg: Reset, bg: Rgb(11, 31, 81), underline: Reset, modifier: NONE,
        x: 122, y: 8, fg: Reset, bg: Rgb(12, 32, 82), underline: Reset, modifier: NONE,
        x: 124, y: 8, fg: Reset, bg: Rgb(13, 33, 83), underline: Reset, modifier: NONE,
        x: 126, y: 8, fg: Reset, bg: Rgb(14, 34, 84), underline: Reset, modifier: NONE,
        x: 129, y: 8, fg: Reset, bg: Rgb(15, 35, 85), underline: Reset, modifier: NONE,
        x: 133, y: 8, fg: Reset, bg: Rgb(16, 36, 86), underline: Reset, modifier: NONE,
        x: 136, y: 8, fg: Reset, bg: Rgb(15, 35, 85), underline: Reset, modifier: NONE,
        x: 141, y: 8, fg: Reset, bg: Rgb(14, 34, 84), underline: Reset, modifier: NONE,
        x: 143, y: 8, fg: Reset, bg: Rgb(13, 33, 83), underline: Reset, modifier: NONE,
        x: 146, y: 8, fg: Reset, bg: Rgb(12, 32, 82), underline: Reset, modifier: NONE,
        x: 148, y: 8, fg: Reset, bg: Rgb(11, 31, 81), underline: Reset, modifier: NONE,
        x: 150, y: 8, fg: Reset, bg: Rgb(10, 30, 80), underline: Reset, modifier: NONE,
        x: 152, y: 8, fg: Reset, bg: Rgb(9, 29, 79), underline: Reset, modifier: NONE,
        x: 154, y: 8, fg: Reset, bg: Rgb(8, 28, 78), underline: Reset, modifier: NONE,
        x: 158, y: 8, fg: Reset, bg: Rgb(7, 27, 77), underline: Reset, modifier: NONE,
        x: 159, y: 8, fg: Magenta, bg: Reset, underline: Reset, modifier: NONE,
        x: 0, y: 9, fg: Reset, bg: Reset, underline: Reset, modifier: NONE,
        x: 1, y: 9, fg: DarkGray, bg: Reset, underline: Reset, modifier: NONE,
        x: 34, y: 9, fg: DarkGray, bg: Reset, underline: Reset, modifier: BOLD,
        x: 46, y: 9, fg: DarkGray, bg: Reset, underline: Reset, modifier: NONE,
        x: 79, y: 9, fg: Reset, bg: Reset, underline: Reset, modifier: NONE,
        x: 80, y: 9, fg: Magenta, bg: Reset, underline: Reset, modifier: NONE,
        x: 81, y: 9, fg: Reset, bg: Rgb(10, 29, 77), underline: Reset, modifier: NONE,
        x: 82, y: 9, fg: Rgb(47, 143, 173), bg: Rgb(10, 29, 77), underline: Reset, modifier: NONE,
        x: 83, y: 9, fg: Reset, bg: Rgb(10, 29, 77), underline: Reset, modifier: NONE,
        x: 90, y: 9, fg: Reset, bg: Rgb(9, 28, 76), underline: Reset, modifier: NONE,
        x: 94, y: 9, fg: Reset, bg: Rgb(8, 27, 75), underline: Reset, modifier: NONE,
        x: 97, y: 9, fg: Reset, bg: Rgb(7, 26, 74), underline: Reset, modifier: NONE,
        x: 102, y: 9, fg: Reset, bg: Rgb(6, 25, 73), underline: Reset, modifier: NONE,
        x: 108, y: 9, fg: Reset, bg: Rgb(7, 26, 74), underline: Reset, modifier: NONE,
        x: 112, y: 9, fg: Reset, bg: Rgb(8, 27, 75), underline: Reset, modifier: NONE,
        x: 115, y: 9, fg: Reset, bg: Rgb(9, 28, 76), underline: Reset, modifier: NONE,
        x: 117, y: 9, fg: Reset, bg: Rgb(10, 29, 77), underline: Reset, modifier: NONE,
        x: 119, y: 9, fg: Reset, bg: Rgb(11, 30, 78), underline: Reset, modifier: NONE,
        x: 120, y: 9, fg: Rgb(140, 180, 220), bg: Rgb(11, 30, 78), underline: Reset, modifier: NONE,
        x: 121, y: 9, fg: Reset, bg: Rgb(12, 31, 79), underline: Reset, modifier: NONE,
        x: 123, y: 9, fg: Reset, bg: Rgb(13, 32, 80), underline: Reset, modifier: NONE,
        x: 125, y: 9, fg: Reset, bg: Rgb(14, 33, 81), underline: Reset, modifier: NONE,
        x: 127, y: 9, fg: Reset, bg: Rgb(15, 34, 82), underline: Reset, modifier: NONE,
        x: 132, y: 9, fg: Reset, bg: Rgb(16, 35, 83), underline: Reset, modifier: NONE,
        x: 135, y: 9, fg: Reset, bg: Rgb(15, 34, 82), underline: Reset, modifier: NONE,
        x: 140, y: 9, fg: Rgb(140, 180, 220), bg: Rgb(14, 33, 81), underline: Reset, modifier: NONE,
        x: 141, y: 9, fg: Reset, bg: Rgb(14, 33, 81), underline: Reset, modifier: NONE,
        x: 142, y: 9, fg: Reset, bg: Rgb(13, 32, 80), underline: Reset, modifier: NONE,
        x: 144, y: 9, fg: Reset, bg: Rgb(12, 31, 79), underline: Reset, modifier: NONE,
        x: 146, y: 9, fg: Reset, bg: Rgb(11, 30, 78), underline: Reset, modifier: NONE,
        x: 148, y: 9, fg: Reset, bg: Rgb(10, 29, 77), underline: Reset, modifier: NONE,
        x: 150, y: 9, fg: Reset, bg: Rgb(9, 28, 76), underline: Reset, modifier: NONE,
        x: 153, y: 9, fg: Reset, bg: Rgb(8, 27, 75), underline: Reset, modifier: NONE,
        x: 156, y: 9, fg: Reset, bg: Rgb(7, 26, 74), underline: Reset, modifier: NONE,
        x: 159, y: 9, fg: Magenta, bg: Reset, underline: Reset, modifier: NONE,
        x: 0, y: 10, fg: Reset, bg: Reset, underline: Reset, modifier: NONE,
        x: 1, y: 10, fg: Red, bg: Rgb(28, 8, 8), underline: Reset, modifier: BOLD,
        x: 13, y: 10, fg: Rgb(28, 8, 8), bg: Red, underline: Reset, modifier: BOLD,
        x: 29, y: 10, fg: Red, bg: Rgb(28, 8, 8), underline: Reset, modifier: BOLD,
        x: 40, y: 10, fg: Blue, bg: Rgb(8, 8, 28), underline: Reset, modifier: BOLD,
        x: 52, y: 10, fg: Rgb(8, 8, 28), bg: Blue, underline: Reset, modifier: BOLD,
        x: 68, y: 10, fg: Blue, bg: Rgb(8, 8, 28), underline: Reset, modifier: BOLD,
        x: 79, y: 10, fg: Reset, bg: Reset, underline: Reset, modifier: NONE,
        x: 80, y: 10, fg: Magenta, bg: Reset, underline: Reset, modifier: NONE,
        x: 81, y: 10, fg: Reset, bg: Rgb(9, 28, 75), underline: Reset, modifier: NONE,
        x: 89, y: 10, fg: Reset, bg: Rgb(8, 27, 74), underline: Reset, modifier: NONE,
        x: 94, y: 10, fg: Reset, bg: Rgb(7, 26, 73), underline: Reset, modifier: NONE,
        x: 98, y: 10, fg: Reset, bg: Rgb(6, 25, 72), underline: Reset, modifier: NONE,
        x: 111, y: 10, fg: Reset, bg: Rgb(7, 26, 73), underline: Reset, modifier: NONE,
        x: 113, y: 10, fg: Reset, bg: Rgb(8, 27, 74), underline: Reset, modifier: NONE,
        x: 116, y: 10, fg: Reset, bg: Rgb(9, 28, 75), underline: Reset, modifier: NONE,
        x: 118, y: 10, fg: Reset, bg: Rgb(10, 29, 76), underline: Reset, modifier: NONE,
        x: 120, y: 10, fg: Reset, bg: Rgb(11, 30, 77), underline: Reset, modifier: NONE,
        x: 122, y: 10, fg: Reset, bg: Rgb(12, 31, 78), underline: Reset, modifier: NONE,
        x: 124, y: 10, fg: Reset, bg: Rgb(13, 32, 79), underline: Reset, modifier: NONE,
        x: 126, y: 10, fg: Reset, bg: Rgb(14, 33, 80), underline: Reset, modifier: NONE,
        x: 131, y: 10, fg: Reset, bg: Rgb(15, 34, 81), underline: Reset, modifier: NONE,
        x: 134, y: 10, fg: Reset, bg: Rgb(14, 33, 80), underline: Reset, modifier: NONE,
        x: 139, y: 10, fg: Reset, bg: Rgb(13, 32, 79), underline: Reset, modifier: NONE,
        x: 141, y: 10, fg: Reset, bg: Rgb(12, 31, 78), underline: Reset, modifier: NONE,
        x: 143, y: 10, fg: Reset, bg: Rgb(11, 30, 77), underline: Reset, modifier: NONE,
        x: 145, y: 10, fg: Reset, bg: Rgb(10, 29, 76), underline: Reset, modifier: NONE,
        x: 147, y: 10, fg: Reset, bg: Rgb(9, 28, 75), underline: Reset, modifier: NONE,
        x: 149, y: 10, fg: Reset, bg: Rgb(8, 27, 74), underline: Reset, modifier: NONE,
        x: 151, y: 10, fg: Reset, bg: Rgb(7, 26, 73), underline: Reset, modifier: NONE,
        x: 154, y: 10, fg: Reset, bg: Rgb(6, 25, 72), underline: Reset, modifier: NONE,
        x: 158, y: 10, fg: Reset, bg: Rgb(5, 24, 71), underline: Reset, modifier: NONE,
        x: 159, y: 10, fg: Magenta, bg: Reset, underline: Reset, modifier: NONE,
        x: 0, y: 11, fg: Reset, bg: Reset, underline: Reset, modifier: NONE,
        x: 1, y: 11, fg: Green, bg: Rgb(8, 28, 8), underline: Reset, modifier: BOLD,
        x: 13, y: 11, fg: Rgb(8, 28, 8), bg: Green, underline: Reset, modifier: BOLD,
        x: 29, y: 11, fg: Green, bg: Rgb(8, 28, 8), underline: Reset, modifier: BOLD,
        x: 40, y: 11, fg: Cyan, bg: Rgb(8, 28, 28), underline: Reset, modifier: BOLD,
        x: 52, y: 11, fg: Rgb(8, 28, 28), bg: Cyan, underline: Reset, modifier: BOLD,
        x: 68, y: 11, fg: Cyan, bg: Rgb(8, 28, 28), underline: Reset, modifier: BOLD,
        x: 79, y: 11, fg: Reset, bg: Reset, underline: Reset, modifier: NONE,
        x: 80, y: 11, fg: Magenta, bg: Reset, underline: Reset, modifier: NONE,
        x: 81, y: 11, fg: Reset, bg: Rgb(9, 27, 73), underline: Reset, modifier: NONE,
        x: 89, y: 11, fg: Reset, bg: Rgb(8, 26, 72), underline: Reset, modifier: NONE,
        x: 94, y: 11, fg: Reset, bg: Rgb(7, 25, 71), underline: Reset, modifier: NONE,
        x: 98, y: 11, fg: Reset, bg: Rgb(6, 24, 70), underline: Reset, modifier: NONE,
        x: 109, y: 11, fg: Reset, bg: Rgb(7, 25, 71), underline: Reset, modifier: NONE,
        x: 112, y: 11, fg: Reset, bg: Rgb(8, 26, 72), underline: Reset, modifier: NONE,
        x: 114, y: 11, fg: Reset, bg: Rgb(9, 27, 73), underline: Reset, modifier: NONE,
        x: 116, y: 11, fg: Reset, bg: Rgb(10, 28, 74), underline: Reset, modifier: NONE,
        x: 118, y: 11, fg: Reset, bg: Rgb(11, 29, 75), underline: Reset, modifier: NONE,
        x: 121, y: 11, fg: Reset, bg: Rgb(12, 30, 76), underline: Reset, modifier: NONE,
        x: 123, y: 11, fg: Reset, bg: Rgb(13, 31, 77), underline: Reset, modifier: NONE,
        x: 125, y: 11, fg: Reset, bg: Rgb(14, 32, 78), underline: Reset, modifier: NONE,
        x: 130, y: 11, fg: Reset, bg: Rgb(15, 33, 79), underline: Reset, modifier: NONE,
        x: 133, y: 11, fg: Reset, bg: Rgb(14, 32, 78), underline: Reset, modifier: NONE,
        x: 136, y: 11, fg: Rgb(140, 180, 220), bg: Rgb(14, 32, 78), underline: Reset, modifier: NONE,
        x: 137, y: 11, fg: Reset, bg: Rgb(13, 31, 77), underline: Reset, modifier: NONE,
        x: 140, y: 11, fg: Reset, bg: Rgb(12, 30, 76), underline: Reset, modifier: NONE,
        x: 142, y: 11, fg: Reset, bg: Rgb(11, 29, 75), underline: Reset, modifier: NONE,
        x: 144, y: 11, fg: Reset, bg: Rgb(10, 28, 74), underline: Reset, modifier: NONE,
        x: 146, y: 11, fg: Reset, bg: Rgb(9, 27, 73), underline: Reset, modifier: NONE,
        x: 148, y: 11, fg: Reset, bg: Rgb(8, 26, 72), underline: Reset, modifier: NONE,
        x: 150, y: 11, fg: Reset, bg: Rgb(7, 25, 71), underline: Reset, modifier: NONE,
        x: 152, y: 11, fg: Reset, bg: Rgb(6, 24, 70), underline: Reset, modifier: NONE,
        x: 156, y: 11, fg: Reset, bg: Rgb(5, 23, 69), underline: Reset, modifier: NONE,
        x: 159, y: 11, fg: Magenta, bg: Reset, underline: Reset, modifier: NONE,
        x: 0, y: 12, fg: Reset, bg: Reset, underline: Reset, modifier: NONE,
        x: 1, y: 12, fg: Magenta, bg: Rgb(28, 8, 28), underline: Reset, modifier: BOLD,
        x: 13, y: 12, fg: Rgb(28, 8, 28), bg: Magenta, underline: Reset, modifier: BOLD,
        x: 29, y: 12, fg: Magenta, bg: Rgb(28, 8, 28), underline: Reset, modifier: BOLD,
        x: 40, y: 12, fg: Yellow, bg: Rgb(28, 28, 8), underline: Reset, modifier: BOLD,
        x: 52, y: 12, fg: Rgb(28, 28, 8), bg: Yellow, underline: Reset, modifier: BOLD,
        x: 68, y: 12, fg: Yellow, bg: Rgb(28, 28, 8), underline: Reset, modifier: BOLD,
        x: 79, y: 12, fg: Reset, bg: Reset, underline: Reset, modifier: NONE,
        x: 80, y: 12, fg: Magenta, bg: Reset, underline: Reset, modifier: NONE,
        x: 81, y: 12, fg: Reset, bg: Rgb(9, 26, 71), underline: Reset, modifier: NONE,
        x: 89, y: 12, fg: Reset, bg: Rgb(8, 25, 70), underline: Reset, modifier: NONE,
        x: 94, y: 12, fg: Reset, bg: Rgb(7, 24, 69), underline: Reset, modifier: NONE,
        x: 99, y: 12, fg: Reset, bg: Rgb(6, 23, 68), underline: Reset, modifier: NONE,
        x: 106, y: 12, fg: Reset, bg: Rgb(7, 24, 69), underline: Reset, modifier: NONE,
        x: 110, y: 12, fg: Reset, bg: Rgb(8, 25, 70), underline: Reset, modifier: NONE,
        x: 113, y: 12, fg: Reset, bg: Rgb(9, 26, 71), underline: Reset, modifier: NONE,
        x: 115, y: 12, fg: Reset, bg: Rgb(10, 27, 72), underline: Reset, modifier: NONE,
        x: 117, y: 12, fg: Reset, bg: Rgb(11, 28, 73), underline: Reset, modifier: NONE,
        x: 119, y: 12, fg: Reset, bg: Rgb(12, 29, 74), underline: Reset, modifier: NONE,
        x: 122, y: 12, fg: Reset, bg: Rgb(13, 30, 75), underline: Reset, modifier: NONE,
        x: 124, y: 12, fg: Reset, bg: Rgb(14, 31, 76), underline: Reset, modifier: NONE,
        x: 130, y: 12, fg: Reset, bg: Rgb(15, 32, 77), underline: Reset, modifier: NONE,
        x: 131, y: 12, fg: Reset, bg: Rgb(14, 31, 76), underline: Reset, modifier: NONE,
        x: 136, y: 12, fg: Reset, bg: Rgb(13, 30, 75), underline: Reset, modifier: NONE,
        x: 139, y: 12, fg: Reset, bg: Rgb(12, 29, 74), underline: Reset, modifier: NONE,
        x: 141, y: 12, fg: Reset, bg: Rgb(11, 28, 73), underline: Reset, modifier: NONE,
        x: 143, y: 12, fg: Reset, bg: Rgb(10, 27, 72), underline: Reset, modifier: NONE,
        x: 145, y: 12, fg: Reset, bg: Rgb(9, 26, 71), underline: Reset, modifier: NONE,
        x: 146, y: 12, fg: Reset, bg: Rgb(8, 25, 70), underline: Reset, modifier: NONE,
        x: 148, y: 12, fg: Reset, bg: Rgb(7, 24, 69), underline: Reset, modifier: NONE,
        x: 149, y: 12, fg: Rgb(140, 180, 220), bg: Rgb(7, 24, 69), underline: Reset, modifier: NONE,
        x: 150, y: 12, fg: Reset, bg: Rgb(7, 24, 69), underline: Reset, modifier: NONE,
        x: 151, y: 12, fg: Reset, bg: Rgb(6, 23, 68), underline: Reset, modifier: NONE,
        x: 154, y: 12, fg: Reset, bg: Rgb(5, 22, 67), underline: Reset, modifier: NONE,
        x: 159, y: 12, fg: Magenta, bg: Reset, underline: Reset, modifier: NONE,
        x: 0, y: 13, fg: Reset, bg: Reset, underline: Reset, modifier: NONE,
        x: 80, y: 13, fg: Magenta, bg: Reset, underline: Reset, modifier: NONE,
        x: 81, y: 13, fg: Reset, bg: Rgb(9, 25, 69), underline: Reset, modifier: NONE,
        x: 89, y: 13, fg: Reset, bg: Rgb(8, 24, 68), underline: Reset, modifier: NONE,
        x: 94, y: 13, fg: Reset, bg: Rgb(7, 23, 67), underline: Reset, modifier: NONE,
        x: 105, y: 13, fg: Rgb(140, 180, 220), bg: Rgb(7, 23, 67), underline: Reset, modifier: NONE,
        x: 106, y: 13, fg: Reset, bg: Rgb(7, 23, 67), underline: Reset, modifier: NONE,
        x: 109, y: 13, fg: Reset, bg: Rgb(8, 24, 68), underline: Reset, modifier: NONE,
        x: 112, y: 13, fg: Reset, bg: Rgb(9, 25, 69), underline: Reset, modifier: NONE,
        x: 114, y: 13, fg: Reset, bg: Rgb(10, 26, 70), underline: Reset, modifier: NONE,
        x: 116, y: 13, fg: Reset, bg: Rgb(11, 27, 71), underline: Reset, modifier: NONE,
        x: 118, y: 13, fg: Reset, bg: Rgb(12, 28, 72), underline: Reset, modifier: NONE,
        x: 121, y: 13, fg: Reset, bg: Rgb(13, 29, 73), underline: Reset, modifier: NONE,
        x: 124, y: 13, fg: Reset, bg: Rgb(14, 30, 74), underline: Reset, modifier: NONE,
        x: 135, y: 13, fg: Reset, bg: Rgb(13, 29, 73), underline: Reset, modifier: NONE,
        x: 137, y: 13, fg: Reset, bg: Rgb(12, 28, 72), underline: Reset, modifier: NONE,
        x: 140, y: 13, fg: Reset, bg: Rgb(11, 27, 71), underline: Reset, modifier: NONE,
        x: 141, y: 13, fg: Reset, bg: Rgb(10, 26, 70), underline: Reset, modifier: NONE,
        x: 143, y: 13, fg: Reset, bg: Rgb(9, 25, 69), underline: Reset, modifier: NONE,
        x: 145, y: 13, fg: Reset, bg: Rgb(8, 24, 68), underline: Reset, modifier: NONE,
        x: 147, y: 13, fg: Reset, bg: Rgb(7, 23, 67), underline: Reset, modifier: NONE,
        x: 149, y: 13, fg: Reset, bg: Rgb(6, 22, 66), underline: Reset, modifier: NONE,
        x: 152, y: 13, fg: Reset, bg: Rgb(5, 21, 65), underline: Reset, modifier: NONE,
        x: 159, y: 13, fg: Magenta, bg: Reset, underline: Reset, modifier: NONE,
        x: 0, y: 14, fg: Reset, bg: Reset, underline: Reset, modifier: NONE,
        x: 80, y: 14, fg: Magenta, bg: Reset, underline: Reset, modifier: NONE,
        x: 81, y: 14, fg: Reset, bg: Rgb(9, 24, 67), underline: Reset, modifier: NONE,
        x: 90, y: 14, fg: Reset, bg: Rgb(8, 23, 66), underline: Reset, modifier: NONE,
        x: 95, y: 14, fg: Reset, bg: Rgb(7, 22, 65), underline: Reset, modifier: NONE,
        x: 107, y: 14, fg: Reset, bg: Rgb(8, 23, 66), underline: Reset, modifier: NONE,
        x: 110, y: 14, fg: Reset, bg: Rgb(9, 24, 67), underline: Reset, modifier: NONE,
        x: 113, y: 14, fg: Reset, bg: Rgb(10, 25, 68), underline: Reset, modifier: NONE,
        x: 115, y: 14, fg: Reset, bg: Rgb(11, 26, 69), underline: Reset, modifier: NONE,
        x: 117, y: 14, fg: Reset, bg: Rgb(12, 27, 70), underline: Reset, modifier: NONE,
        x: 120, y: 14, fg: Reset, bg: Rgb(13, 28, 71), underline: Reset, modifier: NONE,
        x: 123, y: 14, fg: Reset, bg: Rgb(14, 29, 72), underline: Reset, modifier: NONE,
        x: 133, y: 14, fg: Reset, bg: Rgb(13, 28, 71), underline: Reset, modifier: NONE,
        x: 136, y: 14, fg: Reset, bg: Rgb(12, 27, 70), underline: Reset, modifier: NONE,
        x: 138, y: 14, fg: Reset, bg: Rgb(11, 26, 69), underline: Reset, modifier: NONE,
        x: 140, y: 14, fg: Reset, bg: Rgb(10, 25, 68), underline: Reset, modifier: NONE,
        x: 142, y: 14, fg: Reset, bg: Rgb(9, 24, 67), underline: Reset, modifier: NONE,
        x: 144, y: 14, fg: Reset, bg: Rgb(8, 23, 66), underline: Reset, modifier: NONE,
        x: 146, y: 14, fg: Reset, bg: Rgb(7, 22, 65), underline: Reset, modifier: NONE,
        x: 148, y: 14, fg: Reset, bg: Rgb(6, 21, 64), underline: Reset, modifier: NONE,
        x: 150, y: 14, fg: Reset, bg: Rgb(5, 20, 63), underline: Reset, modifier: NONE,
        x: 154, y: 14, fg: Reset, bg: Rgb(4, 19, 62), underline: Reset, modifier: NONE,
        x: 159, y: 14, fg: Magenta, bg: Reset, underline: Reset, modifier: NONE,
        x: 0, y: 15, fg: Reset, bg: Reset, underline: Reset, modifier: NONE,
        x: 1, y: 15, fg: Reset, bg: Reset, underline: Reset, modifier: BOLD,
        x: 7, y: 15, fg: Reset, bg: Reset, underline: Reset, modifier: NONE,
        x: 8, y: 15, fg: Magenta, bg: Reset, underline: Reset, modifier: NONE,
        x: 27, y: 15, fg: Reset, bg: Reset, underline: Reset, modifier: NONE,
        x: 58, y: 15, fg: Magenta, bg: Reset, underline: Reset, modifier: NONE,
        x: 67, y: 15, fg: Reset, bg: Reset, underline: Reset, modifier: NONE,
        x: 68, y: 15, fg: Rgb(0, 180, 170), bg: Reset, underline: Reset, modifier: NONE,
        x: 70, y: 15, fg: Reset, bg: Reset, underline: Reset, modifier: NONE,
        x: 71, y: 15, fg: DarkGray, bg: Reset, underline: Reset, modifier: NONE,
        x: 73, y: 15, fg: Reset, bg: Reset, underline: Reset, modifier: NONE,
        x: 75, y: 15, fg: Cyan, bg: Reset, underline: Reset, modifier: NONE,
        x: 76, y: 15, fg: Reset, bg: Reset, underline: Reset, modifier: NONE,
        x: 77, y: 15, fg: Cyan, bg: Reset, underline: Reset, modifier: NONE,
        x: 79, y: 15, fg: Reset, bg: Reset, underline: Reset, modifier: NONE,
        x: 80, y: 15, fg: Magenta, bg: Reset, underline: Reset, modifier: NONE,
        x: 81, y: 15, fg: Reset, bg: Rgb(8, 24, 66), underline: Reset, modifier: NONE,
        x: 91, y: 15, fg: Reset, bg: Rgb(7, 23, 65), underline: Reset, modifier: NONE,
        x: 97, y: 15, fg: Reset, bg: Rgb(6, 22, 64), underline: Reset, modifier: NONE,
        x: 104, y: 15, fg: Reset, bg: Rgb(7, 23, 65), underline: Reset, modifier: NONE,
        x: 109, y: 15, fg: Reset, bg: Rgb(8, 24, 66), underline: Reset, modifier: NONE,
        x: 112, y: 15, fg: Reset, bg: Rgb(9, 25, 67), underline: Reset, modifier: NONE,
        x: 114, y: 15, fg: Reset, bg: Rgb(10, 26, 68), underline: Reset, modifier: NONE,
        x: 116, y: 15, fg: Reset, bg: Rgb(11, 27, 69), underline: Reset, modifier: NONE,
        x: 119, y: 15, fg: Reset, bg: Rgb(12, 28, 70), underline: Reset, modifier: NONE,
        x: 122, y: 15, fg: Reset, bg: Rgb(13, 29, 71), underline: Reset, modifier: NONE,
        x: 132, y: 15, fg: Reset, bg: Rgb(12, 28, 70), underline: Reset, modifier: NONE,
        x: 135, y: 15, fg: Reset, bg: Rgb(11, 27, 69), underline: Reset, modifier: NONE,
        x: 137, y: 15, fg: Reset, bg: Rgb(10, 26, 68), underline: Reset, modifier: NONE,
        x: 139, y: 15, fg: Reset, bg: Rgb(9, 25, 67), underline: Reset, modifier: NONE,
        x: 141, y: 15, fg: Reset, bg: Rgb(8, 24, 66), underline: Reset, modifier: NONE,
        x: 142, y: 15, fg: Reset, bg: Rgb(7, 23, 65), underline: Reset, modifier: NONE,
        x: 144, y: 15, fg: Reset, bg: Rgb(6, 22, 64), underline: Reset, modifier: NONE,
        x: 146, y: 15, fg: Reset, bg: Rgb(5, 21, 63), underline: Reset, modifier: NONE,
        x: 149, y: 15, fg: Reset, bg: Rgb(4, 20, 62), underline: Reset, modifier: NONE,
        x: 152, y: 15, fg: Reset, bg: Rgb(3, 19, 61), underline: Reset, modifier: NONE,
        x: 159, y: 15, fg: Magenta, bg: Reset, underline: Reset, modifier: NONE,
        x: 0, y: 16, fg: Reset, bg: Reset, underline: Reset, modifier: NONE,
        x: 1, y: 16, fg: Reset, bg: Reset, underline: Reset, modifier: BOLD,
        x: 7, y: 16, fg: Reset, bg: Reset, underline: Reset, modifier: NONE,
        x: 8, y: 16, fg: Yellow, bg: Reset, underline: Reset, modifier: NONE,
        x: 34, y: 16, fg: Reset, bg: Reset, underline: Reset, modifier: NONE,
        x: 58, y: 16, fg: Yellow, bg: Reset, underline: Reset, modifier: NONE,
        x: 67, y: 16, fg: Reset, bg: Reset, underline: Reset, modifier: NONE,
        x: 68, y: 16, fg: Gray, bg: Reset, underline: Reset, modifier: NONE,
        x: 70, y: 16, fg: Reset, bg: Reset, underline: Reset, modifier: NONE,
        x: 71, y: 16, fg: DarkGray, bg: Reset, underline: Reset, modifier: NONE,
        x: 73, y: 16, fg: Reset, bg: Reset, underline: Reset, modifier: NONE,
        x: 75, y: 16, fg: Cyan, bg: Reset, underline: Reset, modifier: NONE,
        x: 76, y: 16, fg: Reset, bg: Reset, underline: Reset, modifier: NONE,
        x: 77, y: 16, fg: Cyan, bg: Reset, underline: Reset, modifier: NONE,
        x: 79, y: 16, fg: Reset, bg: Reset, underline: Reset, modifier: NONE,
        x: 80, y: 16, fg: Magenta, bg: Reset, underline: Reset, modifier: NONE,
        x: 81, y: 16, fg: Reset, bg: Rgb(8, 23, 64), underline: Reset, modifier: NONE,
        x: 82, y: 16, fg: Reset, bg: Rgb(9, 24, 65), underline: Reset, modifier: NONE,
        x: 84, y: 16, fg: Reset, bg: Rgb(8, 23, 64), underline: Reset, modifier: NONE,
        x: 92, y: 16, fg: Reset, bg: Rgb(7, 22, 63), underline: Reset, modifier: NONE,
        x: 107, y: 16, fg: Reset, bg: Rgb(8, 23, 64), underline: Reset, modifier: NONE,
        x: 110, y: 16, fg: Reset, bg: Rgb(9, 24, 65), underline: Reset, modifier: NONE,
        x: 113, y: 16, fg: Reset, bg: Rgb(10, 25, 66), underline: Reset, modifier: NONE,
        x: 116, y: 16, fg: Reset, bg: Rgb(11, 26, 67), underline: Reset, modifier: NONE,
        x: 118, y: 16, fg: Reset, bg: Rgb(12, 27, 68), underline: Reset, modifier: NONE,
        x: 122, y: 16, fg: Reset, bg: Rgb(13, 28, 69), underline: Reset, modifier: NONE,
        x: 130, y: 16, fg: Reset, bg: Rgb(12, 27, 68), underline: Reset, modifier: NONE,
        x: 133, y: 16, fg: Reset, bg: Rgb(11, 26, 67), underline: Reset, modifier: NONE,
        x: 136, y: 16, fg: Reset, bg: Rgb(10, 25, 66), underline: Reset, modifier: NONE,
        x: 138, y: 16, fg: Reset, bg: Rgb(9, 24, 65), underline: Reset, modifier: NONE,
        x: 139, y: 16, fg: Reset, bg: Rgb(8, 23, 64), underline: Reset, modifier: NONE,
        x: 141, y: 16, fg: Reset, bg: Rgb(7, 22, 63), underline: Reset, modifier: NONE,
        x: 143, y: 16, fg: Reset, bg: Rgb(6, 21, 62), underline: Reset, modifier: NONE,
        x: 144, y: 16, fg: Rgb(140, 180, 220), bg: Rgb(6, 21, 62), underline: Reset, modifier: NONE,
        x: 145, y: 16, fg: Reset, bg: Rgb(5, 20, 61), underline: Reset, modifier: NONE,
        x: 147, y: 16, fg: Reset, bg: Rgb(4, 19, 60), underline: Reset, modifier: NONE,
        x: 150, y: 16, fg: Reset, bg: Rgb(3, 18, 59), underline: Reset, modifier: NONE,
        x: 159, y: 16, fg: Magenta, bg: Reset, underline: Reset, modifier: NONE,
        x: 0, y: 17, fg: Reset, bg: Reset, underline: Reset, modifier: NONE,
        x: 1, y: 17, fg: Reset, bg: Reset, underline: Reset, modifier: BOLD,
        x: 7, y: 17, fg: Reset, bg: Reset, underline: Reset, modifier: NONE,
        x: 8, y: 17, fg: Yellow, bg: Reset, underline: Reset, modifier: NONE,
        x: 21, y: 17, fg: Reset, bg: Reset, underline: Reset, modifier: NONE,
        x: 58, y: 17, fg: Yellow, bg: Reset, underline: Reset, modifier: NONE,
        x: 67, y: 17, fg: Reset, bg: Reset, underline: Reset, modifier: NONE,
        x: 68, y: 17, fg: Gray, bg: Reset, underline: Reset, modifier: NONE,
        x: 70, y: 17, fg: Reset, bg: Reset, underline: Reset, modifier: NONE,
        x: 71, y: 17, fg: DarkGray, bg: Reset, underline: Reset, modifier: NONE,
        x: 73, y: 17, fg: Reset, bg: Reset, underline: Reset, modifier: NONE,
        x: 75, y: 17, fg: Cyan, bg: Reset, underline: Reset, modifier: NONE,
        x: 76, y: 17, fg: Reset, bg: Reset, underline: Reset, modifier: NONE,
        x: 77, y: 17, fg: Cyan, bg: Reset, underline: Reset, modifier: NONE,
        x: 79, y: 17, fg: Reset, bg: Reset, underline: Reset, modifier: NONE,
        x: 80, y: 17, fg: Magenta, bg: Reset, underline: Reset, modifier: NONE,
        x: 81, y: 17, fg: Reset, bg: Rgb(9, 23, 63), underline: Reset, modifier: NONE,
        x: 87, y: 17, fg: Reset, bg: Rgb(8, 22, 62), underline: Reset, modifier: NONE,
        x: 93, y: 17, fg: Reset, bg: Rgb(7, 21, 61), underline: Reset, modifier: NONE,
        x: 106, y: 17, fg: Reset, bg: Rgb(8, 22, 62), underline: Reset, modifier: NONE,
        x: 109, y: 17, fg: Reset, bg: Rgb(9, 23, 63), underline: Reset, modifier: NONE,
        x: 112, y: 17, fg: Reset, bg: Rgb(10, 24, 64), underline: Reset, modifier: NONE,
        x: 115, y: 17, fg: Reset, bg: Rgb(11, 25, 65), underline: Reset, modifier: NONE,
        x: 118, y: 17, fg: Reset, bg: Rgb(12, 26, 66), underline: Reset, modifier: NONE,
        x: 122, y: 17, fg: Reset, bg: Rgb(13, 27, 67), underline: Reset, modifier: NONE,
        x: 128, y: 17, fg: Reset, bg: Rgb(12, 26, 66), underline: Reset, modifier: NONE,
        x: 132, y: 17, fg: Reset, bg: Rgb(11, 25, 65), underline: Reset, modifier: NONE,
        x: 134, y: 17, fg: Reset, bg: Rgb(10, 24, 64), underline: Reset, modifier: NONE,
        x: 136, y: 17, fg: Reset, bg: Rgb(9, 23, 63), underline: Reset, modifier: NONE,
        x: 138, y: 17, fg: Reset, bg: Rgb(8, 22, 62), underline: Reset, modifier: NONE,
        x: 140, y: 17, fg: Reset, bg: Rgb(7, 21, 61), underline: Reset, modifier: NONE,
        x: 142, y: 17, fg: Reset, bg: Rgb(6, 20, 60), underline: Reset, modifier: NONE,
        x: 144, y: 17, fg: Reset, bg: Rgb(5, 19, 59), underline: Reset, modifier: NONE,
        x: 146, y: 17, fg: Reset, bg: Rgb(4, 18, 58), underline: Reset, modifier: NONE,
        x: 149, y: 17, fg: Reset, bg: Rgb(3, 17, 57), underline: Reset, modifier: NONE,
        x: 159, y: 17, fg: Magenta, bg: Reset, underline: Reset, modifier: NONE,
        x: 0, y: 18, fg: Reset, bg: Reset, underline: Reset, modifier: NONE,
        x: 1, y: 18, fg: Reset, bg: Reset, underline: Reset, modifier: BOLD,
        x: 7, y: 18, fg: Reset, bg: Reset, underline: Reset, modifier: NONE,
        x: 8, y: 18, fg: Yellow, bg: Reset, underline: Reset, modifier: NONE,
        x: 24, y: 18, fg: Reset, bg: Reset, underline: Reset, modifier: NONE,
        x: 58, y: 18, fg: Yellow, bg: Reset, underline: Reset, modifier: NONE,
        x: 67, y: 18, fg: Reset, bg: Reset, underline: Reset, modifier: NONE,
        x: 68, y: 18, fg: Rgb(0, 180, 170), bg: Reset, underline: Reset, modifier: NONE,
        x: 70, y: 18, fg: Reset, bg: Reset, underline: Reset, modifier: NONE,
        x: 71, y: 18, fg: DarkGray, bg: Reset, underline: Reset, modifier: NONE,
        x: 73, y: 18, fg: Reset, bg: Reset, underline: Reset, modifier: NONE,
        x: 75, y: 18, fg: Cyan, bg: Reset, underline: Reset, modifier: NONE,
        x: 76, y: 18, fg: Reset, bg: Reset, underline: Reset, modifier: NONE,
        x: 77, y: 18, fg: Cyan, bg: Reset, underline: Reset, modifier: NONE,
        x: 79, y: 18, fg: Reset, bg: Reset, underline: Reset, modifier: NONE,
        x: 80, y: 18, fg: Magenta, bg: Reset, underline: Reset, modifier: NONE,
        x: 81, y: 18, fg: Reset, bg: Rgb(9, 22, 62), underline: Reset, modifier: NONE,
        x: 89, y: 18, fg: Reset, bg: Rgb(8, 21, 61), underline: Reset, modifier: NONE,
        x: 95, y: 18, fg: Reset, bg: Rgb(7, 20, 60), underline: Reset, modifier: NONE,
        x: 104, y: 18, fg: Reset, bg: Rgb(8, 21, 61), underline: Reset, modifier: NONE,
        x: 108, y: 18, fg: Reset, bg: Rgb(9, 22, 62), underline: Reset, modifier: NONE,
        x: 111, y: 18, fg: Reset, bg: Rgb(10, 23, 63), underline: Reset, modifier: NONE,
        x: 114, y: 18, fg: Reset, bg: Rgb(11, 24, 64), underline: Reset, modifier: NONE,
        x: 117, y: 18, fg: Reset, bg: Rgb(12, 25, 65), underline: Reset, modifier: NONE,
        x: 120, y: 18, fg: Rgb(140, 180, 220), bg: Rgb(12, 25, 65), underline: Reset, modifier: NONE,
        x: 121, y: 18, fg: Reset, bg: Rgb(12, 25, 65), underline: Reset, modifier: NONE,
        x: 123, y: 18, fg: Reset, bg: Rgb(13, 26, 66), underline: Reset, modifier: NONE,
        x: 124, y: 18, fg: Rgb(140, 180, 220), bg: Rgb(13, 26, 66), underline: Reset, modifier: NONE,
        x: 125, y: 18, fg: Reset, bg: Rgb(12, 25, 65), underline: Reset, modifier: NONE,
        x: 130, y: 18, fg: Reset, bg: Rgb(11, 24, 64), underline: Reset, modifier: NONE,
        x: 133, y: 18, fg: Reset, bg: Rgb(10, 23, 63), underline: Reset, modifier: NONE,
        x: 135, y: 18, fg: Reset, bg: Rgb(9, 22, 62), underline: Reset, modifier: NONE,
        x: 137, y: 18, fg: Reset, bg: Rgb(8, 21, 61), underline: Reset, modifier: NONE,
        x: 139, y: 18, fg: Reset, bg: Rgb(7, 20, 60), underline: Reset, modifier: NONE,
        x: 140, y: 18, fg: Reset, bg: Rgb(6, 19, 59), underline: Reset, modifier: NONE,
        x: 142, y: 18, fg: Reset, bg: Rgb(5, 18, 58), underline: Reset, modifier: NONE,
        x: 144, y: 18, fg: Reset, bg: Rgb(4, 17, 57), underline: Reset, modifier: NONE,
        x: 147, y: 18, fg: Reset, bg: Rgb(3, 16, 56), underline: Reset, modifier: NONE,
        x: 158, y: 18, fg: Reset, bg: Rgb(4, 17, 57), underline: Reset, modifier: NONE,
        x: 159, y: 18, fg: Magenta, bg: Reset, underline: Reset, modifier: NONE,
        x: 0, y: 19, fg: Reset, bg: Reset, underline: Reset, modifier: NONE,
        x: 1, y: 19, fg: Reset, bg: Reset, underline: Reset, modifier: BOLD,
        x: 7, y: 19, fg: Reset, bg: Reset, underline: Reset, modifier: NONE,
        x: 8, y: 19, fg: Yellow, bg: Reset, underline: Reset, modifier: NONE,
        x: 18, y: 19, fg: Reset, bg: Reset, underline: Reset, modifier: NONE,
        x: 58, y: 19, fg: Yellow, bg: Reset, underline: Reset, modifier: NONE,
        x: 67, y: 19, fg: Reset, bg: Reset, underline: Reset, modifier: NONE,
        x: 68, y: 19, fg: Rgb(60, 80, 180), bg: Reset, underline: Reset, modifier: NONE,
        x: 70, y: 19, fg: Reset, bg: Reset, underline: Reset, modifier: NONE,
        x: 71, y: 19, fg: DarkGray, bg: Reset, underline: Reset, modifier: NONE,
        x: 73, y: 19, fg: Reset, bg: Reset, underline: Reset, modifier: NONE,
        x: 75, y: 19, fg: Cyan, bg: Reset, underline: Reset, modifier: NONE,
        x: 76, y: 19, fg: Reset, bg: Reset, underline: Reset, modifier: NONE,
        x: 77, y: 19, fg: Cyan, bg: Reset, underline: Reset, modifier: NONE,
        x: 79, y: 19, fg: Reset, bg: Reset, underline: Reset, modifier: NONE,
        x: 80, y: 19, fg: Magenta, bg: Reset, underline: Reset, modifier: NONE,
        x: 81, y: 19, fg: Reset, bg: Rgb(9, 22, 60), underline: Reset, modifier: NONE,
        x: 90, y: 19, fg: Reset, bg: Rgb(8, 21, 59), underline: Reset, modifier: NONE,
        x: 97, y: 19, fg: Reset, bg: Rgb(7, 20, 58), underline: Reset, modifier: NONE,
        x: 101, y: 19, fg: Reset, bg: Rgb(8, 21, 59), underline: Reset, modifier: NONE,
        x: 107, y: 19, fg: Reset, bg: Rgb(9, 22, 60), underline: Reset, modifier: NONE,
        x: 111, y: 19, fg: Reset, bg: Rgb(10, 23, 61), underline: Reset, modifier: NONE,
        x: 114, y: 19, fg: Reset, bg: Rgb(11, 24, 62), underline: Reset, modifier: NONE,
        x: 117, y: 19, fg: Reset, bg: Rgb(12, 25, 63), underline: Reset, modifier: NONE,
        x: 128, y: 19, fg: Reset, bg: Rgb(11, 24, 62), underline: Reset, modifier: NONE,
        x: 131, y: 19, fg: Rgb(140, 180, 220), bg: Rgb(10, 23, 61), underline: Reset, modifier: NONE,
        x: 132, y: 19, fg: Reset, bg: Rgb(10, 23, 61), underline: Reset, modifier: NONE,
        x: 133, y: 19, fg: Reset, bg: Rgb(9, 22, 60), underline: Reset, modifier: NONE,
        x: 135, y: 19, fg: Reset, bg: Rgb(8, 21, 59), underline: Reset, modifier: NONE,
        x: 137, y: 19, fg: Reset, bg: Rgb(7, 20, 58), underline: Reset, modifier: NONE,
        x: 139, y: 19, fg: Reset, bg: Rgb(6, 19, 57), underline: Reset, modifier: NONE,
        x: 141, y: 19, fg: Reset, bg: Rgb(5, 18, 56), underline: Reset, modifier: NONE,
        x: 143, y: 19, fg: Reset, bg: Rgb(4, 17, 55), underline: Reset, modifier: NONE,
        x: 146, y: 19, fg: Reset, bg: Rgb(3, 16, 54), underline: Reset, modifier: NONE,
        x: 157, y: 19, fg: Reset, bg: Rgb(4, 17, 55), underline: Reset, modifier: NONE,
        x: 159, y: 19, fg: Magenta, bg: Reset, underline: Reset, modifier: NONE,
        x: 0, y: 20, fg: Reset, bg: Reset, underline: Reset, modifier: NONE,
        x: 1, y: 20, fg: Reset, bg: Reset, underline: Reset, modifier: BOLD,
        x: 7, y: 20, fg: Reset, bg: Reset, underline: Reset, modifier: NONE,
        x: 8, y: 20, fg: Yellow, bg: Reset, underline: Reset, modifier: NONE,
        x: 29, y: 20, fg: Reset, bg: Reset, underline: Reset, modifier: NONE,
        x: 58, y: 20, fg: Yellow, bg: Reset, underline: Reset, modifier: NONE,
        x: 67, y: 20, fg: Reset, bg: Reset, underline: Reset, modifier: NONE,
        x: 68, y: 20, fg: Gray, bg: Reset, underline: Reset, modifier: NONE,
        x: 70, y: 20, fg: Reset, bg: Reset, underline: Reset, modifier: NONE,
        x: 71, y: 20, fg: DarkGray, bg: Reset, underline: Reset, modifier: NONE,
        x: 73, y: 20, fg: Reset, bg: Reset, underline: Reset, modifier: NONE,
        x: 75, y: 20, fg: Cyan, bg: Reset, underline: Reset, modifier: NONE,
        x: 76, y: 20, fg: Reset, bg: Reset, underline: Reset, modifier: NONE,
        x: 77, y: 20, fg: Cyan, bg: Reset, underline: Reset, modifier: NONE,
        x: 79, y: 20, fg: Reset, bg: Reset, underline: Reset, modifier: NONE,
        x: 80, y: 20, fg: Magenta, bg: Reset, underline: Reset, modifier: NONE,
        x: 81, y: 20, fg: Reset, bg: Rgb(9, 22, 59), underline: Reset, modifier: NONE,
        x: 85, y: 20, fg: Reset, bg: Rgb(8, 21, 58), underline: Reset, modifier: NONE,
        x: 91, y: 20, fg: Reset, bg: Rgb(7, 20, 57), underline: Reset, modifier: NONE,
        x: 106, y: 20, fg: Reset, bg: Rgb(8, 21, 58), underline: Reset, modifier: NONE,
        x: 110, y: 20, fg: Reset, bg: Rgb(9, 22, 59), underline: Reset, modifier: NONE,
        x: 113, y: 20, fg: Reset, bg: Rgb(10, 23, 60), underline: Reset, modifier: NONE,
        x: 117, y: 20, fg: Reset, bg: Rgb(11, 24, 61), underline: Reset, modifier: NONE,
        x: 126, y: 20, fg: Reset, bg: Rgb(10, 23, 60), underline: Reset, modifier: NONE,
        x: 129, y: 20, fg: Rgb(40, 80, 120), bg: Rgb(10, 23, 60), underline: Reset, modifier: NONE,
        x: 130, y: 20, fg: Rgb(40, 80, 120), bg: Rgb(9, 22, 59), underline: Reset, modifier: NONE,
        x: 132, y: 20, fg: Rgb(40, 80, 120), bg: Rgb(8, 21, 58), underline: Reset, modifier: NONE,
        x: 134, y: 20, fg: Rgb(40, 80, 120), bg: Rgb(7, 20, 57), underline: Reset, modifier: NONE,
        x: 136, y: 20, fg: Rgb(40, 80, 120), bg: Rgb(6, 19, 56), underline: Reset, modifier: NONE,
        x: 138, y: 20, fg: Rgb(40, 80, 120), bg: Rgb(5, 18, 55), underline: Reset, modifier: NONE,
        x: 140, y: 20, fg: Rgb(40, 80, 120), bg: Rgb(4, 17, 54), underline: Reset, modifier: NONE,
        x: 142, y: 20, fg: Rgb(40, 80, 120), bg: Rgb(3, 16, 53), underline: Reset, modifier: NONE,
        x: 143, y: 20, fg: Reset, bg: Rgb(3, 16, 53), underline: Reset, modifier: NONE,
        x: 144, y: 20, fg: Reset, bg: Rgb(2, 15, 52), underline: Reset, modifier: NONE,
        x: 149, y: 20, fg: Reset, bg: Rgb(1, 14, 51), underline: Reset, modifier: NONE,
        x: 152, y: 20, fg: Reset, bg: Rgb(2, 15, 52), underline: Reset, modifier: NONE,
        x: 157, y: 20, fg: Reset, bg: Rgb(3, 16, 53), underline: Reset, modifier: NONE,
        x: 159, y: 20, fg: Magenta, bg: Reset, underline: Reset, modifier: NONE,
        x: 0, y: 21, fg: Reset, bg: Reset, underline: Reset, modifier: NONE,
        x: 1, y: 21, fg: Reset, bg: Reset, underline: Reset, modifier: BOLD,
        x: 7, y: 21, fg: Reset, bg: Reset, underline: Reset, modifier: NONE,
        x: 8, y: 21, fg: Yellow, bg: Reset, underline: Reset, modifier: NONE,
        x: 25, y: 21, fg: Reset, bg: Reset, underline: Reset, modifier: NONE,
        x: 58, y: 21, fg: Yellow, bg: Reset, underline: Reset, modifier: NONE,
        x: 67, y: 21, fg: Reset, bg: Reset, underline: Reset, modifier: NONE,
        x: 68, y: 21, fg: Rgb(60, 80, 180), bg: Reset, underline: Reset, modifier: NONE,
        x: 70, y: 21, fg: Reset, bg: Reset, underline: Reset, modifier: NONE,
        x: 71, y: 21, fg: DarkGray, bg: Reset, underline: Reset, modifier: NONE,
        x: 73, y: 21, fg: Reset, bg: Reset, underline: Reset, modifier: NONE,
        x: 75, y: 21, fg: Cyan, bg: Reset, underline: Reset, modifier: NONE,
        x: 76, y: 21, fg: Reset, bg: Reset, underline: Reset, modifier: NONE,
        x: 77, y: 21, fg: Cyan, bg: Reset, underline: Reset, modifier: NONE,
        x: 79, y: 21, fg: Reset, bg: Reset, underline: Reset, modifier: NONE,
        x: 80, y: 21, fg: Magenta, bg: Reset, underline: Reset, modifier: NONE,
        x: 81, y: 21, fg: Reset, bg: Rgb(9, 21, 58), underline: Reset, modifier: NONE,
        x: 87, y: 21, fg: Reset, bg: Rgb(8, 20, 57), underline: Reset, modifier: NONE,
        x: 92, y: 21, fg: Reset, bg: Rgb(7, 19, 56), underline: Reset, modifier: NONE,
        x: 99, y: 21, fg: Rgb(140, 180, 220), bg: Rgb(7, 19, 56), underline: Reset, modifier: NONE,
        x: 100, y: 21, fg: Reset, bg: Rgb(7, 19, 56), underline: Reset, modifier: NONE,
        x: 103, y: 21, fg: Rgb(140, 180, 220), bg: Rgb(7, 19, 56), underline: Reset, modifier: NONE,
        x: 104, y: 21, fg: Reset, bg: Rgb(7, 19, 56), underline: Reset, modifier: NONE,
        x: 106, y: 21, fg: Reset, bg: Rgb(8, 20, 57), underline: Reset, modifier: NONE,
        x: 110, y: 21, fg: Reset, bg: Rgb(9, 21, 58), underline: Reset, modifier: NONE,
        x: 113, y: 21, fg: Reset, bg: Rgb(10, 22, 59), underline: Reset, modifier: NONE,
        x: 118, y: 21, fg: Reset, bg: Rgb(11, 23, 60), underline: Reset, modifier: NONE,
        x: 120, y: 21, fg: Rgb(40, 80, 120), bg: Rgb(11, 23, 60), underline: Reset, modifier: NONE,
        x: 124, y: 21, fg: Rgb(40, 80, 120), bg: Rgb(10, 22, 59), underline: Reset, modifier: NONE,
        x: 128, y: 21, fg: Rgb(40, 80, 120), bg: Rgb(9, 21, 58), underline: Reset, modifier: NONE,
        x: 131, y: 21, fg: Rgb(40, 80, 120), bg: Rgb(8, 20, 57), underline: Reset, modifier: NONE,
        x: 133, y: 21, fg: Rgb(40, 80, 120), bg: Rgb(7, 19, 56), underline: Reset, modifier: NONE,
        x: 135, y: 21, fg: Rgb(40, 80, 120), bg: Rgb(6, 18, 55), underline: Reset, modifier: NONE,
        x: 137, y: 21, fg: Rgb(40, 80, 120), bg: Rgb(5, 17, 54), underline: Reset, modifier: NONE,
        x: 139, y: 21, fg: Rgb(40, 80, 120), bg: Rgb(4, 16, 53), underline: Reset, modifier: NONE,
        x: 141, y: 21, fg: Rgb(40, 80, 120), bg: Rgb(3, 15, 52), underline: Reset, modifier: NONE,
        x: 143, y: 21, fg: Rgb(40, 80, 120), bg: Rgb(2, 14, 51), underline: Reset, modifier: NONE,
        x: 146, y: 21, fg: Reset, bg: Rgb(2, 14, 51), underline: Reset, modifier: NONE,
        x: 148, y: 21, fg: Reset, bg: Rgb(1, 13, 50), underline: Reset, modifier: NONE,
        x: 151, y: 21, fg: Reset, bg: Rgb(2, 14, 51), underline: Reset, modifier: NONE,
        x: 156, y: 21, fg: Reset, bg: Rgb(3, 15, 52), underline: Reset, modifier: NONE,
        x: 158, y: 21, fg: Reset, bg: Rgb(4, 16, 53), underline: Reset, modifier: NONE,
        x: 159, y: 21, fg: Magenta, bg: Reset, underline: Reset, modifier: NONE,
        x: 0, y: 22, fg: Reset, bg: Reset, underline: Reset, modifier: NONE,
        x: 80, y: 22, fg: Magenta, bg: Reset, underline: Reset, modifier: NONE,
        x: 81, y: 22, fg: Rgb(40, 80, 120), bg: Rgb(9, 21, 56), underline: Reset, modifier: NONE,
        x: 84, y: 22, fg: Reset, bg: Rgb(9, 21, 56), underline: Reset, modifier: NONE,
        x: 88, y: 22, fg: Reset, bg: Rgb(8, 20, 55), underline: Reset, modifier: NONE,
        x: 93, y: 22, fg: Reset, bg: Rgb(7, 19, 54), underline: Reset, modifier: NONE,
        x: 105, y: 22, fg: Reset, bg: Rgb(8, 20, 55), underline: Reset, modifier: NONE,
        x: 107, y: 22, fg: Rgb(140, 146, 168), bg: Rgb(8, 20, 55), underline: Reset, modifier: NONE,
        x: 108, y: 22, fg: Rgb(40, 80, 120), bg: Rgb(8, 20, 55), underline: Reset, modifier: NONE,
        x: 109, y: 22, fg: Rgb(140, 146, 168), bg: Rgb(9, 21, 56), underline: Reset, modifier: NONE,
        x: 113, y: 22, fg: Rgb(140, 146, 168), bg: Rgb(10, 22, 57), underline: Reset, modifier: NONE,
        x: 117, y: 22, fg: Rgb(40, 80, 120), bg: Rgb(10, 22, 57), underline: Reset, modifier: NONE,
        x: 118, y: 22, fg: Rgb(140, 146, 168), bg: Rgb(10, 22, 57), underline: Reset, modifier: NONE,
        x: 121, y: 22, fg: Rgb(40, 80, 120), bg: Rgb(10, 22, 57), underline: Reset, modifier: NONE,
        x: 122, y: 22, fg: Rgb(140, 146, 168), bg: Rgb(10, 22, 57), underline: Reset, modifier: NONE,
        x: 126, y: 22, fg: Rgb(140, 146, 168), bg: Rgb(9, 21, 56), underline: Reset, modifier: NONE,
        x: 129, y: 22, fg: Rgb(140, 146, 168), bg: Rgb(8, 20, 55), underline: Reset, modifier: NONE,
        x: 131, y: 22, fg: Rgb(140, 146, 168), bg: Rgb(7, 19, 54), underline: Reset, modifier: NONE,
        x: 132, y: 22, fg: Reset, bg: Rgb(7, 19, 54), underline: Reset, modifier: NONE,
        x: 134, y: 22, fg: Reset, bg: Rgb(6, 18, 53), underline: Reset, modifier: NONE,
        x: 135, y: 22, fg: Reset, bg: Rgb(5, 17, 52), underline: Reset, modifier: NONE,
        x: 137, y: 22, fg: Reset, bg: Rgb(4, 16, 51), underline: Reset, modifier: NONE,
        x: 140, y: 22, fg: Reset, bg: Rgb(3, 15, 50), underline: Reset, modifier: NONE,
        x: 142, y: 22, fg: Reset, bg: Rgb(2, 14, 49), underline: Reset, modifier: NONE,
        x: 143, y: 22, fg: Rgb(40, 80, 120), bg: Rgb(2, 14, 49), underline: Reset, modifier: NONE,
        x: 147, y: 22, fg: Rgb(40, 80, 120), bg: Rgb(1, 13, 48), underline: Reset, modifier: NONE,
        x: 149, y: 22, fg: Reset, bg: Rgb(1, 13, 48), underline: Reset, modifier: NONE,
        x: 150, y: 22, fg: Reset, bg: Rgb(2, 14, 49), underline: Reset, modifier: NONE,
        x: 154, y: 22, fg: Reset, bg: Rgb(3, 15, 50), underline: Reset, modifier: NONE,
        x: 155, y: 22, fg: Rgb(30, 55, 90), bg: Rgb(3, 15, 50), underline: Reset, modifier: NONE,
        x: 156, y: 22, fg: Reset, bg: Rgb(3, 15, 50), underline: Reset, modifier: NONE,
        x: 157, y: 22, fg: Reset, bg: Rgb(4, 16, 51), underline: Reset, modifier: NONE,
        x: 159, y: 22, fg: Magenta, bg: Reset, underline: Reset, modifier: NONE,
        x: 0, y: 23, fg: Reset, bg: Reset, underline: Reset, modifier: NONE,
        x: 80, y: 23, fg: Magenta, bg: Reset, underline: Reset, modifier: NONE,
        x: 81, y: 23, fg: Rgb(40, 80, 120), bg: Rgb(10, 21, 56), underline: Reset, modifier: NONE,
        x: 83, y: 23, fg: Rgb(40, 80, 120), bg: Rgb(9, 20, 55), underline: Reset, modifier: NONE,
        x: 87, y: 23, fg: Reset, bg: Rgb(9, 20, 55), underline: Reset, modifier: NONE,
        x: 88, y: 23, fg: Reset, bg: Rgb(8, 19, 54), underline: Reset, modifier: NONE,
        x: 93, y: 23, fg: Reset, bg: Rgb(7, 18, 53), underline: Reset, modifier: NONE,
        x: 103, y: 23, fg: Rgb(40, 80, 120), bg: Rgb(7, 18, 53), underline: Reset, modifier: NONE,
        x: 105, y: 23, fg: Rgb(40, 80, 120), bg: Rgb(8, 19, 54), underline: Reset, modifier: NONE,
        x: 109, y: 23, fg: Rgb(40, 80, 120), bg: Rgb(9, 20, 55), underline: Reset, modifier: NONE,
        x: 114, y: 23, fg: Rgb(40, 80, 120), bg: Rgb(10, 21, 56), underline: Reset, modifier: NONE,
        x: 116, y: 23, fg: Rgb(30, 55, 90), bg: Rgb(10, 21, 56), underline: Reset, modifier: NONE,
        x: 118, y: 23, fg: Rgb(40, 80, 120), bg: Rgb(10, 21, 56), underline: Reset, modifier: NONE,
        x: 120, y: 23, fg: Reset, bg: Rgb(10, 21, 56), underline: Reset, modifier: NONE,
        x: 124, y: 23, fg: Reset, bg: Rgb(9, 20, 55), underline: Reset, modifier: NONE,
        x: 128, y: 23, fg: Reset, bg: Rgb(8, 19, 54), underline: Reset, modifier: NONE,
        x: 130, y: 23, fg: Reset, bg: Rgb(7, 18, 53), underline: Reset, modifier: NONE,
        x: 132, y: 23, fg: Reset, bg: Rgb(6, 17, 52), underline: Reset, modifier: NONE,
        x: 134, y: 23, fg: Reset, bg: Rgb(5, 16, 51), underline: Reset, modifier: NONE,
        x: 136, y: 23, fg: Reset, bg: Rgb(4, 15, 50), underline: Reset, modifier: NONE,
        x: 139, y: 23, fg: Reset, bg: Rgb(3, 14, 49), underline: Reset, modifier: NONE,
        x: 141, y: 23, fg: Reset, bg: Rgb(2, 13, 48), underline: Reset, modifier: NONE,
        x: 146, y: 23, fg: Rgb(40, 80, 120), bg: Rgb(1, 12, 47), underline: Reset, modifier: NONE,
        x: 149, y: 23, fg: Rgb(40, 80, 120), bg: Rgb(2, 13, 48), underline: Reset, modifier: NONE,
        x: 151, y: 23, fg: Rgb(30, 55, 90), bg: Rgb(2, 13, 48), underline: Reset, modifier: NONE,
        x: 153, y: 23, fg: Rgb(30, 55, 90), bg: Rgb(3, 14, 49), underline: Reset, modifier: NONE,
        x: 156, y: 23, fg: Rgb(30, 55, 90), bg: Rgb(4, 15, 50), underline: Reset, modifier: NONE,
        x: 158, y: 23, fg: Rgb(30, 55, 90), bg: Rgb(5, 16, 51), underline: Reset, modifier: NONE,
        x: 159, y: 23, fg: Magenta, bg: Reset, underline: Reset, modifier: NONE,
        x: 0, y: 24, fg: Reset, bg: Reset, underline: Reset, modifier: NONE,
        x: 80, y: 24, fg: Magenta, bg: Reset, underline: Reset, modifier: NONE,
        x: 81, y: 24, fg: Reset, bg: Rgb(10, 20, 54), underline: Reset, modifier: NONE,
        x: 82, y: 24, fg: Rgb(140, 180, 220), bg: Rgb(10, 20, 54), underline: Reset, modifier: NONE,
        x: 83, y: 24, fg: Reset, bg: Rgb(10, 20, 54), underline: Reset, modifier: NONE,
        x: 84, y: 24, fg: Rgb(40, 80, 120), bg: Rgb(9, 19, 53), underline: Reset, modifier: NONE,
        x: 89, y: 24, fg: Rgb(40, 80, 120), bg: Rgb(8, 18, 52), underline: Reset, modifier: NONE,
        x: 92, y: 24, fg: Reset, bg: Rgb(8, 18, 52), underline: Reset, modifier: NONE,
        x: 93, y: 24, fg: Reset, bg: Rgb(7, 17, 51), underline: Reset, modifier: NONE,
        x: 97, y: 24, fg: Rgb(40, 80, 120), bg: Rgb(7, 17, 51), underline: Reset, modifier: NONE,
        x: 102, y: 24, fg: Rgb(30, 55, 90), bg: Rgb(7, 17, 51), underline: Reset, modifier: NONE,
        x: 105, y: 24, fg: Rgb(30, 55, 90), bg: Rgb(8, 18, 52), underline: Reset, modifier: NONE,
        x: 110, y: 24, fg: Rgb(30, 55, 90), bg: Rgb(9, 19, 53), underline: Reset, modifier: NONE,
        x: 115, y: 24, fg: Rgb(30, 55, 90), bg: Rgb(10, 20, 54), underline: Reset, modifier: NONE,
        x: 121, y: 24, fg: Reset, bg: Rgb(10, 20, 54), underline: Reset, modifier: NONE,
        x: 122, y: 24, fg: Reset, bg: Rgb(9, 19, 53), underline: Reset, modifier: NONE,
        x: 126, y: 24, fg: Reset, bg: Rgb(8, 18, 52), underline: Reset, modifier: NONE,
        x: 129, y: 24, fg: Reset, bg: Rgb(7, 17, 51), underline: Reset, modifier: NONE,
        x: 131, y: 24, fg: Reset, bg: Rgb(6, 16, 50), underline: Reset, modifier: NONE,
        x: 133, y: 24, fg: Reset, bg: Rgb(5, 15, 49), underline: Reset, modifier: NONE,
        x: 135, y: 24, fg: Reset, bg: Rgb(4, 14, 48), underline: Reset, modifier: NONE,
        x: 138, y: 24, fg: Reset, bg: Rgb(3, 13, 47), underline: Reset, modifier: NONE,
        x: 140, y: 24, fg: Reset, bg: Rgb(2, 12, 46), underline: Reset, modifier: NONE,
        x: 149, y: 24, fg: Rgb(30, 55, 90), bg: Rgb(2, 12, 46), underline: Reset, modifier: NONE,
        x: 152, y: 24, fg: Rgb(30, 55, 90), bg: Rgb(3, 13, 47), underline: Reset, modifier: NONE,
        x: 155, y: 24, fg: Rgb(30, 55, 90), bg: Rgb(4, 14, 48), underline: Reset, modifier: NONE,
        x: 157, y: 24, fg: Rgb(30, 55, 90), bg: Rgb(5, 15, 49), underline: Reset, modifier: NONE,
        x: 159, y: 24, fg: Magenta, bg: Reset, underline: Reset, modifier: NONE,
        x: 0, y: 25, fg: Reset, bg: Reset, underline: Reset, modifier: NONE,
        x: 80, y: 25, fg: Magenta, bg: Reset, underline: Reset, modifier: NONE,
        x: 81, y: 25, fg: Rgb(30, 55, 90), bg: Rgb(10, 20, 53), underline: Reset, modifier: NONE,
        x: 82, y: 25, fg: Reset, bg: Rgb(10, 20, 53), underline: Reset, modifier: NONE,
        x: 85, y: 25, fg: Reset, bg: Rgb(9, 19, 52), underline: Reset, modifier: NONE,
        x: 87, y: 25, fg: Rgb(40, 80, 120), bg: Rgb(9, 19, 52), underline: Reset, modifier: NONE,
        x: 89, y: 25, fg: Rgb(40, 80, 120), bg: Rgb(8, 18, 51), underline: Reset, modifier: NONE,
        x: 93, y: 25, fg: Rgb(40, 80, 120), bg: Rgb(7, 17, 50), underline: Reset, modifier: NONE,
        x: 100, y: 25, fg: Rgb(30, 55, 90), bg: Rgb(7, 17, 50), underline: Reset, modifier: NONE,
        x: 105, y: 25, fg: Rgb(30, 55, 90), bg: Rgb(8, 18, 51), underline: Reset, modifier: NONE,
        x: 110, y: 25, fg: Rgb(30, 55, 90), bg: Rgb(9, 19, 52), underline: Reset, modifier: NONE,
        x: 123, y: 25, fg: Reset, bg: Rgb(9, 19, 52), underline: Reset, modifier: NONE,
        x: 124, y: 25, fg: Reset, bg: Rgb(8, 18, 51), underline: Reset, modifier: NONE,
        x: 127, y: 25, fg: Reset, bg: Rgb(7, 17, 50), underline: Reset, modifier: NONE,
        x: 129, y: 25, fg: Rgb(36, 109, 139), bg: Rgb(7, 17, 50), underline: Reset, modifier: NONE,
        x: 130, y: 25, fg: Reset, bg: Rgb(6, 16, 49), underline: Reset, modifier: NONE,
        x: 132, y: 25, fg: Reset, bg: Rgb(5, 15, 48), underline: Reset, modifier: NONE,
        x: 134, y: 25, fg: Reset, bg: Rgb(4, 14, 47), underline: Reset, modifier: NONE,
        x: 137, y: 25, fg: Reset, bg: Rgb(3, 13, 46), underline: Reset, modifier: NONE,
        x: 139, y: 25, fg: Reset, bg: Rgb(2, 12, 45), underline: Reset, modifier: NONE,
        x: 146, y: 25, fg: Rgb(30, 55, 90), bg: Rgb(2, 12, 45), underline: Reset, modifier: NONE,
        x: 151, y: 25, fg: Rgb(30, 55, 90), bg: Rgb(3, 13, 46), underline: Reset, modifier: NONE,
        x: 153, y: 25, fg: Rgb(30, 55, 90), bg: Rgb(4, 14, 47), underline: Reset, modifier: NONE,
        x: 155, y: 25, fg: Rgb(30, 55, 90), bg: Rgb(5, 15, 48), underline: Reset, modifier: NONE,
        x: 157, y: 25, fg: Rgb(30, 55, 90), bg: Rgb(6, 16, 49), underline: Reset, modifier: NONE,
        x: 159, y: 25, fg: Magenta, bg: Reset, underline: Reset, modifier: NONE,
        x: 0, y: 26, fg: Reset, bg: Reset, underline: Reset, modifier: NONE,
        x: 80, y: 26, fg: Magenta, bg: Reset, underline: Reset, modifier: NONE,
        x: 81, y: 26, fg: Rgb(30, 55, 90), bg: Rgb(9, 19, 51), underline: Reset, modifier: NONE,
        x: 85, y: 26, fg: Reset, bg: Rgb(8, 18, 50), underline: Reset, modifier: NONE,
        x: 89, y: 26, fg: Reset, bg: Rgb(7, 17, 49), underline: Reset, modifier: NONE,
        x: 92, y: 26, fg: Rgb(40, 80, 120), bg: Rgb(7, 17, 49), underline: Reset, modifier: NONE,
        x: 93, y: 26, fg: Rgb(40, 80, 120), bg: Rgb(6, 16, 48), underline: Reset, modifier: NONE,
        x: 97, y: 26, fg: Reset, bg: Rgb(6, 16, 48), underline: Reset, modifier: NONE,
        x: 98, y: 26, fg: Rgb(30, 55, 90), bg: Rgb(6, 16, 48), underline: Reset, modifier: NONE,
        x: 106, y: 26, fg: Rgb(30, 55, 90), bg: Rgb(7, 17, 49), underline: Reset, modifier: NONE,
        x: 111, y: 26, fg: Rgb(30, 55, 90), bg: Rgb(8, 18, 50), underline: Reset, modifier: NONE,
        x: 122, y: 26, fg: Rgb(30, 55, 90), bg: Rgb(7, 17, 49), underline: Reset, modifier: NONE,
        x: 125, y: 26, fg: Reset, bg: Rgb(7, 17, 49), underline: Reset, modifier: NONE,
        x: 126, y: 26, fg: Reset, bg: Rgb(6, 16, 48), underline: Reset, modifier: NONE,
        x: 129, y: 26, fg: Reset, bg: Rgb(5, 15, 47), underline: Reset, modifier: NONE,
        x: 131, y: 26, fg: Reset, bg: Rgb(4, 14, 46), underline: Reset, modifier: NONE,
        x: 133, y: 26, fg: Reset, bg: Rgb(3, 13, 45), underline: Reset, modifier: NONE,
        x: 136, y: 26, fg: Reset, bg: Rgb(2, 12, 44), underline: Reset, modifier: NONE,
        x: 138, y: 26, fg: Rgb(30, 55, 90), bg: Rgb(2, 12, 44), underline: Reset, modifier: NONE,
        x: 139, y: 26, fg: Rgb(30, 55, 90), bg: Rgb(1, 11, 43), underline: Reset, modifier: NONE,
        x: 149, y: 26, fg: Rgb(30, 55, 90), bg: Rgb(2, 12, 44), underline: Reset, modifier: NONE,
        x: 152, y: 26, fg: Rgb(30, 55, 90), bg: Rgb(3, 13, 45), underline: Reset, modifier: NONE,
        x: 154, y: 26, fg: Rgb(30, 55, 90), bg: Rgb(4, 14, 46), underline: Reset, modifier: NONE,
        x: 156, y: 26, fg: Rgb(30, 55, 90), bg: Rgb(5, 15, 47), underline: Reset, modifier: NONE,
        x: 158, y: 26, fg: Rgb(30, 55, 90), bg: Rgb(6, 16, 48), underline: Reset, modifier: NONE,
        x: 159, y: 26, fg: Magenta, bg: Reset, underline: Reset, modifier: NONE,
        x: 0, y: 27, fg: Reset, bg: Reset, underline: Reset, modifier: NONE,
        x: 80, y: 27, fg: Magenta, bg: Reset, underline: Reset, modifier: NONE,
        x: 81, y: 27, fg: Rgb(30, 55, 90), bg: Rgb(9, 18, 50), underline: Reset, modifier: NONE,
        x: 85, y: 27, fg: Rgb(30, 55, 90), bg: Rgb(8, 17, 49), underline: Reset, modifier: NONE,
        x: 87, y: 27, fg: Reset, bg: Rgb(8, 17, 49), underline: Reset, modifier: NONE,
        x: 88, y: 27, fg: Reset, bg: Rgb(7, 16, 48), underline: Reset, modifier: NONE,
        x: 92, y: 27, fg: Reset, bg: Rgb(6, 15, 47), underline: Reset, modifier: NONE,
        x: 97, y: 27, fg: Rgb(30, 55, 90), bg: Rgb(6, 15, 47), underline: Reset, modifier: NONE,
        x: 107, y: 27, fg: Rgb(30, 55, 90), bg: Rgb(7, 16, 48), underline: Reset, modifier: NONE,
        x: 113, y: 27, fg: Rgb(30, 55, 90), bg: Rgb(8, 17, 49), underline: Reset, modifier: NONE,
        x: 120, y: 27, fg: Rgb(30, 55, 90), bg: Rgb(7, 16, 48), underline: Reset, modifier: NONE,
        x: 124, y: 27, fg: Rgb(30, 55, 90), bg: Rgb(6, 15, 47), underline: Reset, modifier: NONE,
        x: 126, y: 27, fg: Reset, bg: Rgb(6, 15, 47), underline: Reset, modifier: NONE,
        x: 127, y: 27, fg: Reset, bg: Rgb(5, 14, 46), underline: Reset, modifier: NONE,
        x: 130, y: 27, fg: Reset, bg: Rgb(4, 13, 45), underline: Reset, modifier: NONE,
        x: 132, y: 27, fg: Reset, bg: Rgb(3, 12, 44), underline: Reset, modifier: NONE,
        x: 135, y: 27, fg: Rgb(30, 55, 90), bg: Rgb(2, 11, 43), underline: Reset, modifier: NONE,
        x: 138, y: 27, fg: Rgb(30, 55, 90), bg: Rgb(1, 10, 42), underline: Reset, modifier: NONE,
        x: 148, y: 27, fg: Rgb(30, 55, 90), bg: Rgb(2, 11, 43), underline: Reset, modifier: NONE,
        x: 151, y: 27, fg: Rgb(30, 55, 90), bg: Rgb(3, 12, 44), underline: Reset, modifier: NONE,
        x: 153, y: 27, fg: Rgb(30, 55, 90), bg: Rgb(4, 13, 45), underline: Reset, modifier: NONE,
        x: 155, y: 27, fg: Rgb(30, 55, 90), bg: Rgb(5, 14, 46), underline: Reset, modifier: NONE,
        x: 157, y: 27, fg: Rgb(30, 55, 90), bg: Rgb(6, 15, 47), underline: Reset, modifier: NONE,
        x: 158, y: 27, fg: Rgb(30, 55, 90), bg: Rgb(7, 16, 48), underline: Reset, modifier: NONE,
        x: 159, y: 27, fg: Magenta, bg: Reset, underline: Reset, modifier: NONE,
        x: 0, y: 28, fg: Reset, bg: Reset, underline: Reset, modifier: NONE,
        x: 80, y: 28, fg: Magenta, bg: Reset, underline: Reset, modifier: NONE,
        x: 81, y: 28, fg: Rgb(30, 55, 90), bg: Rgb(9, 18, 48), underline: Reset, modifier: NONE,
        x: 84, y: 28, fg: Rgb(30, 55, 90), bg: Rgb(8, 17, 47), underline: Reset, modifier: NONE,
        x: 88, y: 28, fg: Rgb(30, 55, 90), bg: Rgb(7, 16, 46), underline: Reset, modifier: NONE,
        x: 89, y: 28, fg: Reset, bg: Rgb(7, 16, 46), underline: Reset, modifier: NONE,
        x: 91, y: 28, fg: Reset, bg: Rgb(6, 15, 45), underline: Reset, modifier: NONE,
        x: 95, y: 28, fg: Rgb(30, 55, 90), bg: Rgb(6, 15, 45), underline: Reset, modifier: NONE,
        x: 97, y: 28, fg: Rgb(30, 55, 90), bg: Rgb(5, 14, 44), underline: Reset, modifier: NONE,
        x: 101, y: 28, fg: Rgb(30, 55, 90), bg: Rgb(6, 15, 45), underline: Reset, modifier: NONE,
        x: 108, y: 28, fg: Rgb(30, 55, 90), bg: Rgb(7, 16, 46), underline: Reset, modifier: NONE,
        x: 123, y: 28, fg: Rgb(30, 55, 90), bg: Rgb(6, 15, 45), underline: Reset, modifier: NONE,
        x: 126, y: 28, fg: Rgb(30, 55, 90), bg: Rgb(5, 14, 44), underline: Reset, modifier: NONE,
        x: 128, y: 28, fg: Reset, bg: Rgb(5, 14, 44), underline: Reset, modifier: NONE,
        x: 129, y: 28, fg: Reset, bg: Rgb(4, 13, 43), underline: Reset, modifier: NONE,
        x: 131, y: 28, fg: Reset, bg: Rgb(3, 12, 42), underline: Reset, modifier: NONE,
        x: 133, y: 28, fg: Rgb(30, 55, 90), bg: Rgb(3, 12, 42), underline: Reset, modifier: NONE,
        x: 134, y: 28, fg: Rgb(30, 55, 90), bg: Rgb(2, 11, 41), underline: Reset, modifier: NONE,
        x: 138, y: 28, fg: Rgb(30, 55, 90), bg: Rgb(1, 10, 40), underline: Reset, modifier: NONE,
        x: 146, y: 28, fg: Rgb(30, 55, 90), bg: Rgb(2, 11, 41), underline: Reset, modifier: NONE,
        x: 149, y: 28, fg: Rgb(30, 55, 90), bg: Rgb(3, 12, 42), underline: Reset, modifier: NONE,
        x: 151, y: 28, fg: Rgb(30, 55, 90), bg: Rgb(4, 13, 43), underline: Reset, modifier: NONE,
        x: 153, y: 28, fg: Rgb(30, 55, 90), bg: Rgb(5, 14, 44), underline: Reset, modifier: NONE,
        x: 155, y: 28, fg: Rgb(30, 55, 90), bg: Rgb(6, 15, 45), underline: Reset, modifier: NONE,
        x: 157, y: 28, fg: Rgb(30, 55, 90), bg: Rgb(7, 16, 46), underline: Reset, modifier: NONE,
        x: 159, y: 28, fg: Magenta, bg: Reset, underline: Reset, modifier: NONE,
        x: 0, y: 29, fg: Reset, bg: Reset, underline: Reset, modifier: NONE,
        x: 80, y: 29, fg: Magenta, bg: Reset, underline: Reset, modifier: NONE,
        x: 81, y: 29, fg: Rgb(30, 55, 90), bg: Rgb(9, 17, 47), underline: Reset, modifier: NONE,
        x: 84, y: 29, fg: Rgb(30, 55, 90), bg: Rgb(8, 16, 46), underline: Reset, modifier: NONE,
        x: 87, y: 29, fg: Rgb(30, 55, 90), bg: Rgb(7, 15, 45), underline: Reset, modifier: NONE,
        x: 90, y: 29, fg: Rgb(30, 55, 90), bg: Rgb(6, 14, 44), underline: Reset, modifier: NONE,
        x: 95, y: 29, fg: Rgb(30, 55, 90), bg: Rgb(5, 13, 43), underline: Reset, modifier: NONE,
        x: 103, y: 29, fg: Rgb(30, 55, 90), bg: Rgb(6, 14, 44), underline: Reset, modifier: NONE,
        x: 109, y: 29, fg: Rgb(30, 55, 90), bg: Rgb(7, 15, 45), underline: Reset, modifier: NONE,
        x: 121, y: 29, fg: Rgb(30, 55, 90), bg: Rgb(6, 14, 44), underline: Reset, modifier: NONE,
        x: 125, y: 29, fg: Rgb(30, 55, 90), bg: Rgb(5, 13, 43), underline: Reset, modifier: NONE,
        x: 128, y: 29, fg: Rgb(30, 55, 90), bg: Rgb(4, 12, 42), underline: Reset, modifier: NONE,
        x: 131, y: 29, fg: Rgb(30, 55, 90), bg: Rgb(3, 11, 41), underline: Reset, modifier: NONE,
        x: 134, y: 29, fg: Rgb(30, 55, 90), bg: Rgb(2, 10, 40), underline: Reset, modifier: NONE,
        x: 138, y: 29, fg: Rgb(30, 55, 90), bg: Rgb(1, 9, 39), underline: Reset, modifier: NONE,
        x: 144, y: 29, fg: Rgb(30, 55, 90), bg: Rgb(2, 10, 40), underline: Reset, modifier: NONE,
        x: 148, y: 29, fg: Rgb(30, 55, 90), bg: Rgb(3, 11, 41), underline: Reset, modifier: NONE,
        x: 150, y: 29, fg: Rgb(30, 55, 90), bg: Rgb(4, 12, 42), underline: Reset, modifier: NONE,
        x: 152, y: 29, fg: Rgb(30, 55, 90), bg: Rgb(5, 13, 43), underline: Reset, modifier: NONE,
        x: 154, y: 29, fg: Rgb(30, 55, 90), bg: Rgb(6, 14, 44), underline: Reset, modifier: NONE,
        x: 156, y: 29, fg: Rgb(30, 55, 90), bg: Rgb(7, 15, 45), underline: Reset, modifier: NONE,
        x: 158, y: 29, fg: Rgb(30, 55, 90), bg: Rgb(8, 16, 46), underline: Reset, modifier: NONE,
        x: 159, y: 29, fg: Magenta, bg: Reset, underline: Reset, modifier: NONE,
        x: 0, y: 30, fg: Reset, bg: Reset, underline: Reset, modifier: NONE,
        x: 80, y: 30, fg: Magenta, bg: Reset, underline: Reset, modifier: NONE,
        x: 81, y: 30, fg: Rgb(30, 55, 90), bg: Rgb(9, 16, 45), underline: Reset, modifier: NONE,
        x: 83, y: 30, fg: Rgb(30, 55, 90), bg: Rgb(8, 15, 44), underline: Reset, modifier: NONE,
        x: 86, y: 30, fg: Rgb(30, 55, 90), bg: Rgb(7, 14, 43), underline: Reset, modifier: NONE,
        x: 89, y: 30, fg: Rgb(30, 55, 90), bg: Rgb(6, 13, 42), underline: Reset, modifier: NONE,
        x: 93, y: 30, fg: Rgb(30, 55, 90), bg: Rgb(5, 12, 41), underline: Reset, modifier: NONE,
        x: 105, y: 30, fg: Rgb(30, 55, 90), bg: Rgb(6, 13, 42), underline: Reset, modifier: NONE,
        x: 111, y: 30, fg: Rgb(30, 55, 90), bg: Rgb(7, 14, 43), underline: Reset, modifier: NONE,
        x: 119, y: 30, fg: Rgb(30, 55, 90), bg: Rgb(6, 13, 42), underline: Reset, modifier: NONE,
        x: 124, y: 30, fg: Rgb(30, 55, 90), bg: Rgb(5, 12, 41), underline: Reset, modifier: NONE,
        x: 127, y: 30, fg: Rgb(30, 55, 90), bg: Rgb(4, 11, 40), underline: Reset, modifier: NONE,
        x: 130, y: 30, fg: Rgb(30, 55, 90), bg: Rgb(3, 10, 39), underline: Reset, modifier: NONE,
        x: 133, y: 30, fg: Rgb(30, 55, 90), bg: Rgb(2, 9, 38), underline: Reset, modifier: NONE,
        x: 139, y: 30, fg: Rgb(30, 55, 90), bg: Rgb(1, 8, 37), underline: Reset, modifier: NONE,
        x: 140, y: 30, fg: Rgb(30, 55, 90), bg: Rgb(2, 9, 38), underline: Reset, modifier: NONE,
        x: 146, y: 30, fg: Rgb(30, 55, 90), bg: Rgb(3, 10, 39), underline: Reset, modifier: NONE,
        x: 149, y: 30, fg: Rgb(30, 55, 90), bg: Rgb(4, 11, 40), underline: Reset, modifier: NONE,
        x: 151, y: 30, fg: Rgb(30, 55, 90), bg: Rgb(5, 12, 41), underline: Reset, modifier: NONE,
        x: 153, y: 30, fg: Rgb(30, 55, 90), bg: Rgb(6, 13, 42), underline: Reset, modifier: NONE,
        x: 154, y: 30, fg: Rgb(30, 55, 90), bg: Rgb(7, 14, 43), underline: Reset, modifier: NONE,
        x: 156, y: 30, fg: Rgb(30, 55, 90), bg: Rgb(8, 15, 44), underline: Reset, modifier: NONE,
        x: 158, y: 30, fg: Rgb(30, 55, 90), bg: Rgb(9, 16, 45), underline: Reset, modifier: NONE,
        x: 159, y: 30, fg: Magenta, bg: Reset, underline: Reset, modifier: NONE,
        x: 0, y: 31, fg: Reset, bg: Reset, underline: Reset, modifier: NONE,
        x: 80, y: 31, fg: Magenta, bg: Reset, underline: Reset, modifier: NONE,
        x: 81, y: 31, fg: Rgb(30, 55, 90), bg: Rgb(9, 16, 44), underline: Reset, modifier: NONE,
        x: 83, y: 31, fg: Rgb(30, 55, 90), bg: Rgb(8, 15, 43), underline: Reset, modifier: NONE,
        x: 85, y: 31, fg: Rgb(30, 55, 90), bg: Rgb(7, 14, 42), underline: Reset, modifier: NONE,
        x: 88, y: 31, fg: Rgb(30, 55, 90), bg: Rgb(6, 13, 41), underline: Reset, modifier: NONE,
        x: 91, y: 31, fg: Rgb(30, 55, 90), bg: Rgb(5, 12, 40), underline: Reset, modifier: NONE,
        x: 106, y: 31, fg: Rgb(30, 55, 90), bg: Rgb(6, 13, 41), underline: Reset, modifier: NONE,
        x: 114, y: 31, fg: Rgb(30, 55, 90), bg: Rgb(7, 14, 42), underline: Reset, modifier: NONE,
        x: 117, y: 31, fg: Rgb(30, 55, 90), bg: Rgb(6, 13, 41), underline: Reset, modifier: NONE,
        x: 123, y: 31, fg: Rgb(30, 55, 90), bg: Rgb(5, 12, 40), underline: Reset, modifier: NONE,
        x: 126, y: 31, fg: Rgb(30, 55, 90), bg: Rgb(4, 11, 39), underline: Reset, modifier: NONE,
        x: 130, y: 31, fg: Rgb(30, 55, 90), bg: Rgb(3, 10, 38), underline: Reset, modifier: NONE,
        x: 133, y: 31, fg: Rgb(30, 55, 90), bg: Rgb(2, 9, 37), underline: Reset, modifier: NONE,
        x: 144, y: 31, fg: Rgb(30, 55, 90), bg: Rgb(3, 10, 38), underline: Reset, modifier: NONE,
        x: 147, y: 31, fg: Rgb(30, 55, 90), bg: Rgb(4, 11, 39), underline: Reset, modifier: NONE,
        x: 149, y: 31, fg: Rgb(30, 55, 90), bg: Rgb(5, 12, 40), underline: Reset, modifier: NONE,
        x: 151, y: 31, fg: Rgb(30, 55, 90), bg: Rgb(6, 13, 41), underline: Reset, modifier: NONE,
        x: 153, y: 31, fg: Rgb(30, 55, 90), bg: Rgb(7, 14, 42), underline: Reset, modifier: NONE,
        x: 155, y: 31, fg: Rgb(30, 55, 90), bg: Rgb(8, 15, 43), underline: Reset, modifier: NONE,
        x: 157, y: 31, fg: Rgb(30, 55, 90), bg: Rgb(9, 16, 44), underline: Reset, modifier: NONE,
        x: 159, y: 31, fg: Magenta, bg: Reset, underline: Reset, modifier: NONE,
        x: 0, y: 32, fg: Reset, bg: Reset, underline: Reset, modifier: NONE,
        x: 80, y: 32, fg: Magenta, bg: Reset, underline: Reset, modifier: NONE,
        x: 81, y: 32, fg: Rgb(30, 55, 90), bg: Rgb(8, 15, 42), underline: Reset, modifier: NONE,
        x: 82, y: 32, fg: Rgb(30, 55, 90), bg: Rgb(7, 14, 41), underline: Reset, modifier: NONE,
        x: 84, y: 32, fg: Rgb(30, 55, 90), bg: Rgb(6, 13, 40), underline: Reset, modifier: NONE,
        x: 87, y: 32, fg: Rgb(30, 55, 90), bg: Rgb(5, 12, 39), underline: Reset, modifier: NONE,
        x: 90, y: 32, fg: Rgb(30, 55, 90), bg: Rgb(4, 11, 38), underline: Reset, modifier: NONE,
        x: 94, y: 32, fg: Rgb(30, 55, 90), bg: Rgb(3, 10, 37), underline: Reset, modifier: NONE,
        x: 101, y: 32, fg: Rgb(30, 55, 90), bg: Rgb(4, 11, 38), underline: Reset, modifier: NONE,
        x: 107, y: 32, fg: Rgb(30, 55, 90), bg: Rgb(5, 12, 39), underline: Reset, modifier: NONE,
        x: 122, y: 32, fg: Rgb(30, 55, 90), bg: Rgb(4, 11, 38), underline: Reset, modifier: NONE,
        x: 126, y: 32, fg: Rgb(30, 55, 90), bg: Rgb(3, 10, 37), underline: Reset, modifier: NONE,
        x: 129, y: 32, fg: Rgb(30, 55, 90), bg: Rgb(2, 9, 36), underline: Reset, modifier: NONE,
        x: 133, y: 32, fg: Rgb(30, 55, 90), bg: Rgb(1, 8, 35), underline: Reset, modifier: NONE,
        x: 142, y: 32, fg: Rgb(30, 55, 90), bg: Rgb(2, 9, 36), underline: Reset, modifier: NONE,
        x: 146, y: 32, fg: Rgb(30, 55, 90), bg: Rgb(3, 10, 37), underline: Reset, modifier: NONE,
        x: 148, y: 32, fg: Rgb(30, 55, 90), bg: Rgb(4, 11, 38), underline: Reset, modifier: NONE,
        x: 150, y: 32, fg: Rgb(30, 55, 90), bg: Rgb(5, 12, 39), underline: Reset, modifier: NONE,
        x: 152, y: 32, fg: Rgb(30, 55, 90), bg: Rgb(6, 13, 40), underline: Reset, modifier: NONE,
        x: 154, y: 32, fg: Rgb(30, 55, 90), bg: Rgb(7, 14, 41), underline: Reset, modifier: NONE,
        x: 156, y: 32, fg: Rgb(30, 55, 90), bg: Rgb(8, 15, 42), underline: Reset, modifier: NONE,
        x: 158, y: 32, fg: Rgb(30, 55, 90), bg: Rgb(9, 16, 43), underline: Reset, modifier: NONE,
        x: 159, y: 32, fg: Magenta, bg: Reset, underline: Reset, modifier: NONE,
        x: 0, y: 33, fg: Reset, bg: Reset, underline: Reset, modifier: NONE,
        x: 80, y: 33, fg: Magenta, bg: Reset, underline: Reset, modifier: NONE,
        x: 81, y: 33, fg: Rgb(30, 55, 90), bg: Rgb(7, 13, 40), underline: Reset, modifier: NONE,
        x: 83, y: 33, fg: Rgb(30, 55, 90), bg: Rgb(6, 12, 39), underline: Reset, modifier: NONE,
        x: 86, y: 33, fg: Rgb(30, 55, 90), bg: Rgb(5, 11, 38), underline: Reset, modifier: NONE,
        x: 88, y: 33, fg: Rgb(30, 55, 90), bg: Rgb(4, 10, 37), underline: Reset, modifier: NONE,
        x: 92, y: 33, fg: Rgb(30, 55, 90), bg: Rgb(3, 9, 36), underline: Reset, modifier: NONE,
        x: 103, y: 33, fg: Rgb(30, 55, 90), bg: Rgb(4, 10, 37), underline: Reset, modifier: NONE,
        x: 108, y: 33, fg: Rgb(30, 55, 90), bg: Rgb(5, 11, 38), underline: Reset, modifier: NONE,
        x: 121, y: 33, fg: Rgb(30, 55, 90), bg: Rgb(4, 10, 37), underline: Reset, modifier: NONE,
        x: 125, y: 33, fg: Rgb(30, 55, 90), bg: Rgb(3, 9, 36), underline: Reset, modifier: NONE,
        x: 129, y: 33, fg: Rgb(30, 55, 90), bg: Rgb(2, 8, 35), underline: Reset, modifier: NONE,
        x: 134, y: 33, fg: Rgb(30, 55, 90), bg: Rgb(1, 7, 34), underline: Reset, modifier: NONE,
        x: 140, y: 33, fg: Rgb(30, 55, 90), bg: Rgb(2, 8, 35), underline: Reset, modifier: NONE,
        x: 144, y: 33, fg: Rgb(30, 55, 90), bg: Rgb(3, 9, 36), underline: Reset, modifier: NONE,
        x: 146, y: 33, fg: Rgb(30, 55, 90), bg: Rgb(4, 10, 37), underline: Reset, modifier: NONE,
        x: 149, y: 33, fg: Rgb(30, 55, 90), bg: Rgb(5, 11, 38), underline: Reset, modifier: NONE,
        x: 151, y: 33, fg: Rgb(30, 55, 90), bg: Rgb(6, 12, 39), underline: Reset, modifier: NONE,
        x: 153, y: 33, fg: Rgb(30, 55, 90), bg: Rgb(7, 13, 40), underline: Reset, modifier: NONE,
        x: 154, y: 33, fg: Rgb(30, 55, 90), bg: Rgb(8, 14, 41), underline: Reset, modifier: NONE,
        x: 157, y: 33, fg: Rgb(30, 55, 90), bg: Rgb(9, 15, 42), underline: Reset, modifier: NONE,
        x: 159, y: 33, fg: Magenta, bg: Reset, underline: Reset, modifier: NONE,
        x: 0, y: 34, fg: Reset, bg: Reset, underline: Reset, modifier: NONE,
        x: 80, y: 34, fg: Magenta, bg: Reset, underline: Reset, modifier: NONE,
        x: 81, y: 34, fg: Rgb(30, 55, 90), bg: Rgb(7, 13, 38), underline: Reset, modifier: NONE,
        x: 82, y: 34, fg: Rgb(30, 55, 90), bg: Rgb(6, 12, 37), underline: Reset, modifier: NONE,
        x: 84, y: 34, fg: Rgb(30, 55, 90), bg: Rgb(5, 11, 36), underline: Reset, modifier: NONE,
        x: 87, y: 34, fg: Rgb(30, 55, 90), bg: Rgb(4, 10, 35), underline: Reset, modifier: NONE,
        x: 90, y: 34, fg: Rgb(30, 55, 90), bg: Rgb(3, 9, 34), underline: Reset, modifier: NONE,
        x: 104, y: 34, fg: Rgb(30, 55, 90), bg: Rgb(4, 10, 35), underline: Reset, modifier: NONE,
        x: 109, y: 34, fg: Rgb(30, 55, 90), bg: Rgb(5, 11, 36), underline: Reset, modifier: NONE,
        x: 121, y: 34, fg: Rgb(30, 55, 90), bg: Rgb(4, 10, 35), underline: Reset, modifier: NONE,
        x: 125, y: 34, fg: Rgb(30, 55, 90), bg: Rgb(3, 9, 34), underline: Reset, modifier: NONE,
        x: 129, y: 34, fg: Rgb(30, 55, 90), bg: Rgb(2, 8, 33), underline: Reset, modifier: NONE,
        x: 142, y: 34, fg: Rgb(30, 55, 90), bg: Rgb(3, 9, 34), underline: Reset, modifier: NONE,
        x: 145, y: 34, fg: Rgb(30, 55, 90), bg: Rgb(4, 10, 35), underline: Reset, modifier: NONE,
        x: 147, y: 34, fg: Rgb(30, 55, 90), bg: Rgb(5, 11, 36), underline: Reset, modifier: NONE,
        x: 149, y: 34, fg: Rgb(30, 55, 90), bg: Rgb(6, 12, 37), underline: Reset, modifier: NONE,
        x: 151, y: 34, fg: Rgb(30, 55, 90), bg: Rgb(7, 13, 38), underline: Reset, modifier: NONE,
        x: 153, y: 34, fg: Rgb(30, 55, 90), bg: Rgb(8, 14, 39), underline: Reset, modifier: NONE,
        x: 155, y: 34, fg: Rgb(30, 55, 90), bg: Rgb(9, 15, 40), underline: Reset, modifier: NONE,
        x: 158, y: 34, fg: Rgb(30, 55, 90), bg: Rgb(10, 16, 41), underline: Reset, modifier: NONE,
        x: 159, y: 34, fg: Magenta, bg: Reset, underline: Reset, modifier: NONE,
        x: 0, y: 35, fg: Reset, bg: Reset, underline: Reset, modifier: NONE,
        x: 80, y: 35, fg: Magenta, bg: Reset, underline: Reset, modifier: NONE,
        x: 81, y: 35, fg: Rgb(30, 55, 90), bg: Rgb(6, 11, 36), underline: Reset, modifier: NONE,
        x: 83, y: 35, fg: Rgb(30, 55, 90), bg: Rgb(5, 10, 35), underline: Reset, modifier: NONE,
        x: 85, y: 35, fg: Rgb(30, 55, 90), bg: Rgb(4, 9, 34), underline: Reset, modifier: NONE,
        x: 88, y: 35, fg: Rgb(30, 55, 90), bg: Rgb(3, 8, 33), underline: Reset, modifier: NONE,
        x: 92, y: 35, fg: Rgb(30, 55, 90), bg: Rgb(2, 7, 32), underline: Reset, modifier: NONE,
        x: 99, y: 35, fg: Rgb(30, 55, 90), bg: Rgb(3, 8, 33), underline: Reset, modifier: NONE,
        x: 104, y: 35, fg: Rgb(30, 55, 90), bg: Rgb(4, 9, 34), underline: Reset, modifier: NONE,
        x: 109, y: 35, fg: Rgb(30, 55, 90), bg: Rgb(5, 10, 35), underline: Reset, modifier: NONE,
        x: 121, y: 35, fg: Rgb(30, 55, 90), bg: Rgb(4, 9, 34), underline: Reset, modifier: NONE,
        x: 125, y: 35, fg: Rgb(30, 55, 90), bg: Rgb(3, 8, 33), underline: Reset, modifier: NONE,
        x: 130, y: 35, fg: Rgb(30, 55, 90), bg: Rgb(2, 7, 32), underline: Reset, modifier: NONE,
        x: 140, y: 35, fg: Rgb(30, 55, 90), bg: Rgb(3, 8, 33), underline: Reset, modifier: NONE,
        x: 143, y: 35, fg: Rgb(30, 55, 90), bg: Rgb(4, 9, 34), underline: Reset, modifier: NONE,
        x: 146, y: 35, fg: Rgb(30, 55, 90), bg: Rgb(5, 10, 35), underline: Reset, modifier: NONE,
        x: 148, y: 35, fg: Rgb(30, 55, 90), bg: Rgb(6, 11, 36), underline: Reset, modifier: NONE,
        x: 150, y: 35, fg: Rgb(30, 55, 90), bg: Rgb(7, 12, 37), underline: Reset, modifier: NONE,
        x: 152, y: 35, fg: Rgb(30, 55, 90), bg: Rgb(8, 13, 38), underline: Reset, modifier: NONE,
        x: 154, y: 35, fg: Rgb(30, 55, 90), bg: Rgb(9, 14, 39), underline: Reset, modifier: NONE,
        x: 157, y: 35, fg: Rgb(30, 55, 90), bg: Rgb(10, 15, 40), underline: Reset, modifier: NONE,
        x: 159, y: 35, fg: Magenta, bg: Reset, underline: Reset, modifier: NONE,
        x: 0, y: 36, fg: Reset, bg: Reset, underline: Reset, modifier: NONE,
        x: 80, y: 36, fg: Magenta, bg: Reset, underline: Reset, modifier: NONE,
        x: 0, y: 37, fg: Reset, bg: Reset, underline: Reset, modifier: NONE,
        x: 80, y: 37, fg: Magenta, bg: Reset, underline: Reset, modifier: NONE,
        x: 81, y: 37, fg: Green, bg: Reset, underline: Reset, modifier: BOLD,
        x: 91, y: 37, fg: Reset, bg: Green, underline: Reset, modifier: BOLD,
        x: 102, y: 37, fg: Green, bg: Reset, underline: Reset, modifier: BOLD,
        x: 111, y: 37, fg: Reset, bg: Reset, underline: Reset, modifier: NONE,
        x: 121, y: 37, fg: DarkGray, bg: Reset, underline: Reset, modifier: NONE,
        x: 142, y: 37, fg: Reset, bg: Reset, underline: Reset, modifier: NONE,
        x: 159, y: 37, fg: Magenta, bg: Reset, underline: Reset, modifier: NONE,
        x: 0, y: 38, fg: Reset, bg: Reset, underline: Reset, modifier: NONE,
        x: 80, y: 38, fg: Magenta, bg: Reset, underline: Reset, modifier: NONE,
        x: 81, y: 38, fg: DarkGray, bg: Reset, underline: Reset, modifier: NONE,
        x: 111, y: 38, fg: Reset, bg: Reset, underline: Reset, modifier: NONE,
        x: 120, y: 38, fg: DarkGray, bg: Reset, underline: Reset, modifier: NONE,
        x: 136, y: 38, fg: Reset, bg: Reset, underline: Reset, modifier: NONE,
        x: 159, y: 38, fg: Magenta, bg: Reset, underline: Reset, modifier: NONE,
        x: 0, y: 39, fg: Reset, bg: Reset, underline: Reset, modifier: NONE,
        x: 80, y: 39, fg: Magenta, bg: Reset, underline: Reset, modifier: NONE,
        x: 0, y: 40, fg: Rgb(100, 180, 255), bg: Reset, underline: Reset, modifier: BOLD,
        x: 1, y: 40, fg: Reset, bg: Reset, underline: Reset, modifier: NONE,
        x: 2, y: 40, fg: Rgb(100, 180, 255), bg: Reset, underline: Reset, modifier: BOLD,
        x: 8, y: 40, fg: DarkGray, bg: Reset, underline: Reset, modifier: NONE,
        x: 32, y: 40, fg: Reset, bg: Reset, underline: Reset, modifier: NONE,
        x: 1, y: 42, fg: Red, bg: Reset, underline: Reset, modifier: NONE,
        x: 11, y: 42, fg: Reset, bg: Reset, underline: Reset, modifier: NONE,
        x: 51, y: 42, fg: DarkGray, bg: Reset, underline: Reset, modifier: NONE,
        x: 76, y: 42, fg: Rgb(100, 180, 255), bg: Reset, underline: Reset, modifier: NONE,
        x: 103, y: 42, fg: DarkGray, bg: Reset, underline: Reset, modifier: NONE,
        x: 120, y: 42, fg: Reset, bg: Reset, underline: Reset, modifier: NONE,
        x: 57, y: 43, fg: Magenta, bg: Reset, underline: Reset, modifier: NONE,
        x: 73, y: 43, fg: Cyan, bg: Reset, underline: Reset, modifier: NONE,
        x: 91, y: 43, fg: DarkGray, bg: Reset, underline: Reset, modifier: NONE,
        x: 114, y: 43, fg: Reset, bg: Reset, underline: Reset, modifier: NONE,
    ]
}
