---
source: src/ui/overlay_snapshot_tests.rs
expression: frame
---
Buffer {
    area: Rect { x: 0, y: 0, width: 160, height: 45 },
    content: [
        "┌ LOOM OF WORLDS ──────────────────────────────────────────────────────────────────────────────────────────────────────────────────────────────────────────────┐",
        "│                                                                                                                                                              │",
        "│    ▌🔥 Ember Spindle L1 ▰▰▰▰▱▱▱▱                                                                                                                             │", // hidden by multi-width symbols: [(7, " ")]
        "│                             0/hr                                                                                                                             │",
        "│                  ⢀⣀                                                                                                                                          │",
        "│                  ⠘⠛⠑⠓⠒⠤⠤⣀⣀⡀                                                                                                                                  │",
        "│                           ⠈⠉⠉⠒⠒⠤⠤⢄⣀⣀⡀                                                                                                                        │",
        "│                                    ⠈⠉⠉⠒⠒⠢⠤⠤⣀⣀                                                                                                                │",
        "│                                              ⠉⠉⠑⠒⠒⠤⢤⣄⣀⡀                                                                                                      │",
        "│                                                       ⠈⠉⠉⠒⠒⠤⠤⢄⣀⣀        🔥 25/hr                                                                             │", // hidden by multi-width symbols: [(75, " ")]
        "│                                                                 ⠉⠙⠒⠲⠢⠤⠤⣀⣀⡀                                                                                   │",
        "│                                                                          ⠈⠉⠑⠒⠒⠤⠤⣄⣀⡀                                                                          │",
        "│                                                                                   ⠈⠋⠉⠒⠒⠢⠤⢄⣀⣀                                                                 │",
        "│                                                                                             ⠉⠉⠑⠒⠢⠤⢤⣄⣀⡀                                                       │",
        "│                                                                                                      ⠈⠉⠑⠒⠒⠤⠤⢄⣀⡀       ✨ FLight ▰▱▱▱▱▱▱▱                     │", // hidden by multi-width symbols: [(121, " ")]
        "│                                                                                                               ⠈⠉⠉⠒⠲⠦⠤⢄⣀⣀            0/hr                     │",
        "│                                                                                                                         ⠉⠉⠑⠒⠢⠤⠤⣠⣤                            │",
        "│                                                                                                                       ⣀⣀⠤⠤⠔⠒⠒⠉⠉⠉⠉                            │",
        "│                                                                                                              ⣀⣀⢤⠤⠔⠲⠊⠉⠉                                       │",
        "│                                                                                                    ⢀⣀⣀⠤⠤⠒⠒⠊⠉⠉                                                │",
        "│                                                                                           ⢀⣀⡠⠤⠤⠲⠒⠊⠉⠃                                                         │",
        "│                                                                                  ⢀⣀⣤⠤⠤⠒⠒⠉⠉⠁                                                                  │",
        "│                                                                         ⣀⣀⡠⠤⠔⠒⠒⠉⠉⠉                                                                           │",
        "│                                                                ⣀⣀⠤⠤⠴⠒⠒⠉⠉                                                                                     │",
        "│                                                       ⣀⣀⠤⠤⠔⠒⠊⠉⠉                                                                                              │",
        "│                                             ⢀⣀⣀⠤⠤⠒⠒⠚⠋⠉                                                                                                       │",
        "│    🌀 Void Condenser L1 ▰▰▰▰▱▱▱▱   ⢀⣀⡠⠤⠤⠒⠒⠊⠉⠁                                                                                                                │", // hidden by multi-width symbols: [(6, " ")]
        "│                           ⢀⣀0/hr⠒⠉⠉⠁⠁                                                                                                                        │",
        "│                  ⢠⣤⡠⡤⠔⠒⠒⠉⠉⠁                                                                                                                                  │",
        "│                  ⠈⠉                                                                                                                                          │",
        "│                                                                                                                                                              │",
        "│┌ Detail  [Shuttles: 1/0] ───────────────────────────────────────────────────────────────────────────────────────────────────────────────────────────────────┐│",
        "││ 🔥 Ember Spindle • Level 1 • 25/hr                                                                                                                         ││", // hidden by multi-width symbols: [(4, " ")]
        "││██████████████████████████████████████████████████████████████████████████120/250                                                                           ││",
        "││                                                                                                                                                            ││",
        "││ Consumers:                                                            ── Upgrade to Level 2 ──                                                             ││",
        "││   S0 → ✨ Forged Light                                                Cost:       125 🔥 (50% of buffer)                                                   ││", // hidden by multi-width symbols: [(11, " "), (90, " ")]
        "││                                                                       Build time: 2h 00m 00s                                                               ││",
        "││                                                                       Production: 25 → 38/hr                                                               ││",
        "││                                                                       Buffer:     250 → 375                                                                ││",
        "││                                                                                                                                                            ││",
        "││                                                                       Need 125 in buffer (have 120)                                                        ││",
        "││                                                                                                                                                            ││",
        "│└────────────────────────────────────────────────────────────────────────────────────────────────────────────────────────────────────────────────────────────┘│",
        "└──────────────────────────────────────────────── [↑↓←→] Navigate  [U] Upgrade  [B] Build Shuttle  [Esc] Close ────────────────────────────────────────────────┘",
    ],
    styles: [
        x: 0, y: 0, fg: Rgb(180, 120, 220), bg: Reset, underline: Reset, modifier: NONE,
        x: 1, y: 1, fg: Reset, bg: Rgb(10, 5, 18), underline: Reset, modifier: NONE,
        x: 159, y: 1, fg: Rgb(180, 120, 220), bg: Reset, underline: Reset, modifier: NONE,
        x: 1, y: 2, fg: Reset, bg: Rgb(10, 5, 18), underline: Reset, modifier: NONE,
        x: 5, y: 2, fg: White, bg: Rgb(10, 5, 18), underline: Reset, modifier: NONE,
        x: 7, y: 2, fg: Reset, bg: Reset, underline: Reset, modifier: NONE,
        x: 8, y: 2, fg: White, bg: Rgb(10, 5, 18), underline: Reset, modifier: NONE,
        x: 34, y: 2, fg: Reset, bg: Rgb(10, 5, 18), underline: Reset, modifier: NONE,
        x: 159, y: 2, fg: Rgb(180, 120, 220), bg: Reset, underline: Reset, modifier: NONE,
        x: 1, y: 3, fg: Reset, bg: Rgb(10, 5, 18), underline: Reset, modifier: NONE,
        x: 30, y: 3, fg: Rgb(100, 100, 120), bg: Rgb(10, 5, 18), underline: Reset, modifier: NONE,
        x: 34, y: 3, fg: Reset, bg: Rgb(10, 5, 18), underline: Reset, modifier: NONE,
        x: 159, y: 3, fg: Rgb(180, 120, 220), bg: Reset, underline: Reset, modifier: NONE,
        x: 1, y: 4, fg: Reset, bg: Rgb(10, 5, 18), underline: Reset, modifier: NONE,
        x: 19, y: 4, fg: Rgb(255, 140, 0), bg: Rgb(10, 5, 18), underline: Reset, modifier: NONE,
        x: 21, y: 4, fg: Reset, bg: Rgb(10, 5, 18), underline: Reset, modifier: NONE,
        x: 159, y: 4, fg: Rgb(180, 120, 220), bg: Reset, underline: Reset, modifier: NONE,
        x: 1, y: 5, fg: Reset, bg: Rgb(10, 5, 18), underline: Reset, modifier: NONE,
        x: 19, y: 5, fg: Rgb(255, 140, 0), bg: Rgb(10, 5, 18), underline: Reset, modifier: NONE,
        x: 21, y: 5, fg: Rgb(60, 70, 100), bg: Rgb(10, 5, 18), underline: Reset, modifier: NONE,
        x: 22, y: 5, fg: Rgb(255, 140, 0), bg: Rgb(10, 5, 18), underline: Reset, modifier: NONE,
        x: 23, y: 5, fg: Rgb(60, 70, 100), bg: Rgb(10, 5, 18), underline: Reset, modifier: NONE,
        x: 29, y: 5, fg: Reset, bg: Rgb(10, 5, 18), underline: Reset, modifier: NONE,
        x: 159, y: 5, fg: Rgb(180, 120, 220), bg: Reset, underline: Reset, modifier: NONE,
        x: 1, y: 6, fg: Reset, bg: Rgb(10, 5, 18), underline: Reset, modifier: NONE,
        x: 28, y: 6, fg: Rgb(60, 70, 100), bg: Rgb(10, 5, 18), underline: Reset, modifier: NONE,
        x: 34, y: 6, fg: Rgb(127, 70, 0), bg: Rgb(10, 5, 18), underline: Reset, modifier: NONE,
        x: 35, y: 6, fg: Rgb(60, 70, 100), bg: Rgb(10, 5, 18), underline: Reset, modifier: NONE,
        x: 36, y: 6, fg: Rgb(127, 70, 0), bg: Rgb(10, 5, 18), underline: Reset, modifier: NONE,
        x: 37, y: 6, fg: Rgb(60, 70, 100), bg: Rgb(10, 5, 18), underline: Reset, modifier: NONE,
        x: 38, y: 6, fg: Rgb(255, 140, 0), bg: Rgb(10, 5, 18), underline: Reset, modifier: NONE,
        x: 39, y: 6, fg: Reset, bg: Rgb(10, 5, 18), underline: Reset, modifier: NONE,
        x: 159, y: 6, fg: Rgb(180, 120, 220), bg: Reset, underline: Reset, modifier: NONE,
        x: 1, y: 7, fg: Reset, bg: Rgb(10, 5, 18), underline: Reset, modifier: NONE,
        x: 37, y: 7, fg: Rgb(255, 140, 0), bg: Rgb(10, 5, 18), underline: Reset, modifier: NONE,
        x: 39, y: 7, fg: Rgb(60, 70, 100), bg: Rgb(10, 5, 18), underline: Reset, modifier: NONE,
        x: 47, y: 7, fg: Reset, bg: Rgb(10, 5, 18), underline: Reset, modifier: NONE,
        x: 159, y: 7, fg: Rgb(180, 120, 220), bg: Reset, underline: Reset, modifier: NONE,
        x: 1, y: 8, fg: Reset, bg: Rgb(10, 5, 18), underline: Reset, modifier: NONE,
        x: 47, y: 8, fg: Rgb(60, 70, 100), bg: Rgb(10, 5, 18), underline: Reset, modifier: NONE,
        x: 50, y: 8, fg: Rgb(127, 70, 0), bg: Rgb(10, 5, 18), underline: Reset, modifier: NONE,
        x: 51, y: 8, fg: Rgb(60, 70, 100), bg: Rgb(10, 5, 18), underline: Reset, modifier: NONE,
        x: 52, y: 8, fg: Rgb(127, 70, 0), bg: Rgb(10, 5, 18), underline: Reset, modifier: NONE,
        x: 53, y: 8, fg: Rgb(255, 140, 0), bg: Rgb(10, 5, 18), underline: Reset, modifier: NONE,
        x: 55, y: 8, fg: Rgb(60, 70, 100), bg: Rgb(10, 5, 18), underline: Reset, modifier: NONE,
        x: 57, y: 8, fg: Reset, bg: Rgb(10, 5, 18), underline: Reset, modifier: NONE,
        x: 159, y: 8, fg: Rgb(180, 120, 220), bg: Reset, underline: Reset, modifier: NONE,
        x: 1, y: 9, fg: Reset, bg: Rgb(10, 5, 18), underline: Reset, modifier: NONE,
        x: 56, y: 9, fg: Rgb(60, 70, 100), bg: Rgb(10, 5, 18), underline: Reset, modifier: NONE,
        x: 66, y: 9, fg: Reset, bg: Rgb(10, 5, 18), underline: Reset, modifier: NONE,
        x: 74, y: 9, fg: Rgb(151, 141, 180), bg: Rgb(10, 5, 18), underline: Reset, modifier: NONE,
        x: 75, y: 9, fg: Reset, bg: Reset, underline: Reset, modifier: NONE,
        x: 76, y: 9, fg: Rgb(151, 141, 180), bg: Rgb(10, 5, 18), underline: Reset, modifier: NONE,
        x: 82, y: 9, fg: Reset, bg: Rgb(10, 5, 18), underline: Reset, modifier: NONE,
        x: 159, y: 9, fg: Rgb(180, 120, 220), bg: Reset, underline: Reset, modifier: NONE,
        x: 1, y: 10, fg: Reset, bg: Rgb(10, 5, 18), underline: Reset, modifier: NONE,
        x: 66, y: 10, fg: Rgb(127, 70, 0), bg: Rgb(10, 5, 18), underline: Reset, modifier: NONE,
        x: 68, y: 10, fg: Rgb(60, 70, 100), bg: Rgb(10, 5, 18), underline: Reset, modifier: NONE,
        x: 69, y: 10, fg: Rgb(255, 140, 0), bg: Rgb(10, 5, 18), underline: Reset, modifier: NONE,
        x: 70, y: 10, fg: Rgb(60, 70, 100), bg: Rgb(10, 5, 18), underline: Reset, modifier: NONE,
        x: 76, y: 10, fg: Reset, bg: Rgb(10, 5, 18), underline: Reset, modifier: NONE,
        x: 159, y: 10, fg: Rgb(180, 120, 220), bg: Reset, underline: Reset, modifier: NONE,
        x: 1, y: 11, fg: Reset, bg: Rgb(10, 5, 18), underline: Reset, modifier: NONE,
        x: 75, y: 11, fg: Rgb(60, 70, 100), bg: Rgb(10, 5, 18), underline: Reset, modifier: NONE,
        x: 82, y: 11, fg: Rgb(127, 70, 0), bg: Rgb(10, 5, 18), underline: Reset, modifier: NONE,
        x: 84, y: 11, fg: Rgb(60, 70, 100), bg: Rgb(10, 5, 18), underline: Reset, modifier: NONE,
        x: 85, y: 11, fg: Reset, bg: Rgb(10, 5, 18), underline: Reset, modifier: NONE,
        x: 159, y: 11, fg: Rgb(180, 120, 220), bg: Reset, underline: Reset, modifier: NONE,
        x: 1, y: 12, fg: Reset, bg: Rgb(10, 5, 18), underline: Reset, modifier: NONE,
        x: 84, y: 12, fg: Rgb(60, 70, 100), bg: Rgb(10, 5, 18), underline: Reset, modifier: NONE,
        x: 85, y: 12, fg: Rgb(255, 140, 0), bg: Rgb(10, 5, 18), underline: Reset, modifier: NONE,
        x: 86, y: 12, fg: Rgb(60, 70, 100), bg: Rgb(10, 5, 18), underline: Reset, modifier: NONE,
        x: 94, y: 12, fg: Reset, bg: Rgb(10, 5, 18), underline: Reset, modifier: NONE,
        x: 159, y: 12, fg: Rgb(180, 120, 220), bg: Reset, underline: Reset, modifier: NONE,
        x: 1, y: 13, fg: Reset, bg: Rgb(10, 5, 18), underline: Reset, modifier: NONE,
        x: 94, y: 13, fg: Rgb(60, 70, 100), bg: Rgb(10, 5, 18), underline: Reset, modifier: NONE,
        x: 97, y: 13, fg: Rgb(127, 70, 0), bg: Rgb(10, 5, 18), underline: Reset, modifier: NONE,
        x: 98, y: 13, fg: Rgb(60, 70, 100), bg: Rgb(10, 5, 18), underline: Reset, modifier: NONE,
        x: 99, y: 13, fg: Rgb(127, 70, 0), bg: Rgb(10, 5, 18), underline: Reset, modifier: NONE,
        x: 100, y: 13, fg: Rgb(255, 140, 0), bg: Rgb(10, 5, 18), underline: Reset, modifier: NONE,
        x: 102, y: 13, fg: Rgb(60, 70, 100), bg: Rgb(10, 5, 18), underline: Reset, modifier: NONE,
        x: 104, y: 13, fg: Reset, bg: Rgb(10, 5, 18), underline: Reset, modifier: NONE,
        x: 159, y: 13, fg: Rgb(180, 120, 220), bg: Reset, underline: Reset, modifier: NONE,
        x: 1, y: 14, fg: Reset, bg: Rgb(10, 5, 18), underline: Reset, modifier: NONE,
        x: 103, y: 14, fg: Rgb(60, 70, 100), bg: Rgb(10, 5, 18), underline: Reset, modifier: NONE,
        x: 113, y: 14, fg: Reset, bg: Rgb(10, 5, 18), underline: Reset, modifier: NONE,
        x: 120, y: 14, fg: Rgb(255, 220, 100), bg: Rgb(10, 5, 18), underline: Reset, modifier: NONE,
        x: 121, y: 14, fg: Reset, bg: Reset, underline: Reset, modifier: NONE,
        x: 122, y: 14, fg: Rgb(255, 220, 100), bg: Rgb(10, 5, 18), underline: Reset, modifier: NONE,
        x: 138, y: 14, fg: Reset, bg: Rgb(10, 5, 18), underline: Reset, modifier: NONE,
        x: 159, y: 14, fg: Rgb(180, 120, 220), bg: Reset, underline: Reset, modifier: NONE,
        x: 1, y: 15, fg: Reset, bg: Rgb(10, 5, 18), underline: Reset, modifier: NONE,
        x: 112, y: 15, fg: Rgb(60, 70, 100), bg: Rgb(10, 5, 18), underline: Reset, modifier: NONE,
        x: 113, y: 15, fg: Rgb(127, 70, 0), bg: Rgb(10, 5, 18), underline: Reset, modifier: NONE,
        x: 114, y: 15, fg: Rgb(60, 70, 100), bg: Rgb(10, 5, 18), underline: Reset, modifier: NONE,
        x: 115, y: 15, fg: Rgb(127, 70, 0), bg: Rgb(10, 5, 18), underline: Reset, modifier: NONE,
        x: 116, y: 15, fg: Rgb(255, 140, 0), bg: Rgb(10, 5, 18), underline: Reset, modifier: NONE,
        x: 118, y: 15, fg: Rgb(60, 70, 100), bg: Rgb(10, 5, 18), underline: Reset, modifier: NONE,
        x: 122, y: 15, fg: Reset, bg: Rgb(10, 5, 18), underline: Reset, modifier: NONE,
        x: 134, y: 15, fg: Rgb(100, 100, 120), bg: Rgb(10, 5, 18), underline: Reset, modifier: NONE,
        x: 138, y: 15, fg: Reset, bg: Rgb(10, 5, 18), underline: Reset, modifier: NONE,
        x: 159, y: 15, fg: Rgb(180, 120, 220), bg: Reset, underline: Reset, modifier: NONE,
        x: 1, y: 16, fg: Reset, bg: Rgb(10, 5, 18), underline: Reset, modifier: NONE,
        x: 122, y: 16, fg: Rgb(60, 70, 100), bg: Rgb(10, 5, 18), underline: Reset, modifier: NONE,
        x: 129, y: 16, fg: Rgb(255, 220, 100), bg: Rgb(10, 5, 18), underline: Reset, modifier: NONE,
        x: 131, y: 16, fg: Reset, bg: Rgb(10, 5, 18), underline: Reset, modifier: NONE,
        x: 159, y: 16, fg: Rgb(180, 120, 220), bg: Reset, underline: Reset, modifier: NONE,
        x: 1, y: 17, fg: Reset, bg: Rgb(10, 5, 18), underline: Reset, modifier: NONE,
        x: 120, y: 17, fg: Rgb(60, 70, 100), bg: Rgb(10, 5, 18), underline: Reset, modifier: NONE,
        x: 129, y: 17, fg: Rgb(255, 220, 100), bg: Rgb(10, 5, 18), underline: Reset, modifier: NONE,
        x: 131, y: 17, fg: Reset, bg: Rgb(10, 5, 18), underline: Reset, modifier: NONE,
        x: 159, y: 17, fg: Rgb(180, 120, 220), bg: Reset, underline: Reset, modifier: NONE,
        x: 1, y: 18, fg: Reset, bg: Rgb(10, 5, 18), underline: Reset, modifier: NONE,
        x: 111, y: 18, fg: Rgb(60, 70, 100), bg: Rgb(10, 5, 18), underline: Reset, modifier: NONE,
        x: 113, y: 18, fg: Rgb(80, 40, 110), bg: Rgb(10, 5, 18), underline: Reset, modifier: NONE,
        x: 114, y: 18, fg: Rgb(60, 70, 100), bg: Rgb(10, 5, 18), underline: Reset, modifier: NONE,
        x: 115, y: 18, fg: Rgb(80, 40, 110), bg: Rgb(10, 5, 18), underline: Reset, modifier: NONE,
        x: 116, y: 18, fg: Rgb(160, 80, 220), bg: Rgb(10, 5, 18), underline: Reset, modifier: NONE,
        x: 118, y: 18, fg: Rgb(60, 70, 100), bg: Rgb(10, 5, 18), underline: Reset, modifier: NONE,
        x: 120, y: 18, fg: Reset, bg: Rgb(10, 5, 18), underline: Reset, modifier: NONE,
        x: 159, y: 18, fg: Rgb(180, 120, 220), bg: Reset, underline: Reset, modifier: NONE,
        x: 1, y: 19, fg: Reset, bg: Rgb(10, 5, 18), underline: Reset, modifier: NONE,
        x: 101, y: 19, fg: Rgb(60, 70, 100), bg: Rgb(10, 5, 18), underline: Reset, modifier: NONE,
        x: 111, y: 19, fg: Reset, bg: Rgb(10, 5, 18), underline: Reset, modifier: NONE,
        x: 159, y: 19, fg: Rgb(180, 120, 220), bg: Reset, underline: Reset, modifier: NONE,
        x: 1, y: 20, fg: Reset, bg: Rgb(10, 5, 18), underline: Reset, modifier: NONE,
        x: 92, y: 20, fg: Rgb(60, 70, 100), bg: Rgb(10, 5, 18), underline: Reset, modifier: NONE,
        x: 97, y: 20, fg: Rgb(80, 40, 110), bg: Rgb(10, 5, 18), underline: Reset, modifier: NONE,
        x: 98, y: 20, fg: Rgb(60, 70, 100), bg: Rgb(10, 5, 18), underline: Reset, modifier: NONE,
        x: 99, y: 20, fg: Rgb(80, 40, 110), bg: Rgb(10, 5, 18), underline: Reset, modifier: NONE,
        x: 100, y: 20, fg: Rgb(160, 80, 220), bg: Rgb(10, 5, 18), underline: Reset, modifier: NONE,
        x: 102, y: 20, fg: Reset, bg: Rgb(10, 5, 18), underline: Reset, modifier: NONE,
        x: 159, y: 20, fg: Rgb(180, 120, 220), bg: Reset, underline: Reset, modifier: NONE,
        x: 1, y: 21, fg: Reset, bg: Rgb(10, 5, 18), underline: Reset, modifier: NONE,
        x: 83, y: 21, fg: Rgb(60, 70, 100), bg: Rgb(10, 5, 18), underline: Reset, modifier: NONE,
        x: 85, y: 21, fg: Rgb(160, 80, 220), bg: Rgb(10, 5, 18), underline: Reset, modifier: NONE,
        x: 86, y: 21, fg: Rgb(60, 70, 100), bg: Rgb(10, 5, 18), underline: Reset, modifier: NONE,
        x: 93, y: 21, fg: Reset, bg: Rgb(10, 5, 18), underline: Reset, modifier: NONE,
        x: 159, y: 21, fg: Rgb(180, 120, 220), bg: Reset, underline: Reset, modifier: NONE,
        x: 1, y: 22, fg: Reset, bg: Rgb(10, 5, 18), underline: Reset, modifier: NONE,
        x: 74, y: 22, fg: Rgb(60, 70, 100), bg: Rgb(10, 5, 18), underline: Reset, modifier: NONE,
        x: 82, y: 22, fg: Rgb(80, 40, 110), bg: Rgb(10, 5, 18), underline: Reset, modifier: NONE,
        x: 84, y: 22, fg: Reset, bg: Rgb(10, 5, 18), underline: Reset, modifier: NONE,
        x: 159, y: 22, fg: Rgb(180, 120, 220), bg: Reset, underline: Reset, modifier: NONE,
        x: 1, y: 23, fg: Reset, bg: Rgb(10, 5, 18), underline: Reset, modifier: NONE,
        x: 65, y: 23, fg: Rgb(60, 70, 100), bg: Rgb(10, 5, 18), underline: Reset, modifier: NONE,
        x: 66, y: 23, fg: Rgb(80, 40, 110), bg: Rgb(10, 5, 18), underline: Reset, modifier: NONE,
        x: 68, y: 23, fg: Rgb(60, 70, 100), bg: Rgb(10, 5, 18), underline: Reset, modifier: NONE,
        x: 69, y: 23, fg: Rgb(160, 80, 220), bg: Rgb(10, 5, 18), underline: Reset, modifier: NONE,
        x: 70, y: 23, fg: Rgb(60, 70, 100), bg: Rgb(10, 5, 18), underline: Reset, modifier: NONE,
        x: 74, y: 23, fg: Reset, bg: Rgb(10, 5, 18), underline: Reset, modifier: NONE,
        x: 159, y: 23, fg: Rgb(180, 120, 220), bg: Reset, underline: Reset, modifier: NONE,
        x: 1, y: 24, fg: Reset, bg: Rgb(10, 5, 18), underline: Reset, modifier: NONE,
        x: 56, y: 24, fg: Rgb(60, 70, 100), bg: Rgb(10, 5, 18), underline: Reset, modifier: NONE,
        x: 65, y: 24, fg: Reset, bg: Rgb(10, 5, 18), underline: Reset, modifier: NONE,
        x: 159, y: 24, fg: Rgb(180, 120, 220), bg: Reset, underline: Reset, modifier: NONE,
        x: 1, y: 25, fg: Reset, bg: Rgb(10, 5, 18), underline: Reset, modifier: NONE,
        x: 46, y: 25, fg: Rgb(60, 70, 100), bg: Rgb(10, 5, 18), underline: Reset, modifier: NONE,
        x: 50, y: 25, fg: Rgb(80, 40, 110), bg: Rgb(10, 5, 18), underline: Reset, modifier: NONE,
        x: 51, y: 25, fg: Rgb(60, 70, 100), bg: Rgb(10, 5, 18), underline: Reset, modifier: NONE,
        x: 52, y: 25, fg: Rgb(80, 40, 110), bg: Rgb(10, 5, 18), underline: Reset, modifier: NONE,
        x: 53, y: 25, fg: Rgb(160, 80, 220), bg: Rgb(10, 5, 18), underline: Reset, modifier: NONE,
        x: 55, y: 25, fg: Rgb(60, 70, 100), bg: Rgb(10, 5, 18), underline: Reset, modifier: NONE,
        x: 56, y: 25, fg: Reset, bg: Rgb(10, 5, 18), underline: Reset, modifier: NONE,
        x: 159, y: 25, fg: Rgb(180, 120, 220), bg: Reset, underline: Reset, modifier: NONE,
        x: 1, y: 26, fg: Reset, bg: Rgb(10, 5, 18), underline: Reset, modifier: NONE,
        x: 5, y: 26, fg: Rgb(160, 80, 220), bg: Rgb(10, 5, 18), underline: Reset, modifier: NONE,
        x: 6, y: 26, fg: Reset, bg: Reset, underline: Reset, modifier: NONE,
        x: 7, y: 26, fg: Rgb(160, 80, 220), bg: Rgb(10, 5, 18), underline: Reset, modifier: NONE,
        x: 34, y: 26, fg: Reset, bg: Rgb(10, 5, 18), underline: Reset, modifier: NONE,
        x: 37, y: 26, fg: Rgb(160, 80, 220), bg: Rgb(10, 5, 18), underline: Reset, modifier: NONE,
        x: 39, y: 26, fg: Rgb(60, 70, 100), bg: Rgb(10, 5, 18), underline: Reset, modifier: NONE,
        x: 47, y: 26, fg: Reset, bg: Rgb(10, 5, 18), underline: Reset, modifier: NONE,
        x: 159, y: 26, fg: Rgb(180, 120, 220), bg: Reset, underline: Reset, modifier: NONE,
        x: 1, y: 27, fg: Reset, bg: Rgb(10, 5, 18), underline: Reset, modifier: NONE,
        x: 28, y: 27, fg: Rgb(60, 70, 100), bg: Rgb(10, 5, 18), underline: Reset, modifier: NONE,
        x: 30, y: 27, fg: Rgb(100, 100, 120), bg: Rgb(10, 5, 18), underline: Reset, modifier: NONE,
        x: 34, y: 27, fg: Rgb(80, 40, 110), bg: Rgb(10, 5, 18), underline: Reset, modifier: NONE,
        x: 35, y: 27, fg: Rgb(60, 70, 100), bg: Rgb(10, 5, 18), underline: Reset, modifier: NONE,
        x: 36, y: 27, fg: Rgb(80, 40, 110), bg: Rgb(10, 5, 18), underline: Reset, modifier: NONE,
        x: 37, y: 27, fg: Rgb(60, 70, 100), bg: Rgb(10, 5, 18), underline: Reset, modifier: NONE,
        x: 38, y: 27, fg: Rgb(160, 80, 220), bg: Rgb(10, 5, 18), underline: Reset, modifier: NONE,
        x: 39, y: 27, fg: Reset, bg: Rgb(10, 5, 18), underline: Reset, modifier: NONE,
        x: 159, y: 27, fg: Rgb(180, 120, 220), bg: Reset, underline: Reset, modifier: NONE,
        x: 1, y: 28, fg: Reset, bg: Rgb(10, 5, 18), underline: Reset, modifier: NONE,
        x: 19, y: 28, fg: Rgb(160, 80, 220), bg: Rgb(10, 5, 18), underline: Reset, modifier: NONE,
        x: 21, y: 28, fg: Rgb(60, 70, 100), bg: Rgb(10, 5, 18), underline: Reset, modifier: NONE,
        x: 22, y: 28, fg: Rgb(160, 80, 220), bg: Rgb(10, 5, 18), underline: Reset, modifier: NONE,
        x: 23, y: 28, fg: Rgb(60, 70, 100), bg: Rgb(10, 5, 18), underline: Reset, modifier: NONE,
        x: 29, y: 28, fg: Reset, bg: Rgb(10, 5, 18), underline: Reset, modifier: NONE,
        x: 159, y: 28, fg: Rgb(180, 120, 220), bg: Reset, underline: Reset, modifier: NONE,
        x: 1, y: 29, fg: Reset, bg: Rgb(10, 5, 18), underline: Reset, modifier: NONE,
        x: 19, y: 29, fg: Rgb(160, 80, 220), bg: Rgb(10, 5, 18), underline: Reset, modifier: NONE,
        x: 21, y: 29, fg: Reset, bg: Rgb(10, 5, 18), underline: Reset, modifier: NONE,
        x: 159, y: 29, fg: Rgb(180, 120, 220), bg: Reset, underline: Reset, modifier: NONE,
        x: 1, y: 30, fg: Reset, bg: Rgb(10, 5, 18), underline: Reset, modifier: NONE,
        x: 159, y: 30, fg: Rgb(180, 120, 220), bg: Reset, underline: Reset, modifier: NONE,
        x: 2, y: 32, fg: Rgb(255, 140, 50), bg: Rgb(10, 5, 18), underline: Reset, modifier: NONE,
        x: 4, y: 32, fg: Reset, bg: Reset, underline: Reset, modifier: NONE,
        x: 5, y: 32, fg: Rgb(255, 140, 50), bg: Rgb(10, 5, 18), underline: Reset, modifier: NONE,
        x: 37, y: 32, fg: Reset, bg: Rgb(10, 5, 18), underline: Reset, modifier: NONE,
        x: 158, y: 32, fg: Rgb(180, 120, 220), bg: Reset, underline: Reset, modifier: NONE,
        x: 2, y: 33, fg: Rgb(60, 200, 100), bg: Rgb(30, 20, 40), underline: Reset, modifier: NONE,
        x: 76, y: 33, fg: Rgb(30, 20, 40), bg: Rgb(60, 200, 100), underline: Reset, modifier: NONE,
        x: 77, y: 33, fg: Rgb(60, 200, 100), bg: Rgb(30, 20, 40), underline: Reset, modifier: NONE,
        x: 158, y: 33, fg: Rgb(180, 120, 220), bg: Reset, underline: Reset, modifier: NONE,
        x: 2, y: 34, fg: Reset, bg: Reset, underline: Reset, modifier: NONE,
        x: 158, y: 34, fg: Rgb(180, 120, 220), bg: Reset, underline: Reset, modifier: NONE,
        x: 2, y: 35, fg: Rgb(140, 120, 180), bg: Rgb(10, 5, 18), underline: Reset, modifier: NONE,
        x: 13, y: 35, fg: Reset, bg: Rgb(10, 5, 18), underline: Reset, modifier: NONE,
        x: 72, y: 35, fg: Rgb(180, 150, 220), bg: Rgb(10, 5, 18), underline: Reset, modifier: NONE,
        x: 97, y: 35, fg: Reset, bg: Rgb(10, 5, 18), underline: Reset, modifier: NONE,
        x: 158, y: 35, fg: Rgb(180, 120, 220), bg: Reset, underline: Reset, modifier: NONE,
        x: 2, y: 36, fg: Rgb(120, 100, 160), bg: Rgb(10, 5, 18), underline: Reset, modifier: NONE,
        x: 11, y: 36, fg: Reset, bg: Reset, underline: Reset, modifier: NONE,
        x: 12, y: 36, fg: Rgb(120, 100, 160), bg: Rgb(10, 5, 18), underline: Reset, modifier: NONE,
        x: 25, y: 36, fg: Reset, bg: Rgb(10, 5, 18), underline: Reset, modifier: NONE,
        x: 72, y: 36, fg: Rgb(160, 60, 60), bg: Rgb(10, 5, 18), underline: Reset, modifier: NONE,
        x: 90, y: 36, fg: Reset, bg: Reset, underline: Reset, modifier: NONE,
        x: 91, y: 36, fg: Rgb(160, 60, 60), bg: Rgb(10, 5, 18), underline: Reset, modifier: NONE,
        x: 107, y: 36, fg: Reset, bg: Rgb(10, 5, 18), underline: Reset, modifier: NONE,
        x: 158, y: 36, fg: Rgb(180, 120, 220), bg: Reset, underline: Reset, modifier: NONE,
        x: 2, y: 37, fg: Reset, bg: Rgb(10, 5, 18), underline: Reset, modifier: NONE,
        x: 72, y: 37, fg: Rgb(120, 100, 160), bg: Rgb(10, 5, 18), underline: Reset, modifier: NONE,
        x: 95, y: 37, fg: Reset, bg: Rgb(10, 5, 18), underline: Reset, modifier: NONE,
        x: 158, y: 37, fg: Rgb(180, 120, 220), bg: Reset, underline: Reset, modifier: NONE,
        x: 2, y: 38, fg: Reset, bg: Rgb(10, 5, 18), underline: Reset, modifier: NONE,
        x: 72, y: 38, fg: Rgb(120, 100, 160), bg: Rgb(10, 5, 18), underline: Reset, modifier: NONE,
        x: 95, y: 38, fg: Reset, bg: Rgb(10, 5, 18), underline: Reset, modifier: NONE,
        x: 158, y: 38, fg: Rgb(180, 120, 220), bg: Reset, underline: Reset, modifier: NONE,
        x: 2, y: 39, fg: Reset, bg: Rgb(10, 5, 18), underline: Reset, modifier: NONE,
        x: 72, y: 39, fg: Rgb(120, 100, 160), bg: Rgb(10, 5, 18), underline: Reset, modifier: NONE,
        x: 94, y: 39, fg: Reset, bg: Rgb(10, 5, 18), underline: Reset, modifier: NONE,
        x: 158, y: 39, fg: Rgb(180, 120, 220), bg: Reset, underline: Reset, modifier: NONE,
        x: 2, y: 40, fg: Reset, bg: Rgb(10, 5, 18), underline: Reset, modifier: NONE,
        x: 158, y: 40, fg: Rgb(180, 120, 220), bg: Reset, underline: Reset, modifier: NONE,
        x: 2, y: 41, fg: Reset, bg: Rgb(10, 5, 18), underline: Reset, modifier: NONE,
        x: 72, y: 41, fg: Rgb(160, 60, 60), bg: Rgb(10, 5, 18), underline: Reset, modifier: NONE,
        x: 102, y: 41, fg: Reset, bg: Rgb(10, 5, 18), underline: Reset, modifier: NONE,
        x: 158, y: 41, fg: Rgb(180, 120, 220), bg: Reset, underline: Reset, modifier: NONE,
        x: 2, y: 42, fg: Reset, bg: Rgb(10, 5, 18), underline: Reset, modifier: NONE,
        x: 158, y: 42, fg: Rgb(180, 120, 220), bg: Reset, underline: Reset, modifier: NONE,
        x: 49, y: 44, fg: DarkGray, bg: Reset, underline: Reset, modifier: NONE,
        x: 111, y: 44, fg: Rgb(180, 120, 220), bg: Reset, underline: Reset, modifier: NONE,
    ]
}
