---
source: src/ui/overlay_snapshot_tests.rs
expression: frame
---
Buffer {
    area: Rect { x: 0, y: 0, width: 160, height: 45 },
    content: [
        "                                                                                                                                                                ",
        "                                                                                                                                                                ",
        "                                                                                                                                                                ",
        "                                                                                                                                                                ",
        "                                                                                                                                                                ",
        "                                                                                                                                                                ",
        "                                                                                                                                                                ",
        "                                                                                                                                                                ",
        "                                                                                                                                                                ",
        "                                                                                                                                                                ",
        "                                                 ┌ ⚒ The Soulforge  [Prestige Ranks: 25] ─────────────────────┐                                                 ",
        "                                                 │Ancient runes pulse with forgotten power.                   │                                                 ",
        "                                                 │This forge tempers the soul, not the steel.                 │                                                 ",
        "                                                 │All that you wield will strike truer.                       │                                                 ",
        "                                                 │                                                 ·          │                                                 ",
        "                                                 │· ⚔  Weapon   +7  → +8     30% Success                      │                                                 ",
        "                                                 │  🛡  Armor    +5  → +6     55% Success                      │                                                 ",
        "                                                 │> 🪖 Helmet   +4  → +5     70% Success                      │                                                 ", // hidden by multi-width symbols: [(53, " ")]
        "                                                 │  🧤 Gloves   +3  → +4    100% Success                      │                                                 ", // hidden by multi-width symbols: [(53, " ")]
        "                                                 │  👢 Boots    +3  → +4    100% Success                      │                                                 ", // hidden by multi-width symbols: [(53, " ")]
        "                                                 │  📿 Amulet   +2  → +3    100% Success                      │                                                 ", // hidden by multi-width symbols: [(53, " ")]
        "                                                 │  💍 Ring     +1  → +2    100% Success                      │                                                 ", // hidden by multi-width symbols: [(53, " ")]
        "                                                 │                                                            │                                                 ",
        "                                                 │Bonus: +30.0% Power  Rate: 70%  Cost: 2 Prestige Ranks      │                                                 ",
        "                                                 │On failure: -1 level (+4 → +3)                              │                                                 ",
        "                                                 │Soul Tithe: 4 PR for 100% success                           │                                                 ",
        "                                                 │Attempts: 0 | Successes: 0 | Failures: 0                    │                                                 ",
        "                                                 │[↑↓] Select  [Enter] Enhance  [Esc] Close                   │                                                 ",
        "                                                 │                                        ✦                   │                                                 ",
        "                                                 │                                                            │                                                 ",
        "                                                 │                                                            │                                                 ",
        "                                                 │                                                         ✦  │                                                 ",
        "                                                 │                                                            │                                                 ",
        "                                                 └────────────────────────────────────────────────────────────┘                                                 ",
        "                                                                                                                                                                ",
        "                                                                                                                                                                ",
        "                                                                                                                                                                ",
        "                                                                                                                                                                ",
        "                                                                                                                                                                ",
        "                                                                                                                                                                ",
        "                                                                                                                                                                ",
        "                                                                                                                                                                ",
        "                                                                                                                                                                ",
        "                                                                                                                                                                ",
        "                                                                                                                                                                ",
    ],
    styles: [
        x: 0, y: 0, fg: Reset, bg: Reset, underline: Reset, modifier: NONE,
        x: 49, y: 10, fg: Yellow, bg: Reset, underline: Reset, modifier: NONE,
        x: 111, y: 10, fg: Reset, bg: Reset, underline: Reset, modifier: NONE,
        x: 49, y: 11, fg: Yellow, bg: Reset, underline: Reset, modifier: NONE,
        x: 50, y: 11, fg: Rgb(255, 180, 81), bg: Rgb(14, 8, 5), underline: Reset, modifier: NONE,
        x: 51, y: 11, fg: Rgb(255, 180, 81), bg: Rgb(15, 8, 5), underline: Reset, modifier: NONE,
        x: 62, y: 11, fg: Rgb(255, 180, 81), bg: Rgb(12, 8, 5), underline: Reset, modifier: NONE,
        x: 63, y: 11, fg: Rgb(255, 180, 81), bg: Rgb(15, 8, 5), underline: Reset, modifier: NONE,
        x: 72, y: 11, fg: Rgb(255, 180, 81), bg: Rgb(22, 8, 5), underline: Reset, modifier: NONE,
        x: 73, y: 11, fg: Rgb(255, 180, 81), bg: Rgb(15, 8, 5), underline: Reset, modifier: NONE,
        x: 77, y: 11, fg: Rgb(255, 180, 81), bg: Rgb(19, 8, 5), underline: Reset, modifier: NONE,
        x: 78, y: 11, fg: Rgb(255, 180, 81), bg: Rgb(15, 8, 5), underline: Reset, modifier: NONE,
        x: 82, y: 11, fg: Rgb(255, 180, 81), bg: Rgb(13, 8, 5), underline: Reset, modifier: NONE,
        x: 83, y: 11, fg: Rgb(255, 180, 81), bg: Rgb(15, 8, 5), underline: Reset, modifier: NONE,
        x: 91, y: 11, fg: Reset, bg: Rgb(15, 8, 5), underline: Reset, modifier: NONE,
        x: 92, y: 11, fg: Reset, bg: Rgb(10, 8, 5), underline: Reset, modifier: NONE,
        x: 93, y: 11, fg: Reset, bg: Rgb(11, 8, 5), underline: Reset, modifier: NONE,
        x: 94, y: 11, fg: Reset, bg: Rgb(12, 8, 5), underline: Reset, modifier: NONE,
        x: 95, y: 11, fg: Reset, bg: Rgb(14, 8, 5), underline: Reset, modifier: NONE,
        x: 96, y: 11, fg: Reset, bg: Rgb(15, 8, 5), underline: Reset, modifier: NONE,
        x: 104, y: 11, fg: Reset, bg: Rgb(22, 8, 5), underline: Reset, modifier: NONE,
        x: 105, y: 11, fg: Reset, bg: Rgb(15, 8, 5), underline: Reset, modifier: NONE,
        x: 108, y: 11, fg: Reset, bg: Rgb(20, 8, 5), underline: Reset, modifier: NONE,
        x: 109, y: 11, fg: Reset, bg: Rgb(15, 8, 5), underline: Reset, modifier: NONE,
        x: 110, y: 11, fg: Yellow, bg: Reset, underline: Reset, modifier: NONE,
        x: 111, y: 11, fg: Reset, bg: Reset, underline: Reset, modifier: NONE,
        x: 49, y: 12, fg: Yellow, bg: Reset, underline: Reset, modifier: NONE,
        x: 50, y: 12, fg: Rgb(255, 180, 81), bg: Rgb(20, 10, 5), underline: Reset, modifier: NONE,
        x: 54, y: 12, fg: Rgb(255, 180, 81), bg: Rgb(13, 10, 5), underline: Reset, modifier: NONE,
        x: 56, y: 12, fg: Rgb(255, 180, 81), bg: Rgb(20, 10, 5), underline: Reset, modifier: NONE,
        x: 58, y: 12, fg: Rgb(255, 180, 81), bg: Rgb(14, 10, 5), underline: Reset, modifier: NONE,
        x: 59, y: 12, fg: Rgb(255, 180, 81), bg: Rgb(20, 10, 5), underline: Reset, modifier: NONE,
        x: 60, y: 12, fg: Rgb(255, 180, 81), bg: Rgb(16, 10, 5), underline: Reset, modifier: NONE,
        x: 61, y: 12, fg: Rgb(255, 180, 81), bg: Rgb(20, 10, 5), underline: Reset, modifier: NONE,
        x: 66, y: 12, fg: Rgb(255, 180, 81), bg: Rgb(24, 10, 5), underline: Reset, modifier: NONE,
        x: 67, y: 12, fg: Rgb(255, 180, 81), bg: Rgb(25, 10, 5), underline: Reset, modifier: NONE,
        x: 68, y: 12, fg: Rgb(255, 180, 81), bg: Rgb(20, 10, 5), underline: Reset, modifier: NONE,
        x: 73, y: 12, fg: Rgb(255, 180, 81), bg: Rgb(27, 10, 5), underline: Reset, modifier: NONE,
        x: 74, y: 12, fg: Rgb(255, 180, 81), bg: Rgb(20, 10, 5), underline: Reset, modifier: NONE,
        x: 82, y: 12, fg: Rgb(255, 180, 81), bg: Rgb(16, 10, 5), underline: Reset, modifier: NONE,
        x: 83, y: 12, fg: Rgb(255, 180, 81), bg: Rgb(20, 10, 5), underline: Reset, modifier: NONE,
        x: 93, y: 12, fg: Reset, bg: Rgb(20, 10, 5), underline: Reset, modifier: NONE,
        x: 101, y: 12, fg: Reset, bg: Rgb(27, 10, 5), underline: Reset, modifier: NONE,
        x: 103, y: 12, fg: Reset, bg: Rgb(20, 10, 5), underline: Reset, modifier: NONE,
        x: 110, y: 12, fg: Yellow, bg: Reset, underline: Reset, modifier: NONE,
        x: 111, y: 12, fg: Reset, bg: Reset, underline: Reset, modifier: NONE,
        x: 49, y: 13, fg: Yellow, bg: Reset, underline: Reset, modifier: NONE,
        x: 50, y: 13, fg: Rgb(255, 180, 81), bg: Rgb(25, 11, 6), underline: Reset, modifier: NONE,
        x: 53, y: 13, fg: Rgb(255, 180, 81), bg: Rgb(18, 11, 6), underline: Reset, modifier: NONE,
        x: 54, y: 13, fg: Rgb(255, 180, 81), bg: Rgb(25, 11, 6), underline: Reset, modifier: NONE,
        x: 60, y: 13, fg: Rgb(255, 180, 81), bg: Rgb(23, 11, 6), underline: Reset, modifier: NONE,
        x: 61, y: 13, fg: Rgb(255, 180, 81), bg: Rgb(25, 11, 6), underline: Reset, modifier: NONE,
        x: 70, y: 13, fg: Rgb(255, 180, 81), bg: Rgb(32, 11, 6), underline: Reset, modifier: NONE,
        x: 71, y: 13, fg: Rgb(255, 180, 81), bg: Rgb(25, 11, 6), underline: Reset, modifier: NONE,
        x: 73, y: 13, fg: Rgb(255, 180, 81), bg: Rgb(31, 11, 6), underline: Reset, modifier: NONE,
        x: 74, y: 13, fg: Rgb(255, 180, 81), bg: Rgb(25, 11, 6), underline: Reset, modifier: NONE,
        x: 80, y: 13, fg: Rgb(255, 180, 81), bg: Rgb(21, 11, 6), underline: Reset, modifier: NONE,
        x: 81, y: 13, fg: Rgb(255, 180, 81), bg: Rgb(25, 11, 6), underline: Reset, modifier: NONE,
        x: 84, y: 13, fg: Rgb(255, 180, 81), bg: Rgb(18, 11, 6), underline: Reset, modifier: NONE,
        x: 85, y: 13, fg: Rgb(255, 180, 81), bg: Rgb(25, 11, 6), underline: Reset, modifier: NONE,
        x: 87, y: 13, fg: Reset, bg: Rgb(25, 11, 6), underline: Reset, modifier: NONE,
        x: 96, y: 13, fg: Reset, bg: Rgb(29, 11, 6), underline: Reset, modifier: NONE,
        x: 97, y: 13, fg: Reset, bg: Rgb(25, 11, 6), underline: Reset, modifier: NONE,
        x: 100, y: 13, fg: Reset, bg: Rgb(32, 11, 6), underline: Reset, modifier: NONE,
        x: 101, y: 13, fg: Reset, bg: Rgb(25, 11, 6), underline: Reset, modifier: NONE,
        x: 105, y: 13, fg: Reset, bg: Rgb(30, 11, 6), underline: Reset, modifier: NONE,
        x: 106, y: 13, fg: Reset, bg: Rgb(25, 11, 6), underline: Reset, modifier: NONE,
        x: 108, y: 13, fg: Reset, bg: Rgb(26, 11, 6), underline: Reset, modifier: NONE,
        x: 109, y: 13, fg: Reset, bg: Rgb(25, 11, 6), underline: Reset, modifier: NONE,
        x: 110, y: 13, fg: Yellow, bg: Reset, underline: Reset, modifier: NONE,
        x: 111, y: 13, fg: Reset, bg: Reset, underline: Reset, modifier: NONE,
        x: 49, y: 14, fg: Yellow, bg: Reset, underline: Reset, modifier: NONE,
        x: 50, y: 14, fg: Reset, bg: Rgb(30, 13, 6), underline: Reset, modifier: NONE,
        x: 51, y: 14, fg: Reset, bg: Rgb(23, 13, 6), underline: Reset, modifier: NONE,
        x: 52, y: 14, fg: Reset, bg: Rgb(30, 13, 6), underline: Reset, modifier: NONE,
        x: 64, y: 14, fg: Reset, bg: Rgb(35, 13, 6), underline: Reset, modifier: NONE,
        x: 65, y: 14, fg: Reset, bg: Rgb(30, 13, 6), underline: Reset, modifier: NONE,
        x: 73, y: 14, fg: Reset, bg: Rgb(34, 13, 6), underline: Reset, modifier: NONE,
        x: 74, y: 14, fg: Reset, bg: Rgb(32, 13, 6), underline: Reset, modifier: NONE,
        x: 75, y: 14, fg: Reset, bg: Rgb(31, 13, 6), underline: Reset, modifier: NONE,
        x: 76, y: 14, fg: Reset, bg: Rgb(30, 13, 6), underline: Reset, modifier: NONE,
        x: 89, y: 14, fg: Reset, bg: Rgb(27, 13, 6), underline: Reset, modifier: NONE,
        x: 90, y: 14, fg: Reset, bg: Rgb(30, 13, 6), underline: Reset, modifier: NONE,
        x: 99, y: 14, fg: Rgb(118, 51, 13), bg: Rgb(30, 13, 6), underline: Reset, modifier: NONE,
        x: 100, y: 14, fg: Reset, bg: Rgb(37, 13, 6), underline: Reset, modifier: NONE,
        x: 101, y: 14, fg: Reset, bg: Rgb(30, 13, 6), underline: Reset, modifier: NONE,
        x: 110, y: 14, fg: Yellow, bg: Reset, underline: Reset, modifier: NONE,
        x: 111, y: 14, fg: Reset, bg: Reset, underline: Reset, modifier: NONE,
        x: 49, y: 15, fg: Yellow, bg: Reset, underline: Reset, modifier: NONE,
        x: 50, y: 15, fg: Rgb(123, 54, 14), bg: Rgb(35, 14, 7), underline: Reset, modifier: NONE,
        x: 51, y: 15, fg: Reset, bg: Rgb(35, 14, 7), underline: Reset, modifier: NONE,
        x: 55, y: 15, fg: White, bg: Rgb(35, 14, 7), underline: Reset, modifier: NONE,
        x: 63, y: 15, fg: Reset, bg: Rgb(35, 14, 7), underline: Reset, modifier: NONE,
        x: 64, y: 15, fg: Yellow, bg: Rgb(35, 14, 7), underline: Reset, modifier: NONE,
        x: 67, y: 15, fg: Magenta, bg: Rgb(42, 14, 7), underline: Reset, modifier: NONE,
        x: 68, y: 15, fg: Magenta, bg: Rgb(35, 14, 7), underline: Reset, modifier: NONE,
        x: 70, y: 15, fg: Magenta, bg: Rgb(41, 14, 7), underline: Reset, modifier: NONE,
        x: 71, y: 15, fg: Magenta, bg: Rgb(35, 14, 7), underline: Reset, modifier: NONE,
        x: 73, y: 15, fg: Reset, bg: Rgb(35, 14, 7), underline: Reset, modifier: NONE,
        x: 75, y: 15, fg: Red, bg: Rgb(35, 14, 7), underline: Reset, modifier: NONE,
        x: 88, y: 15, fg: Reset, bg: Rgb(32, 14, 7), underline: Reset, modifier: NONE,
        x: 89, y: 15, fg: Reset, bg: Rgb(35, 14, 7), underline: Reset, modifier: NONE,
        x: 91, y: 15, fg: Reset, bg: Rgb(36, 14, 7), underline: Reset, modifier: NONE,
        x: 92, y: 15, fg: Reset, bg: Rgb(35, 14, 7), underline: Reset, modifier: NONE,
        x: 96, y: 15, fg: Reset, bg: Rgb(42, 14, 7), underline: Reset, modifier: NONE,
        x: 97, y: 15, fg: Reset, bg: Rgb(35, 14, 7), underline: Reset, modifier: NONE,
        x: 103, y: 15, fg: Reset, bg: Rgb(39, 14, 7), underline: Reset, modifier: NONE,
        x: 104, y: 15, fg: Reset, bg: Rgb(35, 14, 7), underline: Reset, modifier: NONE,
        x: 110, y: 15, fg: Yellow, bg: Reset, underline: Reset, modifier: NONE,
        x: 111, y: 15, fg: Reset, bg: Reset, underline: Reset, modifier: NONE,
        x: 49, y: 16, fg: Yellow, bg: Reset, underline: Reset, modifier: NONE,
        x: 50, y: 16, fg: Reset, bg: Rgb(40, 16, 7), underline: Reset, modifier: NONE,
        x: 55, y: 16, fg: White, bg: Rgb(40, 16, 7), underline: Reset, modifier: NONE,
        x: 58, y: 16, fg: White, bg: Rgb(41, 16, 7), underline: Reset, modifier: NONE,
        x: 59, y: 16, fg: White, bg: Rgb(40, 16, 7), underline: Reset, modifier: NONE,
        x: 63, y: 16, fg: Reset, bg: Rgb(40, 16, 7), underline: Reset, modifier: NONE,
        x: 64, y: 16, fg: Yellow, bg: Rgb(40, 16, 7), underline: Reset, modifier: NONE,
        x: 69, y: 16, fg: Yellow, bg: Rgb(45, 16, 7), underline: Reset, modifier: NONE,
        x: 70, y: 16, fg: Yellow, bg: Rgb(40, 16, 7), underline: Reset, modifier: NONE,
        x: 73, y: 16, fg: Reset, bg: Rgb(40, 16, 7), underline: Reset, modifier: NONE,
        x: 75, y: 16, fg: Yellow, bg: Rgb(37, 16, 7), underline: Reset, modifier: NONE,
        x: 76, y: 16, fg: Yellow, bg: Rgb(40, 16, 7), underline: Reset, modifier: NONE,
        x: 86, y: 16, fg: Yellow, bg: Rgb(37, 16, 7), underline: Reset, modifier: NONE,
        x: 87, y: 16, fg: Yellow, bg: Rgb(40, 16, 7), underline: Reset, modifier: NONE,
        x: 88, y: 16, fg: Reset, bg: Rgb(40, 16, 7), underline: Reset, modifier: NONE,
        x: 90, y: 16, fg: Reset, bg: Rgb(42, 16, 7), underline: Reset, modifier: NONE,
        x: 91, y: 16, fg: Reset, bg: Rgb(40, 16, 7), underline: Reset, modifier: NONE,
        x: 95, y: 16, fg: Reset, bg: Rgb(47, 16, 7), underline: Reset, modifier: NONE,
        x: 97, y: 16, fg: Reset, bg: Rgb(40, 16, 7), underline: Reset, modifier: NONE,
        x: 99, y: 16, fg: Reset, bg: Rgb(46, 16, 7), underline: Reset, modifier: NONE,
        x: 100, y: 16, fg: Reset, bg: Rgb(40, 16, 7), underline: Reset, modifier: NONE,
        x: 102, y: 16, fg: Reset, bg: Rgb(43, 16, 7), underline: Reset, modifier: NONE,
        x: 103, y: 16, fg: Reset, bg: Rgb(40, 16, 7), underline: Reset, modifier: NONE,
        x: 107, y: 16, fg: Reset, bg: Rgb(36, 16, 7), underline: Reset, modifier: NONE,
        x: 108, y: 16, fg: Reset, bg: Rgb(40, 16, 7), underline: Reset, modifier: NONE,
        x: 110, y: 16, fg: Yellow, bg: Reset, underline: Reset, modifier: NONE,
        x: 111, y: 16, fg: Reset, bg: Reset, underline: Reset, modifier: NONE,
        x: 49, y: 17, fg: Yellow, bg: Reset, underline: Reset, modifier: NONE,
        x: 50, y: 17, fg: Yellow, bg: Rgb(40, 40, 20), underline: Reset, modifier: NONE,
        x: 52, y: 17, fg: Reset, bg: Rgb(40, 40, 20), underline: Reset, modifier: NONE,
        x: 53, y: 17, fg: Reset, bg: Reset, underline: Reset, modifier: NONE,
        x: 54, y: 17, fg: Reset, bg: Rgb(40, 40, 20), underline: Reset, modifier: NONE,
        x: 55, y: 17, fg: White, bg: Rgb(40, 40, 20), underline: Reset, modifier: NONE,
        x: 63, y: 17, fg: Reset, bg: Rgb(40, 40, 20), underline: Reset, modifier: NONE,
        x: 64, y: 17, fg: White, bg: Rgb(40, 40, 20), underline: Reset, modifier: NONE,
        x: 67, y: 17, fg: Yellow, bg: Rgb(40, 40, 20), underline: Reset, modifier: NONE,
        x: 73, y: 17, fg: Reset, bg: Rgb(40, 40, 20), underline: Reset, modifier: NONE,
        x: 75, y: 17, fg: Yellow, bg: Rgb(40, 40, 20), underline: Reset, modifier: NONE,
        x: 88, y: 17, fg: Reset, bg: Rgb(40, 40, 20), underline: Reset, modifier: NONE,
        x: 110, y: 17, fg: Yellow, bg: Reset, underline: Reset, modifier: NONE,
        x: 111, y: 17, fg: Reset, bg: Reset, underline: Reset, modifier: NONE,
        x: 49, y: 18, fg: Yellow, bg: Reset, underline: Reset, modifier: NONE,
        x: 50, y: 18, fg: Reset, bg: Rgb(50, 19, 8), underline: Reset, modifier: NONE,
        x: 52, y: 18, fg: Reset, bg: Rgb(47, 19, 8), underline: Reset, modifier: NONE,
        x: 53, y: 18, fg: Reset, bg: Reset, underline: Reset, modifier: NONE,
        x: 54, y: 18, fg: Reset, bg: Rgb(50, 19, 8), underline: Reset, modifier: NONE,
        x: 55, y: 18, fg: White, bg: Rgb(50, 19, 8), underline: Reset, modifier: NONE,
        x: 58, y: 18, fg: White, bg: Rgb(55, 19, 8), underline: Reset, modifier: NONE,
        x: 59, y: 18, fg: White, bg: Rgb(50, 19, 8), underline: Reset, modifier: NONE,
        x: 63, y: 18, fg: Reset, bg: Rgb(50, 19, 8), underline: Reset, modifier: NONE,
        x: 64, y: 18, fg: White, bg: Rgb(57, 19, 8), underline: Reset, modifier: NONE,
        x: 65, y: 18, fg: White, bg: Rgb(50, 19, 8), underline: Reset, modifier: NONE,
        x: 73, y: 18, fg: Reset, bg: Rgb(50, 19, 8), underline: Reset, modifier: NONE,
        x: 75, y: 18, fg: Green, bg: Rgb(50, 19, 8), underline: Reset, modifier: NONE,
        x: 77, y: 18, fg: Green, bg: Rgb(43, 19, 8), underline: Reset, modifier: NONE,
        x: 78, y: 18, fg: Green, bg: Rgb(50, 19, 8), underline: Reset, modifier: NONE,
        x: 79, y: 18, fg: Green, bg: Rgb(43, 19, 8), underline: Reset, modifier: NONE,
        x: 80, y: 18, fg: Green, bg: Rgb(50, 19, 8), underline: Reset, modifier: NONE,
        x: 88, y: 18, fg: Reset, bg: Rgb(53, 19, 8), underline: Reset, modifier: NONE,
        x: 89, y: 18, fg: Reset, bg: Rgb(50, 19, 8), underline: Reset, modifier: NONE,
        x: 97, y: 18, fg: Reset, bg: Rgb(55, 19, 8), underline: Reset, modifier: NONE,
        x: 98, y: 18, fg: Reset, bg: Rgb(50, 19, 8), underline: Reset, modifier: NONE,
        x: 109, y: 18, fg: Reset, bg: Rgb(43, 19, 8), underline: Reset, modifier: NONE,
        x: 110, y: 18, fg: Yellow, bg: Reset, underline: Reset, modifier: NONE,
        x: 111, y: 18, fg: Reset, bg: Reset, underline: Reset, modifier: NONE,
        x: 49, y: 19, fg: Yellow, bg: Reset, underline: Reset, modifier: NONE,
        x: 50, y: 19, fg: Reset, bg: Rgb(55, 20, 9), underline: Reset, modifier: NONE,
        x: 53, y: 19, fg: Reset, bg: Reset, underline: Reset, modifier: NONE,
        x: 54, y: 19, fg: Reset, bg: Rgb(55, 20, 9), underline: Reset, modifier: NONE,
        x: 55, y: 19, fg: White, bg: Rgb(55, 20, 9), underline: Reset, modifier: NONE,
        x: 63, y: 19, fg: Reset, bg: Rgb(55, 20, 9), underline: Reset, modifier: NONE,
        x: 64, y: 19, fg: White, bg: Rgb(61, 20, 9), underline: Reset, modifier: NONE,
        x: 65, y: 19, fg: White, bg: Rgb(55, 20, 9), underline: Reset, modifier: NONE,
        x: 66, y: 19, fg: White, bg: Rgb(58, 20, 9), underline: Reset, modifier: NONE,
        x: 67, y: 19, fg: White, bg: Rgb(57, 20, 9), underline: Reset, modifier: NONE,
        x: 68, y: 19, fg: White, bg: Rgb(55, 20, 9), underline: Reset, modifier: NONE,
        x: 71, y: 19, fg: White, bg: Rgb(51, 20, 9), underline: Reset, modifier: NONE,
        x: 72, y: 19, fg: White, bg: Rgb(55, 20, 9), underline: Reset, modifier: NONE,
        x: 73, y: 19, fg: Reset, bg: Rgb(55, 20, 9), underline: Reset, modifier: NONE,
        x: 75, y: 19, fg: Green, bg: Rgb(55, 20, 9), underline: Reset, modifier: NONE,
        x: 77, y: 19, fg: Green, bg: Rgb(48, 20, 9), underline: Reset, modifier: NONE,
        x: 78, y: 19, fg: Green, bg: Rgb(55, 20, 9), underline: Reset, modifier: NONE,
        x: 88, y: 19, fg: Reset, bg: Rgb(55, 20, 9), underline: Reset, modifier: NONE,
        x: 97, y: 19, fg: Reset, bg: Rgb(59, 20, 9), underline: Reset, modifier: NONE,
        x: 98, y: 19, fg: Reset, bg: Rgb(55, 20, 9), underline: Reset, modifier: NONE,
        x: 110, y: 19, fg: Yellow, bg: Reset, underline: Reset, modifier: NONE,
        x: 111, y: 19, fg: Reset, bg: Reset, underline: Reset, modifier: NONE,
        x: 49, y: 20, fg: Yellow, bg: Reset, underline: Reset, modifier: NONE,
        x: 50, y: 20, fg: Reset, bg: Rgb(60, 22, 9), underline: Reset, modifier: NONE,
        x: 53, y: 20, fg: Reset, bg: Reset, underline: Reset, modifier: NONE,
        x: 54, y: 20, fg: Reset, bg: Rgb(60, 22, 9), underline: Reset, modifier: NONE,
        x: 55, y: 20, fg: White, bg: Rgb(60, 22, 9), underline: Reset, modifier: NONE,
        x: 56, y: 20, fg: White, bg: Rgb(66, 22, 9), underline: Reset, modifier: NONE,
        x: 57, y: 20, fg: White, bg: Rgb(60, 22, 9), underline: Reset, modifier: NONE,
        x: 59, y: 20, fg: White, bg: Rgb(67, 22, 9), underline: Reset, modifier: NONE,
        x: 60, y: 20, fg: White, bg: Rgb(60, 22, 9), underline: Reset, modifier: NONE,
        x: 63, y: 20, fg: Reset, bg: Rgb(60, 22, 9), underline: Reset, modifier: NONE,
        x: 64, y: 20, fg: White, bg: Rgb(60, 22, 9), underline: Reset, modifier: NONE,
        x: 73, y: 20, fg: Reset, bg: Rgb(60, 22, 9), underline: Reset, modifier: NONE,
        x: 75, y: 20, fg: Green, bg: Rgb(60, 22, 9), underline: Reset, modifier: NONE,
        x: 78, y: 20, fg: Green, bg: Rgb(54, 22, 9), underline: Reset, modifier: NONE,
        x: 79, y: 20, fg: Green, bg: Rgb(60, 22, 9), underline: Reset, modifier: NONE,
        x: 88, y: 20, fg: Reset, bg: Rgb(60, 22, 9), underline: Reset, modifier: NONE,
        x: 104, y: 20, fg: Reset, bg: Rgb(53, 22, 9), underline: Reset, modifier: NONE,
        x: 105, y: 20, fg: Reset, bg: Rgb(60, 22, 9), underline: Reset, modifier: NONE,
        x: 110, y: 20, fg: Yellow, bg: Reset, underline: Reset, modifier: NONE,
        x: 111, y: 20, fg: Reset, bg: Reset, underline: Reset, modifier: NONE,
        x: 49, y: 21, fg: Yellow, bg: Reset, underline: Reset, modifier: NONE,
        x: 50, y: 21, fg: Reset, bg: Rgb(65, 23, 10), underline: Reset, modifier: NONE,
        x: 53, y: 21, fg: Reset, bg: Reset, underline: Reset, modifier: NONE,
        x: 54, y: 21, fg: Reset, bg: Rgb(65, 23, 10), underline: Reset, modifier: NONE,
        x: 55, y: 21, fg: White, bg: Rgb(65, 23, 10), underline: Reset, modifier: NONE,
        x: 63, y: 21, fg: Reset, bg: Rgb(65, 23, 10), underline: Reset, modifier: NONE,
        x: 64, y: 21, fg: White, bg: Rgb(65, 23, 10), underline: Reset, modifier: NONE,
        x: 72, y: 21, fg: White, bg: Rgb(58, 23, 10), underline: Reset, modifier: NONE,
        x: 73, y: 21, fg: Reset, bg: Rgb(65, 23, 10), underline: Reset, modifier: NONE,
        x: 75, y: 21, fg: Green, bg: Rgb(65, 23, 10), underline: Reset, modifier: NONE,
        x: 79, y: 21, fg: Green, bg: Rgb(62, 23, 10), underline: Reset, modifier: NONE,
        x: 80, y: 21, fg: Green, bg: Rgb(65, 23, 10), underline: Reset, modifier: NONE,
        x: 88, y: 21, fg: Reset, bg: Rgb(72, 23, 10), underline: Reset, modifier: NONE,
        x: 89, y: 21, fg: Reset, bg: Rgb(65, 23, 10), underline: Reset, modifier: NONE,
        x: 98, y: 21, fg: Reset, bg: Rgb(63, 23, 10), underline: Reset, modifier: NONE,
        x: 99, y: 21, fg: Reset, bg: Rgb(62, 23, 10), underline: Reset, modifier: NONE,
        x: 100, y: 21, fg: Reset, bg: Rgb(65, 23, 10), underline: Reset, modifier: NONE,
        x: 107, y: 21, fg: Reset, bg: Rgb(58, 23, 10), underline: Reset, modifier: NONE,
        x: 108, y: 21, fg: Reset, bg: Rgb(59, 23, 10), underline: Reset, modifier: NONE,
        x: 109, y: 21, fg: Reset, bg: Rgb(60, 23, 10), underline: Reset, modifier: NONE,
        x: 110, y: 21, fg: Yellow, bg: Reset, underline: Reset, modifier: NONE,
        x: 111, y: 21, fg: Reset, bg: Reset, underline: Reset, modifier: NONE,
        x: 49, y: 22, fg: Yellow, bg: Reset, underline: Reset, modifier: NONE,
        x: 50, y: 22, fg: Reset, bg: Rgb(70, 25, 10), underline: Reset, modifier: NONE,
        x: 58, y: 22, fg: Reset, bg: Rgb(77, 25, 10), underline: Reset, modifier: NONE,
        x: 59, y: 22, fg: Reset, bg: Rgb(76, 25, 10), underline: Reset, modifier: NONE,
        x: 60, y: 22, fg: Reset, bg: Rgb(70, 25, 10), underline: Reset, modifier: NONE,
        x: 63, y: 22, fg: Reset, bg: Rgb(71, 25, 10), underline: Reset, modifier: NONE,
        x: 64, y: 22, fg: Reset, bg: Rgb(70, 25, 10), underline: Reset, modifier: NONE,
        x: 81, y: 22, fg: Reset, bg: Rgb(72, 25, 10), underline: Reset, modifier: NONE,
        x: 82, y: 22, fg: Reset, bg: Rgb(70, 25, 10), underline: Reset, modifier: NONE,
        x: 86, y: 22, fg: Reset, bg: Rgb(77, 25, 10), underline: Reset, modifier: NONE,
        x: 88, y: 22, fg: Reset, bg: Rgb(70, 25, 10), underline: Reset, modifier: NONE,
        x: 91, y: 22, fg: Reset, bg: Rgb(75, 25, 10), underline: Reset, modifier: NONE,
        x: 92, y: 22, fg: Reset, bg: Rgb(70, 25, 10), underline: Reset, modifier: NONE,
        x: 97, y: 22, fg: Reset, bg: Rgb(68, 25, 10), underline: Reset, modifier: NONE,
        x: 98, y: 22, fg: Reset, bg: Rgb(70, 25, 10), underline: Reset, modifier: NONE,
        x: 104, y: 22, fg: Reset, bg: Rgb(63, 25, 10), underline: Reset, modifier: NONE,
        x: 105, y: 22, fg: Reset, bg: Rgb(70, 25, 10), underline: Reset, modifier: NONE,
        x: 110, y: 22, fg: Yellow, bg: Reset, underline: Reset, modifier: NONE,
        x: 111, y: 22, fg: Reset, bg: Reset, underline: Reset, modifier: NONE,
        x: 49, y: 23, fg: Yellow, bg: Reset, underline: Reset, modifier: NONE,
        x: 50, y: 23, fg: DarkGray, bg: Rgb(75, 26, 11), underline: Reset, modifier: NONE,
        x: 53, y: 23, fg: DarkGray, bg: Rgb(82, 26, 11), underline: Reset, modifier: NONE,
        x: 55, y: 23, fg: DarkGray, bg: Rgb(75, 26, 11), underline: Reset, modifier: NONE,
        x: 57, y: 23, fg: Green, bg: Rgb(75, 26, 11), underline: Reset, modifier: NONE,
        x: 69, y: 23, fg: DarkGray, bg: Rgb(75, 26, 11), underline: Reset, modifier: NONE,
        x: 77, y: 23, fg: Yellow, bg: Rgb(75, 26, 11), underline: Reset, modifier: NONE,
        x: 80, y: 23, fg: DarkGray, bg: Rgb(75, 26, 11), underline: Reset, modifier: NONE,
        x: 84, y: 23, fg: DarkGray, bg: Rgb(82, 26, 11), underline: Reset, modifier: NONE,
        x: 86, y: 23, fg: DarkGray, bg: Rgb(75, 26, 11), underline: Reset, modifier: NONE,
        x: 88, y: 23, fg: Cyan, bg: Rgb(75, 26, 11), underline: Reset, modifier: NONE,
        x: 104, y: 23, fg: Reset, bg: Rgb(68, 26, 11), underline: Reset, modifier: NONE,
        x: 105, y: 23, fg: Reset, bg: Rgb(75, 26, 11), underline: Reset, modifier: NONE,
        x: 107, y: 23, fg: Reset, bg: Rgb(72, 26, 11), underline: Reset, modifier: NONE,
        x: 108, y: 23, fg: Reset, bg: Rgb(73, 26, 11), underline: Reset, modifier: NONE,
        x: 109, y: 23, fg: Reset, bg: Rgb(75, 26, 11), underline: Reset, modifier: NONE,
        x: 110, y: 23, fg: Yellow, bg: Reset, underline: Reset, modifier: NONE,
        x: 111, y: 23, fg: Reset, bg: Reset, underline: Reset, modifier: NONE,
        x: 49, y: 24, fg: Yellow, bg: Reset, underline: Reset, modifier: NONE,
        x: 50, y: 24, fg: DarkGray, bg: Rgb(80, 28, 11), underline: Reset, modifier: NONE,
        x: 62, y: 24, fg: Red, bg: Rgb(80, 28, 11), underline: Reset, modifier: NONE,
        x: 63, y: 24, fg: Red, bg: Rgb(77, 28, 11), underline: Reset, modifier: NONE,
        x: 64, y: 24, fg: Red, bg: Rgb(80, 28, 11), underline: Reset, modifier: NONE,
        x: 72, y: 24, fg: Red, bg: Rgb(74, 28, 11), underline: Reset, modifier: NONE,
        x: 73, y: 24, fg: Red, bg: Rgb(80, 28, 11), underline: Reset, modifier: NONE,
        x: 80, y: 24, fg: Reset, bg: Rgb(80, 28, 11), underline: Reset, modifier: NONE,
        x: 82, y: 24, fg: Reset, bg: Rgb(87, 28, 11), underline: Reset, modifier: NONE,
        x: 83, y: 24, fg: Reset, bg: Rgb(80, 28, 11), underline: Reset, modifier: NONE,
        x: 87, y: 24, fg: Reset, bg: Rgb(86, 28, 11), underline: Reset, modifier: NONE,
        x: 88, y: 24, fg: Reset, bg: Rgb(80, 28, 11), underline: Reset, modifier: NONE,
        x: 102, y: 24, fg: Reset, bg: Rgb(73, 28, 11), underline: Reset, modifier: NONE,
        x: 103, y: 24, fg: Reset, bg: Rgb(80, 28, 11), underline: Reset, modifier: NONE,
        x: 110, y: 24, fg: Yellow, bg: Reset, underline: Reset, modifier: NONE,
        x: 111, y: 24, fg: Reset, bg: Reset, underline: Reset, modifier: NONE,
        x: 49, y: 25, fg: Yellow, bg: Reset, underline: Reset, modifier: NONE,
        x: 50, y: 25, fg: DarkGray, bg: Rgb(85, 29, 12), underline: Reset, modifier: NONE,
        x: 52, y: 25, fg: DarkGray, bg: Rgb(92, 29, 12), underline: Reset, modifier: NONE,
        x: 53, y: 25, fg: DarkGray, bg: Rgb(85, 29, 12), underline: Reset, modifier: NONE,
        x: 62, y: 25, fg: Rgb(100, 200, 255), bg: Rgb(85, 29, 12), underline: Reset, modifier: NONE,
        x: 81, y: 25, fg: Rgb(100, 200, 255), bg: Rgb(92, 29, 12), underline: Reset, modifier: NONE,
        x: 82, y: 25, fg: Rgb(100, 200, 255), bg: Rgb(85, 29, 12), underline: Reset, modifier: NONE,
        x: 83, y: 25, fg: Reset, bg: Rgb(85, 29, 12), underline: Reset, modifier: NONE,
        x: 85, y: 25, fg: Reset, bg: Rgb(92, 29, 12), underline: Reset, modifier: NONE,
        x: 86, y: 25, fg: Reset, bg: Rgb(85, 29, 12), underline: Reset, modifier: NONE,
        x: 88, y: 25, fg: Reset, bg: Rgb(89, 29, 12), underline: Reset, modifier: NONE,
        x: 89, y: 25, fg: Reset, bg: Rgb(85, 29, 12), underline: Reset, modifier: NONE,
        x: 110, y: 25, fg: Yellow, bg: Reset, underline: Reset, modifier: NONE,
        x: 111, y: 25, fg: Reset, bg: Reset, underline: Reset, modifier: NONE,
        x: 49, y: 26, fg: Yellow, bg: Reset, underline: Reset, modifier: NONE,
        x: 50, y: 26, fg: DarkGray, bg: Rgb(90, 31, 12), underline: Reset, modifier: NONE,
        x: 51, y: 26, fg: DarkGray, bg: Rgb(97, 31, 12), underline: Reset, modifier: NONE,
        x: 52, y: 26, fg: DarkGray, bg: Rgb(90, 31, 12), underline: Reset, modifier: NONE,
        x: 60, y: 26, fg: White, bg: Rgb(90, 31, 12), underline: Reset, modifier: NONE,
        x: 61, y: 26, fg: DarkGray, bg: Rgb(90, 31, 12), underline: Reset, modifier: NONE,
        x: 65, y: 26, fg: DarkGray, bg: Rgb(83, 31, 12), underline: Reset, modifier: NONE,
        x: 66, y: 26, fg: DarkGray, bg: Rgb(90, 31, 12), underline: Reset, modifier: NONE,
        x: 72, y: 26, fg: DarkGray, bg: Rgb(88, 31, 12), underline: Reset, modifier: NONE,
        x: 73, y: 26, fg: DarkGray, bg: Rgb(90, 31, 12), underline: Reset, modifier: NONE,
        x: 75, y: 26, fg: Green, bg: Rgb(90, 31, 12), underline: Reset, modifier: NONE,
        x: 76, y: 26, fg: DarkGray, bg: Rgb(90, 31, 12), underline: Reset, modifier: NONE,
        x: 83, y: 26, fg: DarkGray, bg: Rgb(97, 31, 12), underline: Reset, modifier: NONE,
        x: 84, y: 26, fg: DarkGray, bg: Rgb(90, 31, 12), underline: Reset, modifier: NONE,
        x: 89, y: 26, fg: Red, bg: Rgb(90, 31, 12), underline: Reset, modifier: NONE,
        x: 90, y: 26, fg: Reset, bg: Rgb(90, 31, 12), underline: Reset, modifier: NONE,
        x: 92, y: 26, fg: Reset, bg: Rgb(86, 31, 12), underline: Reset, modifier: NONE,
        x: 93, y: 26, fg: Reset, bg: Rgb(90, 31, 12), underline: Reset, modifier: NONE,
        x: 95, y: 26, fg: Reset, bg: Rgb(83, 31, 12), underline: Reset, modifier: NONE,
        x: 96, y: 26, fg: Reset, bg: Rgb(90, 31, 12), underline: Reset, modifier: NONE,
        x: 102, y: 26, fg: Reset, bg: Rgb(86, 31, 12), underline: Reset, modifier: NONE,
        x: 103, y: 26, fg: Reset, bg: Rgb(90, 31, 12), underline: Reset, modifier: NONE,
        x: 110, y: 26, fg: Yellow, bg: Reset, underline: Reset, modifier: NONE,
        x: 111, y: 26, fg: Reset, bg: Reset, underline: Reset, modifier: NONE,
        x: 49, y: 27, fg: Yellow, bg: Reset, underline: Reset, modifier: NONE,
        x: 50, y: 27, fg: DarkGray, bg: Rgb(95, 32, 13), underline: Reset, modifier: NONE,
        x: 55, y: 27, fg: DarkGray, bg: Rgb(97, 32, 13), underline: Reset, modifier: NONE,
        x: 56, y: 27, fg: DarkGray, bg: Rgb(95, 32, 13), underline: Reset, modifier: NONE,
        x: 58, y: 27, fg: DarkGray, bg: Rgb(93, 32, 13), underline: Reset, modifier: NONE,
        x: 59, y: 27, fg: DarkGray, bg: Rgb(95, 32, 13), underline: Reset, modifier: NONE,
        x: 69, y: 27, fg: DarkGray, bg: Rgb(91, 32, 13), underline: Reset, modifier: NONE,
        x: 70, y: 27, fg: DarkGray, bg: Rgb(95, 32, 13), underline: Reset, modifier: NONE,
        x: 85, y: 27, fg: DarkGray, bg: Rgb(99, 32, 13), underline: Reset, modifier: NONE,
        x: 86, y: 27, fg: DarkGray, bg: Rgb(95, 32, 13), underline: Reset, modifier: NONE,
        x: 89, y: 27, fg: DarkGray, bg: Rgb(93, 32, 13), underline: Reset, modifier: NONE,
        x: 90, y: 27, fg: DarkGray, bg: Rgb(95, 32, 13), underline: Reset, modifier: NONE,
        x: 91, y: 27, fg: Reset, bg: Rgb(95, 32, 13), underline: Reset, modifier: NONE,
        x: 101, y: 27, fg: Reset, bg: Rgb(92, 32, 13), underline: Reset, modifier: NONE,
        x: 102, y: 27, fg: Reset, bg: Rgb(95, 32, 13), underline: Reset, modifier: NONE,
        x: 105, y: 27, fg: Reset, bg: Rgb(97, 32, 13), underline: Reset, modifier: NONE,
        x: 106, y: 27, fg: Reset, bg: Rgb(95, 32, 13), underline: Reset, modifier: NONE,
        x: 110, y: 27, fg: Yellow, bg: Reset, underline: Reset, modifier: NONE,
        x: 111, y: 27, fg: Reset, bg: Reset, underline: Reset, modifier: NONE,
        x: 49, y: 28, fg: Yellow, bg: Reset, underline: Reset, modifier: NONE,
        x: 50, y: 28, fg: Reset, bg: Rgb(100, 34, 13), underline: Reset, modifier: NONE,
        x: 56, y: 28, fg: Reset, bg: Rgb(99, 34, 13), underline: Reset, modifier: NONE,
        x: 57, y: 28, fg: Reset, bg: Rgb(100, 34, 13), underline: Reset, modifier: NONE,
        x: 58, y: 28, fg: Reset, bg: Rgb(96, 34, 13), underline: Reset, modifier: NONE,
        x: 59, y: 28, fg: Reset, bg: Rgb(100, 34, 13), underline: Reset, modifier: NONE,
        x: 60, y: 28, fg: Reset, bg: Rgb(94, 34, 13), underline: Reset, modifier: NONE,
        x: 61, y: 28, fg: Reset, bg: Rgb(100, 34, 13), underline: Reset, modifier: NONE,
        x: 63, y: 28, fg: Reset, bg: Rgb(93, 34, 13), underline: Reset, modifier: NONE,
        x: 64, y: 28, fg: Reset, bg: Rgb(100, 34, 13), underline: Reset, modifier: NONE,
        x: 78, y: 28, fg: Reset, bg: Rgb(107, 34, 13), underline: Reset, modifier: NONE,
        x: 79, y: 28, fg: Reset, bg: Rgb(100, 34, 13), underline: Reset, modifier: NONE,
        x: 85, y: 28, fg: Reset, bg: Rgb(101, 34, 13), underline: Reset, modifier: NONE,
        x: 86, y: 28, fg: Reset, bg: Rgb(100, 34, 13), underline: Reset, modifier: NONE,
        x: 90, y: 28, fg: Rgb(225, 136, 34), bg: Rgb(100, 34, 13), underline: Reset, modifier: NONE,
        x: 91, y: 28, fg: Reset, bg: Rgb(94, 34, 13), underline: Reset, modifier: NONE,
        x: 92, y: 28, fg: Reset, bg: Rgb(100, 34, 13), underline: Reset, modifier: NONE,
        x: 101, y: 28, fg: Reset, bg: Rgb(99, 34, 13), underline: Reset, modifier: NONE,
        x: 102, y: 28, fg: Reset, bg: Rgb(100, 34, 13), underline: Reset, modifier: NONE,
        x: 107, y: 28, fg: Reset, bg: Rgb(106, 34, 13), underline: Reset, modifier: NONE,
        x: 108, y: 28, fg: Reset, bg: Rgb(100, 34, 13), underline: Reset, modifier: NONE,
        x: 110, y: 28, fg: Yellow, bg: Reset, underline: Reset, modifier: NONE,
        x: 111, y: 28, fg: Reset, bg: Reset, underline: Reset, modifier: NONE,
        x: 49, y: 29, fg: Yellow, bg: Reset, underline: Reset, modifier: NONE,
        x: 50, y: 29, fg: Reset, bg: Rgb(105, 35, 14), underline: Reset, modifier: NONE,
        x: 51, y: 29, fg: Reset, bg: Rgb(108, 35, 14), underline: Reset, modifier: NONE,
        x: 52, y: 29, fg: Reset, bg: Rgb(107, 35, 14), underline: Reset, modifier: NONE,
        x: 53, y: 29, fg: Reset, bg: Rgb(105, 35, 14), underline: Reset, modifier: NONE,
        x: 58, y: 29, fg: Reset, bg: Rgb(99, 35, 14), underline: Reset, modifier: NONE,
        x: 59, y: 29, fg: Reset, bg: Rgb(98, 35, 14), underline: Reset, modifier: NONE,
        x: 60, y: 29, fg: Reset, bg: Rgb(105, 35, 14), underline: Reset, modifier: NONE,
        x: 62, y: 29, fg: Reset, bg: Rgb(98, 35, 14), underline: Reset, modifier: NONE,
        x: 63, y: 29, fg: Reset, bg: Rgb(105, 35, 14), underline: Reset, modifier: NONE,
        x: 68, y: 29, fg: Reset, bg: Rgb(104, 35, 14), underline: Reset, modifier: NONE,
        x: 69, y: 29, fg: Reset, bg: Rgb(105, 35, 14), underline: Reset, modifier: NONE,
        x: 82, y: 29, fg: Reset, bg: Rgb(109, 35, 14), underline: Reset, modifier: NONE,
        x: 83, y: 29, fg: Reset, bg: Rgb(107, 35, 14), underline: Reset, modifier: NONE,
        x: 84, y: 29, fg: Reset, bg: Rgb(105, 35, 14), underline: Reset, modifier: NONE,
        x: 96, y: 29, fg: Reset, bg: Rgb(99, 35, 14), underline: Reset, modifier: NONE,
        x: 97, y: 29, fg: Reset, bg: Rgb(100, 35, 14), underline: Reset, modifier: NONE,
        x: 98, y: 29, fg: Reset, bg: Rgb(102, 35, 14), underline: Reset, modifier: NONE,
        x: 99, y: 29, fg: Reset, bg: Rgb(105, 35, 14), underline: Reset, modifier: NONE,
        x: 109, y: 29, fg: Reset, bg: Rgb(112, 35, 14), underline: Reset, modifier: NONE,
        x: 110, y: 29, fg: Yellow, bg: Reset, underline: Reset, modifier: NONE,
        x: 111, y: 29, fg: Reset, bg: Reset, underline: Reset, modifier: NONE,
        x: 49, y: 30, fg: Yellow, bg: Reset, underline: Reset, modifier: NONE,
        x: 50, y: 30, fg: Reset, bg: Rgb(110, 37, 14), underline: Reset, modifier: NONE,
        x: 74, y: 30, fg: Reset, bg: Rgb(117, 37, 14), underline: Reset, modifier: NONE,
        x: 76, y: 30, fg: Reset, bg: Rgb(110, 37, 14), underline: Reset, modifier: NONE,
        x: 91, y: 30, fg: Reset, bg: Rgb(103, 37, 14), underline: Reset, modifier: NONE,
        x: 92, y: 30, fg: Reset, bg: Rgb(110, 37, 14), underline: Reset, modifier: NONE,
        x: 104, y: 30, fg: Reset, bg: Rgb(116, 37, 14), underline: Reset, modifier: NONE,
        x: 105, y: 30, fg: Reset, bg: Rgb(110, 37, 14), underline: Reset, modifier: NONE,
        x: 110, y: 30, fg: Yellow, bg: Reset, underline: Reset, modifier: NONE,
        x: 111, y: 30, fg: Reset, bg: Reset, underline: Reset, modifier: NONE,
        x: 49, y: 31, fg: Yellow, bg: Reset, underline: Reset, modifier: NONE,
        x: 50, y: 31, fg: Reset, bg: Rgb(115, 38, 15), underline: Reset, modifier: NONE,
        x: 75, y: 31, fg: Reset, bg: Rgb(122, 38, 15), underline: Reset, modifier: NONE,
        x: 76, y: 31, fg: Reset, bg: Rgb(115, 38, 15), underline: Reset, modifier: NONE,
        x: 79, y: 31, fg: Reset, bg: Rgb(119, 38, 15), underline: Reset, modifier: NONE,
        x: 80, y: 31, fg: Reset, bg: Rgb(115, 38, 15), underline: Reset, modifier: NONE,
        x: 85, y: 31, fg: Reset, bg: Rgb(111, 38, 15), underline: Reset, modifier: NONE,
        x: 86, y: 31, fg: Reset, bg: Rgb(115, 38, 15), underline: Reset, modifier: NONE,
        x: 92, y: 31, fg: Reset, bg: Rgb(108, 38, 15), underline: Reset, modifier: NONE,
        x: 93, y: 31, fg: Reset, bg: Rgb(109, 38, 15), underline: Reset, modifier: NONE,
        x: 94, y: 31, fg: Reset, bg: Rgb(110, 38, 15), underline: Reset, modifier: NONE,
        x: 95, y: 31, fg: Reset, bg: Rgb(115, 38, 15), underline: Reset, modifier: NONE,
        x: 96, y: 31, fg: Reset, bg: Rgb(113, 38, 15), underline: Reset, modifier: NONE,
        x: 97, y: 31, fg: Reset, bg: Rgb(115, 38, 15), underline: Reset, modifier: NONE,
        x: 107, y: 31, fg: Rgb(248, 155, 39), bg: Rgb(115, 38, 15), underline: Reset, modifier: NONE,
        x: 108, y: 31, fg: Reset, bg: Rgb(115, 38, 15), underline: Reset, modifier: NONE,
        x: 110, y: 31, fg: Yellow, bg: Reset, underline: Reset, modifier: NONE,
        x: 111, y: 31, fg: Reset, bg: Reset, underline: Reset, modifier: NONE,
        x: 49, y: 32, fg: Yellow, bg: Reset, underline: Reset, modifier: NONE,
        x: 50, y: 32, fg: Reset, bg: Rgb(120, 40, 15), underline: Reset, modifier: NONE,
        x: 63, y: 32, fg: Reset, bg: Rgb(118, 40, 15), underline: Reset, modifier: NONE,
        x: 64, y: 32, fg: Reset, bg: Rgb(120, 40, 15), underline: Reset, modifier: NONE,
        x: 74, y: 32, fg: Reset, bg: Rgb(127, 40, 15), underline: Reset, modifier: NONE,
        x: 75, y: 32, fg: Reset, bg: Rgb(120, 40, 15), underline: Reset, modifier: NONE,
        x: 85, y: 32, fg: Reset, bg: Rgb(114, 40, 15), underline: Reset, modifier: NONE,
        x: 86, y: 32, fg: Reset, bg: Rgb(120, 40, 15), underline: Reset, modifier: NONE,
        x: 88, y: 32, fg: Reset, bg: Rgb(113, 40, 15), underline: Reset, modifier: NONE,
        x: 89, y: 32, fg: Reset, bg: Rgb(120, 40, 15), underline: Reset, modifier: NONE,
        x: 91, y: 32, fg: Reset, bg: Rgb(114, 40, 15), underline: Reset, modifier: NONE,
        x: 92, y: 32, fg: Reset, bg: Rgb(120, 40, 15), underline: Reset, modifier: NONE,
        x: 110, y: 32, fg: Yellow, bg: Reset, underline: Reset, modifier: NONE,
        x: 111, y: 32, fg: Reset, bg: Reset, underline: Reset, modifier: NONE,
        x: 49, y: 33, fg: Yellow, bg: Reset, underline: Reset, modifier: NONE,
        x: 111, y: 33, fg: Reset, bg: Reset, underline: Reset, modifier: NONE,
    ]
}
