---
source: src/ui/overlay_snapshot_tests.rs
expression: frame
---
Buffer {
    area: Rect { x: 0, y: 0, width: 60, height: 24 },
    content: [
        "┌ ✦ The Keepsake Chart ────────────────────────────────────┐",
        "│                                      ·····     ·····     │",
        "│                                           ··◉·The Last La│",
        "│                                          ··              │",
        "│                                        ··                │",
        "│                                       ◉ The Threshold    │",
        "│                                        ··                │",
        "│                                          ·               │",
        "│                                           ··             │",
        "│                                           ··◉·Drift's End│",
        "│                                      ·····     ·····     │",
        "│                                  ····               ···· │",
        "│                               ◉·The Whale Roads         ·│",
        "│                                  ·····             ····· │",
        "│                                       ····     ····      │",
        "│                                          ···◉·The Crossro│",
        "│                                    ······    ·  ······   │",
        "│                              ······          ·        ···│",
        "│                        ······                 ◌          │",
        "│                     ◉·Saint Elm's Rest        ·          │",
        "│                      ·                       ·           │",
        "│                       ·                      ·           │",
        "│←↑↓→ pan  ·  ✕ roads not taken ·  ◌ what the fog kept  ·  │",
        "└──────────────────────────────────────────────────────────┘",
    ],
    styles: [
        x: 0, y: 0, fg: Rgb(255, 215, 0), bg: Reset, underline: Reset, modifier: NONE,
        x: 1, y: 1, fg: Rgb(45, 52, 74), bg: Reset, underline: Reset, modifier: NONE,
        x: 39, y: 1, fg: Rgb(120, 90, 160), bg: Reset, underline: Reset, modifier: NONE,
        x: 44, y: 1, fg: Rgb(45, 52, 74), bg: Reset, underline: Reset, modifier: NONE,
        x: 49, y: 1, fg: DarkGray, bg: Reset, underline: Reset, modifier: NONE,
        x: 54, y: 1, fg: Rgb(45, 52, 74), bg: Reset, underline: Reset, modifier: NONE,
        x: 59, y: 1, fg: Rgb(255, 215, 0), bg: Reset, underline: Reset, modifier: NONE,
        x: 1, y: 2, fg: Rgb(45, 52, 74), bg: Reset, underline: Reset, modifier: NONE,
        x: 44, y: 2, fg: Rgb(120, 90, 160), bg: Reset, underline: Reset, modifier: NONE,
        x: 46, y: 2, fg: Rgb(150, 120, 200), bg: Reset, underline: Reset, modifier: NONE,
        x: 47, y: 2, fg: DarkGray, bg: Reset, underline: Reset, modifier: NONE,
        x: 48, y: 2, fg: Rgb(120, 90, 160), bg: Reset, underline: Reset, modifier: NONE,
        x: 59, y: 2, fg: Rgb(255, 215, 0), bg: Reset, underline: Reset, modifier: NONE,
        x: 1, y: 3, fg: Rgb(45, 52, 74), bg: Reset, underline: Reset, modifier: NONE,
        x: 43, y: 3, fg: Rgb(120, 90, 160), bg: Reset, underline: Reset, modifier: NONE,
        x: 45, y: 3, fg: Rgb(45, 52, 74), bg: Reset, underline: Reset, modifier: NONE,
        x: 59, y: 3, fg: Rgb(255, 215, 0), bg: Reset, underline: Reset, modifier: NONE,
        x: 1, y: 4, fg: Rgb(45, 52, 74), bg: Reset, underline: Reset, modifier: NONE,
        x: 41, y: 4, fg: Rgb(120, 90, 160), bg: Reset, underline: Reset, modifier: NONE,
        x: 43, y: 4, fg: Rgb(45, 52, 74), bg: Reset, underline: Reset, modifier: NONE,
        x: 59, y: 4, fg: Rgb(255, 215, 0), bg: Reset, underline: Reset, modifier: NONE,
        x: 1, y: 5, fg: Rgb(45, 52, 74), bg: Reset, underline: Reset, modifier: NONE,
        x: 40, y: 5, fg: Rgb(150, 120, 200), bg: Reset, underline: Reset, modifier: NONE,
        x: 41, y: 5, fg: Rgb(45, 52, 74), bg: Reset, underline: Reset, modifier: NONE,
        x: 42, y: 5, fg: Rgb(120, 90, 160), bg: Reset, underline: Reset, modifier: NONE,
        x: 55, y: 5, fg: Rgb(45, 52, 74), bg: Reset, underline: Reset, modifier: NONE,
        x: 59, y: 5, fg: Rgb(255, 215, 0), bg: Reset, underline: Reset, modifier: NONE,
        x: 1, y: 6, fg: Rgb(45, 52, 74), bg: Reset, underline: Reset, modifier: NONE,
        x: 41, y: 6, fg: Rgb(120, 90, 160), bg: Reset, underline: Reset, modifier: NONE,
        x: 43, y: 6, fg: Rgb(45, 52, 74), bg: Reset, underline: Reset, modifier: NONE,
        x: 59, y: 6, fg: Rgb(255, 215, 0), bg: Reset, underline: Reset, modifier: NONE,
        x: 1, y: 7, fg: Rgb(45, 52, 74), bg: Reset, underline: Reset, modifier: NONE,
        x: 43, y: 7, fg: Rgb(120, 90, 160), bg: Reset, underline: Reset, modifier: NONE,
        x: 44, y: 7, fg: Rgb(45, 52, 74), bg: Reset, underline: Reset, modifier: NONE,
        x: 59, y: 7, fg: Rgb(255, 215, 0), bg: Reset, underline: Reset, modifier: NONE,
        x: 1, y: 8, fg: Rgb(45, 52, 74), bg: Reset, underline: Reset, modifier: NONE,
        x: 44, y: 8, fg: Rgb(120, 90, 160), bg: Reset, underline: Reset, modifier: NONE,
        x: 46, y: 8, fg: Rgb(45, 52, 74), bg: Reset, underline: Reset, modifier: NONE,
        x: 59, y: 8, fg: Rgb(255, 215, 0), bg: Reset, underline: Reset, modifier: NONE,
        x: 1, y: 9, fg: Rgb(45, 52, 74), bg: Reset, underline: Reset, modifier: NONE,
        x: 44, y: 9, fg: Rgb(120, 90, 160), bg: Reset, underline: Reset, modifier: NONE,
        x: 46, y: 9, fg: Rgb(150, 120, 200), bg: Reset, underline: Reset, modifier: NONE,
        x: 47, y: 9, fg: Rgb(70, 80, 110), bg: Reset, underline: Reset, modifier: NONE,
        x: 48, y: 9, fg: Rgb(120, 90, 160), bg: Reset, underline: Reset, modifier: NONE,
        x: 59, y: 9, fg: Rgb(255, 215, 0), bg: Reset, underline: Reset, modifier: NONE,
        x: 1, y: 10, fg: Rgb(45, 52, 74), bg: Reset, underline: Reset, modifier: NONE,
        x: 39, y: 10, fg: Rgb(120, 90, 160), bg: Reset, underline: Reset, modifier: NONE,
        x: 44, y: 10, fg: Rgb(45, 52, 74), bg: Reset, underline: Reset, modifier: NONE,
        x: 49, y: 10, fg: Rgb(70, 80, 110), bg: Reset, underline: Reset, modifier: NONE,
        x: 54, y: 10, fg: Rgb(45, 52, 74), bg: Reset, underline: Reset, modifier: NONE,
        x: 59, y: 10, fg: Rgb(255, 215, 0), bg: Reset, underline: Reset, modifier: NONE,
        x: 1, y: 11, fg: Rgb(45, 52, 74), bg: Reset, underline: Reset, modifier: NONE,
        x: 35, y: 11, fg: Rgb(120, 90, 160), bg: Reset, underline: Reset, modifier: NONE,
        x: 39, y: 11, fg: Rgb(45, 52, 74), bg: Reset, underline: Reset, modifier: NONE,
        x: 54, y: 11, fg: Rgb(70, 80, 110), bg: Reset, underline: Reset, modifier: NONE,
        x: 58, y: 11, fg: Rgb(45, 52, 74), bg: Reset, underline: Reset, modifier: NONE,
        x: 59, y: 11, fg: Rgb(255, 215, 0), bg: Reset, underline: Reset, modifier: NONE,
        x: 1, y: 12, fg: Rgb(45, 52, 74), bg: Reset, underline: Reset, modifier: NONE,
        x: 32, y: 12, fg: Rgb(150, 120, 200), bg: Reset, underline: Reset, modifier: NONE,
        x: 33, y: 12, fg: Rgb(120, 90, 160), bg: Reset, underline: Reset, modifier: NONE,
        x: 49, y: 12, fg: Rgb(45, 52, 74), bg: Reset, underline: Reset, modifier: NONE,
        x: 58, y: 12, fg: Rgb(70, 80, 110), bg: Reset, underline: Reset, modifier: NONE,
        x: 59, y: 12, fg: Rgb(255, 215, 0), bg: Reset, underline: Reset, modifier: NONE,
        x: 1, y: 13, fg: Rgb(45, 52, 74), bg: Reset, underline: Reset, modifier: NONE,
        x: 35, y: 13, fg: Rgb(120, 90, 160), bg: Reset, underline: Reset, modifier: NONE,
        x: 40, y: 13, fg: Rgb(45, 52, 74), bg: Reset, underline: Reset, modifier: NONE,
        x: 53, y: 13, fg: DarkGray, bg: Reset, underline: Reset, modifier: NONE,
        x: 58, y: 13, fg: Rgb(45, 52, 74), bg: Reset, underline: Reset, modifier: NONE,
        x: 59, y: 13, fg: Rgb(255, 215, 0), bg: Reset, underline: Reset, modifier: NONE,
        x: 1, y: 14, fg: Rgb(45, 52, 74), bg: Reset, underline: Reset, modifier: NONE,
        x: 40, y: 14, fg: Rgb(120, 90, 160), bg: Reset, underline: Reset, modifier: NONE,
        x: 44, y: 14, fg: Rgb(45, 52, 74), bg: Reset, underline: Reset, modifier: NONE,
        x: 49, y: 14, fg: DarkGray, bg: Reset, underline: Reset, modifier: NONE,
        x: 53, y: 14, fg: Rgb(45, 52, 74), bg: Reset, underline: Reset, modifier: NONE,
        x: 59, y: 14, fg: Rgb(255, 215, 0), bg: Reset, underline: Reset, modifier: NONE,
        x: 1, y: 15, fg: Rgb(45, 52, 74), bg: Reset, underline: Reset, modifier: NONE,
        x: 43, y: 15, fg: Rgb(120, 90, 160), bg: Reset, underline: Reset, modifier: NONE,
        x: 46, y: 15, fg: Rgb(150, 120, 200), bg: Reset, underline: Reset, modifier: NONE,
        x: 47, y: 15, fg: DarkGray, bg: Reset, underline: Reset, modifier: NONE,
        x: 48, y: 15, fg: Rgb(120, 90, 160), bg: Reset, underline: Reset, modifier: NONE,
        x: 59, y: 15, fg: Rgb(255, 215, 0), bg: Reset, underline: Reset, modifier: NONE,
        x: 1, y: 16, fg: Rgb(45, 52, 74), bg: Reset, underline: Reset, modifier: NONE,
        x: 37, y: 16, fg: Rgb(120, 90, 160), bg: Reset, underline: Reset, modifier: NONE,
        x: 43, y: 16, fg: Rgb(45, 52, 74), bg: Reset, underline: Reset, modifier: NONE,
        x: 47, y: 16, fg: Rgb(70, 80, 110), bg: Reset, underline: Reset, modifier: NONE,
        x: 48, y: 16, fg: Rgb(45, 52, 74), bg: Reset, underline: Reset, modifier: NONE,
        x: 50, y: 16, fg: Rgb(70, 80, 110), bg: Reset, underline: Reset, modifier: NONE,
        x: 56, y: 16, fg: Rgb(45, 52, 74), bg: Reset, underline: Reset, modifier: NONE,
        x: 59, y: 16, fg: Rgb(255, 215, 0), bg: Reset, underline: Reset, modifier: NONE,
        x: 1, y: 17, fg: Rgb(45, 52, 74), bg: Reset, underline: Reset, modifier: NONE,
        x: 31, y: 17, fg: Rgb(120, 90, 160), bg: Reset, underline: Reset, modifier: NONE,
        x: 37, y: 17, fg: Rgb(45, 52, 74), bg: Reset, underline: Reset, modifier: NONE,
        x: 47, y: 17, fg: Rgb(70, 80, 110), bg: Reset, underline: Reset, modifier: NONE,
        x: 48, y: 17, fg: Rgb(45, 52, 74), bg: Reset, underline: Reset, modifier: NONE,
        x: 56, y: 17, fg: Rgb(70, 80, 110), bg: Reset, underline: Reset, modifier: NONE,
        x: 59, y: 17, fg: Rgb(255, 215, 0), bg: Reset, underline: Reset, modifier: NONE,
        x: 1, y: 18, fg: Rgb(45, 52, 74), bg: Reset, underline: Reset, modifier: NONE,
        x: 25, y: 18, fg: Rgb(120, 90, 160), bg: Reset, underline: Reset, modifier: NONE,
        x: 31, y: 18, fg: Rgb(45, 52, 74), bg: Reset, underline: Reset, modifier: NONE,
        x: 48, y: 18, fg: Rgb(70, 80, 110), bg: Reset, underline: Reset, modifier: NONE,
        x: 49, y: 18, fg: Rgb(45, 52, 74), bg: Reset, underline: Reset, modifier: NONE,
        x: 59, y: 18, fg: Rgb(255, 215, 0), bg: Reset, underline: Reset, modifier: NONE,
        x: 1, y: 19, fg: Rgb(45, 52, 74), bg: Reset, underline: Reset, modifier: NONE,
        x: 22, y: 19, fg: Rgb(150, 120, 200), bg: Reset, underline: Reset, modifier: NONE,
        x: 23, y: 19, fg: Rgb(120, 90, 160), bg: Reset, underline: Reset, modifier: NONE,
        x: 40, y: 19, fg: Rgb(45, 52, 74), bg: Reset, underline: Reset, modifier: NONE,
        x: 48, y: 19, fg: Rgb(70, 80, 110), bg: Reset, underline: Reset, modifier: NONE,
        x: 49, y: 19, fg: Rgb(45, 52, 74), bg: Reset, underline: Reset, modifier: NONE,
        x: 59, y: 19, fg: Rgb(255, 215, 0), bg: Reset, underline: Reset, modifier: NONE,
        x: 1, y: 20, fg: Rgb(45, 52, 74), bg: Reset, underline: Reset, modifier: NONE,
        x: 23, y: 20, fg: Rgb(120, 90, 160), bg: Reset, underline: Reset, modifier: NONE,
        x: 24, y: 20, fg: Rgb(45, 52, 74), bg: Reset, underline: Reset, modifier: NONE,
        x: 47, y: 20, fg: Rgb(70, 80, 110), bg: Reset, underline: Reset, modifier: NONE,
        x: 48, y: 20, fg: Rgb(45, 52, 74), bg: Reset, underline: Reset, modifier: NONE,
        x: 59, y: 20, fg: Rgb(255, 215, 0), bg: Reset, underline: Reset, modifier: NONE,
        x: 1, y: 21, fg: Rgb(45, 52, 74), bg: Reset, underline: Reset, modifier: NONE,
        x: 24, y: 21, fg: Rgb(120, 90, 160), bg: Reset, underline: Reset, modifier: NONE,
        x: 25, y: 21, fg: Rgb(45, 52, 74), bg: Reset, underline: Reset, modifier: NONE,
        x: 47, y: 21, fg: Rgb(70, 80, 110), bg: Reset, underline: Reset, modifier: NONE,
        x: 48, y: 21, fg: Rgb(45, 52, 74), bg: Reset, underline: Reset, modifier: NONE,
        x: 59, y: 21, fg: Rgb(255, 215, 0), bg: Reset, underline: Reset, modifier: NONE,
        x: 1, y: 22, fg: DarkGray, bg: Reset, underline: Reset, modifier: NONE,
        x: 59, y: 22, fg: Rgb(255, 215, 0), bg: Reset, underline: Reset, modifier: NONE,
    ]
}
