---
source: src/ui/overlay_snapshot_tests.rs
expression: frame
---
Buffer {
    area: Rect { x: 0, y: 0, width: 60, height: 24 },
    content: [
        "┌ ✥ Chart a course ────────────────────────────────────────┐",
        "│▸ Toward The Drowned Choir                                │",
        "│    1–2 days · 14 provisions · singing                    │",
        "│    West over the drowned parishes. Singing carries at    │",
        "│dusk.                                                     │",
        "│    via The Drowned Choir, Graywater Anchorage*           │",
        "│    “A shipwright still works the Graywater yards, past   │",
        "│the drowned steeples.”                                    │",
        "│    Runa: “Singing water west. Whatever's in those        │",
        "│steeples, it likes an audience.”                          │",
        "│                                                          │",
        "│  Toward The Kelp Meadows                                 │",
        "│    1–2 days · 16 provisions · kind                       │",
        "│    East through the kelp. Slow, green, and gentle.       │",
        "│    via The Kelp Meadows, The Tollgate                    │",
        "│    Eir: “Green water, slow miles. The hold barely notices│",
        "│roads like this.”                                         │",
        "│                                                          │",
        "│↑↓ choose  ·  [Enter] commit  ·  [Esc] back               │",
        "│Committing closes the other roads for good.               │",
        "│                                                          │",
        "│                                                          │",
        "│                                                          │",
        "└──────────────────────────────────────────────────────────┘",
    ],
    styles: [
        x: 0, y: 0, fg: Rgb(150, 120, 200), bg: Reset, underline: Reset, modifier: NONE,
        x: 1, y: 1, fg: Rgb(255, 215, 0), bg: Reset, underline: Reset, modifier: BOLD,
        x: 27, y: 1, fg: Reset, bg: Reset, underline: Reset, modifier: NONE,
        x: 59, y: 1, fg: Rgb(150, 120, 200), bg: Reset, underline: Reset, modifier: NONE,
        x: 1, y: 2, fg: Gray, bg: Reset, underline: Reset, modifier: NONE,
        x: 16, y: 2, fg: Green, bg: Reset, underline: Reset, modifier: NONE,
        x: 29, y: 2, fg: Rgb(120, 90, 160), bg: Reset, underline: Reset, modifier: NONE,
        x: 39, y: 2, fg: Reset, bg: Reset, underline: Reset, modifier: NONE,
        x: 59, y: 2, fg: Rgb(150, 120, 200), bg: Reset, underline: Reset, modifier: NONE,
        x: 1, y: 3, fg: Gray, bg: Reset, underline: Reset, modifier: NONE,
        x: 55, y: 3, fg: Reset, bg: Reset, underline: Reset, modifier: NONE,
        x: 59, y: 3, fg: Rgb(150, 120, 200), bg: Reset, underline: Reset, modifier: NONE,
        x: 1, y: 4, fg: Gray, bg: Reset, underline: Reset, modifier: NONE,
        x: 6, y: 4, fg: Reset, bg: Reset, underline: Reset, modifier: NONE,
        x: 59, y: 4, fg: Rgb(150, 120, 200), bg: Reset, underline: Reset, modifier: NONE,
        x: 1, y: 5, fg: Gray, bg: Reset, underline: Reset, modifier: NONE,
        x: 48, y: 5, fg: Reset, bg: Reset, underline: Reset, modifier: NONE,
        x: 59, y: 5, fg: Rgb(150, 120, 200), bg: Reset, underline: Reset, modifier: NONE,
        x: 56, y: 6, fg: Reset, bg: Reset, underline: Reset, modifier: NONE,
        x: 59, y: 6, fg: Rgb(150, 120, 200), bg: Reset, underline: Reset, modifier: NONE,
        x: 23, y: 7, fg: Reset, bg: Reset, underline: Reset, modifier: NONE,
        x: 59, y: 7, fg: Rgb(150, 120, 200), bg: Reset, underline: Reset, modifier: NONE,
        x: 1, y: 8, fg: Rgb(255, 215, 0), bg: Reset, underline: Reset, modifier: NONE,
        x: 11, y: 8, fg: Gray, bg: Reset, underline: Reset, modifier: NONE,
        x: 51, y: 8, fg: Reset, bg: Reset, underline: Reset, modifier: NONE,
        x: 59, y: 8, fg: Rgb(150, 120, 200), bg: Reset, underline: Reset, modifier: NONE,
        x: 1, y: 9, fg: Gray, bg: Reset, underline: Reset, modifier: NONE,
        x: 33, y: 9, fg: Reset, bg: Reset, underline: Reset, modifier: NONE,
        x: 59, y: 9, fg: Rgb(150, 120, 200), bg: Reset, underline: Reset, modifier: NONE,
        x: 1, y: 10, fg: Reset, bg: Reset, underline: Reset, modifier: NONE,
        x: 59, y: 10, fg: Rgb(150, 120, 200), bg: Reset, underline: Reset, modifier: NONE,
        x: 1, y: 11, fg: White, bg: Reset, underline: Reset, modifier: NONE,
        x: 26, y: 11, fg: Reset, bg: Reset, underline: Reset, modifier: NONE,
        x: 59, y: 11, fg: Rgb(150, 120, 200), bg: Reset, underline: Reset, modifier: NONE,
        x: 1, y: 12, fg: Gray, bg: Reset, underline: Reset, modifier: NONE,
        x: 16, y: 12, fg: Green, bg: Reset, underline: Reset, modifier: NONE,
        x: 29, y: 12, fg: Rgb(120, 90, 160), bg: Reset, underline: Reset, modifier: NONE,
        x: 36, y: 12, fg: Reset, bg: Reset, underline: Reset, modifier: NONE,
        x: 59, y: 12, fg: Rgb(150, 120, 200), bg: Reset, underline: Reset, modifier: NONE,
        x: 1, y: 13, fg: Gray, bg: Reset, underline: Reset, modifier: NONE,
        x: 52, y: 13, fg: Reset, bg: Reset, underline: Reset, modifier: NONE,
        x: 59, y: 13, fg: Rgb(150, 120, 200), bg: Reset, underline: Reset, modifier: NONE,
        x: 1, y: 14, fg: Gray, bg: Reset, underline: Reset, modifier: NONE,
        x: 39, y: 14, fg: Reset, bg: Reset, underline: Reset, modifier: NONE,
        x: 59, y: 14, fg: Rgb(150, 120, 200), bg: Reset, underline: Reset, modifier: NONE,
        x: 1, y: 15, fg: Rgb(255, 215, 0), bg: Reset, underline: Reset, modifier: NONE,
        x: 10, y: 15, fg: Gray, bg: Reset, underline: Reset, modifier: NONE,
        x: 59, y: 15, fg: Rgb(150, 120, 200), bg: Reset, underline: Reset, modifier: NONE,
        x: 1, y: 16, fg: Gray, bg: Reset, underline: Reset, modifier: NONE,
        x: 18, y: 16, fg: Reset, bg: Reset, underline: Reset, modifier: NONE,
        x: 59, y: 16, fg: Rgb(150, 120, 200), bg: Reset, underline: Reset, modifier: NONE,
        x: 1, y: 17, fg: Reset, bg: Reset, underline: Reset, modifier: NONE,
        x: 59, y: 17, fg: Rgb(150, 120, 200), bg: Reset, underline: Reset, modifier: NONE,
        x: 1, y: 18, fg: DarkGray, bg: Reset, underline: Reset, modifier: NONE,
        x: 44, y: 18, fg: Reset, bg: Reset, underline: Reset, modifier: NONE,
        x: 59, y: 18, fg: Rgb(150, 120, 200), bg: Reset, underline: Reset, modifier: NONE,
        x: 1, y: 19, fg: DarkGray, bg: Reset, underline: Reset, modifier: NONE,
        x: 44, y: 19, fg: Reset, bg: Reset, underline: Reset, modifier: NONE,
        x: 59, y: 19, fg: Rgb(150, 120, 200), bg: Reset, underline: Reset, modifier: NONE,
        x: 1, y: 20, fg: Reset, bg: Reset, underline: Reset, modifier: NONE,
        x: 59, y: 20, fg: Rgb(150, 120, 200), bg: Reset, underline: Reset, modifier: NONE,
        x: 1, y: 21, fg: Reset, bg: Reset, underline: Reset, modifier: NONE,
        x: 59, y: 21, fg: Rgb(150, 120, 200), bg: Reset, underline: Reset, modifier: NONE,
        x: 1, y: 22, fg: Reset, bg: Reset, underline: Reset, modifier: NONE,
        x: 59, y: 22, fg: Rgb(150, 120, 200), bg: Reset, underline: Reset, modifier: NONE,
    ]
}
